******************************************************************************
                  TI ARM Linker PC v16.9.7                     
******************************************************************************
>> Linked Mon May 14 14:26:18 2018

OUTPUT FILE NAME:   <CPE329-A6.out>
ENTRY POINT SYMBOL: "_c_int00"  address: 00000c41


MEMORY CONFIGURATION

         name            origin    length      used     unused   attr    fill
----------------------  --------  ---------  --------  --------  ----  --------
  MAIN                  00000000   00040000  00000ddc  0003f224  R  X
  INFO                  00200000   00004000  00000000  00004000  R  X
  SRAM_CODE             01000000   00010000  00000287  0000fd79  RW X
  SRAM_DATA             20000000   00010000  00000287  0000fd79  RW  


SEGMENT ALLOCATION MAP

run origin  load origin   length   init length attrs members
----------  ----------- ---------- ----------- ----- -------
00000000    00000000    00000de0   00000de0    r-x
  00000000    00000000    000000e4   000000e4    r-- .intvecs
  000000e4    000000e4    00000ca0   00000ca0    r-x .text
  00000d88    00000d88    00000058   00000058    r-- .cinit
20000000    20000000    00000087   00000000    rw-
  20000000    20000000    00000087   00000000    rw- .data
2000fe00    2000fe00    00000200   00000000    rw-
  2000fe00    2000fe00    00000200   00000000    rw- .stack


SECTION ALLOCATION MAP

 output                                  attributes/
section   page    origin      length       input sections
--------  ----  ----------  ----------   ----------------
.intvecs   0    00000000    000000e4     
                  00000000    000000e4     startup_msp432p401r_ccs.obj (.intvecs:retain)

.binit     0    00000000    00000000     

.text      0    000000e4    00000ca0     
                  000000e4    00000334     system_msp432p401r.obj (.text)
                  00000418    0000024c     gpio.obj (.text)
                  00000664    00000164     delay.obj (.text)
                  000007c8    0000014c     interrupt.obj (.text)
                  00000914    000000a4     main.obj (.text)
                  000009b8    0000009c     rtsv7M4_T_le_v4SPD16_eabi.lib : memcpy_t2.obj (.text)
                  00000a54    0000009c     timer.obj (.text)
                  00000af0    00000078     spi.obj (.text)
                  00000b68    00000070     rtsv7M4_T_le_v4SPD16_eabi.lib : autoinit.obj (.text)
                  00000bd8    00000068                                   : copy_decompress_lzss.obj (.text:decompress:lzss)
                  00000c40    00000054                                   : boot.obj (.text)
                  00000c94    00000054                                   : exit.obj (.text)
                  00000ce8    0000004c                                   : cpy_tbl.obj (.text)
                  00000d34    00000018                                   : args_main.obj (.text)
                  00000d4c    00000014                                   : _lock.obj (.text)
                  00000d60    0000000e                                   : copy_decompress_none.obj (.text:decompress:none)
                  00000d6e    0000000e     startup_msp432p401r_ccs.obj (.text)
                  00000d7c    00000004     rtsv7M4_T_le_v4SPD16_eabi.lib : pre_init.obj (.text)
                  00000d80    00000002                                   : mpu_init.obj (.text)
                  00000d82    00000002                                   : startup.obj (.text)

.cinit     0    00000d88    00000058     
                  00000d88    00000048     (.cinit..data.load) [load image, compression = lzss]
                  00000dd0    00000008     (__TI_handler_table)
                  00000dd8    00000008     (__TI_cinit_table)

.init_array 
*          0    00000000    00000000     UNINITIALIZED

.data      0    20000000    00000087     UNINITIALIZED
                  20000000    0000002c     gpio.obj (.data:GPIO_PORT_TO_BASE)
                  2000002c    0000002c     interrupt.obj (.data:GPIO_PORT_TO_BASE)
                  20000058    00000010     timer.obj (.data:TIMER_NUM_TO_BASE)
                  20000068    0000000c     rtsv7M4_T_le_v4SPD16_eabi.lib : exit.obj (.data:$O1$$)
                  20000074    00000008                                   : _lock.obj (.data:$O1$$)
                  2000007c    00000004                                   : stkdepth_vars.obj (.data)
                  20000080    00000004     system_msp432p401r.obj (.data)
                  20000084    00000003     main.obj (.data)

.stack     0    2000fe00    00000200     UNINITIALIZED
                  2000fe00    00000200     --HOLE--

MODULE SUMMARY

       Module                        code   ro data   rw data
       ------                        ----   -------   -------
    .\
       system_msp432p401r.obj        820    0         8      
       gpio.obj                      588    0         88     
       interrupt.obj                 332    0         88     
       delay.obj                     356    0         0      
       startup_msp432p401r_ccs.obj   14     228       0      
       timer.obj                     156    0         32     
       main.obj                      164    0         6      
       spi.obj                       120    0         0      
    +--+-----------------------------+------+---------+---------+
       Total:                        2550   228       222    
                                                             
    C:\ti\ccsv7\tools\compiler\ti-cgt-arm_16.9.7.LTS\lib\rtsv7M4_T_le_v4SPD16_eabi.lib
       memcpy_t2.obj                 156    0         0      
       autoinit.obj                  112    0         0      
       exit.obj                      84     0         24     
       copy_decompress_lzss.obj      104    0         0      
       boot.obj                      84     0         0      
       cpy_tbl.obj                   76     0         0      
       _lock.obj                     20     0         16     
       args_main.obj                 24     0         0      
       copy_decompress_none.obj      14     0         0      
       stkdepth_vars.obj             0      0         8      
       pre_init.obj                  4      0         0      
       mpu_init.obj                  2      0         0      
       startup.obj                   2      0         0      
    +--+-----------------------------+------+---------+---------+
       Total:                        682    0         48     
                                                             
       Stack:                        0      0         1024   
       Linker Generated:             0      88        0      
    +--+-----------------------------+------+---------+---------+
       Grand Total:                  3232   316       1294   


LINKER GENERATED COPY TABLES

__TI_cinit_table @ 00000dd8 records: 1, size/record: 8, table size: 8
	.data: load addr=00000d88, load size=00000048 bytes, run addr=20000000, run size=00000087 bytes, compression=lzss


LINKER GENERATED HANDLER TABLE

__TI_handler_table @ 00000dd0 records: 2, size/record: 4, table size: 8
	index: 0, handler: __TI_decompress_lzss
	index: 1, handler: __TI_decompress_none


GLOBAL SYMBOLS: SORTED ALPHABETICALLY BY Name 

address   name                           
-------   ----                           
00000d7b  ADC14_IRQHandler               
00000d7b  AES256_IRQHandler              
00000d7b  BusFault_Handler               
00000c95  C$$EXIT                        
00000d7b  COMP_E0_IRQHandler             
00000d7b  COMP_E1_IRQHandler             
00000d7b  CS_IRQHandler                  
00000d7b  DMA_ERR_IRQHandler             
00000d7b  DMA_INT0_IRQHandler            
00000d7b  DMA_INT1_IRQHandler            
00000d7b  DMA_INT2_IRQHandler            
00000d7b  DMA_INT3_IRQHandler            
00000d7b  DebugMon_Handler               
00000d7b  Default_Handler                
00000d7b  EUSCIA0_IRQHandler             
00000d7b  EUSCIA1_IRQHandler             
00000d7b  EUSCIA2_IRQHandler             
00000d7b  EUSCIA3_IRQHandler             
00000d7b  EUSCIB0_IRQHandler             
00000d7b  EUSCIB1_IRQHandler             
00000d7b  EUSCIB2_IRQHandler             
00000d7b  EUSCIB3_IRQHandler             
00000d7b  FLCTL_IRQHandler               
00000d7b  FPU_IRQHandler                 
00000d7b  HardFault_Handler              
00000d7b  MemManage_Handler              
00000d7b  NMI_Handler                    
00000d7b  PCM_IRQHandler                 
00000d7b  PORT1_IRQHandler               
00000d7b  PORT2_IRQHandler               
00000d7b  PORT3_IRQHandler               
00000d7b  PORT4_IRQHandler               
00000d7b  PORT5_IRQHandler               
00000d7b  PORT6_IRQHandler               
00000d7b  PSS_IRQHandler                 
00000d7b  PendSV_Handler                 
00000d7b  RTC_C_IRQHandler               
00000d6f  Reset_Handler                  
UNDEFED   SHT$$INIT_ARRAY$$Base          
UNDEFED   SHT$$INIT_ARRAY$$Limit         
00000d7b  SVC_Handler                    
00000d7b  SysTick_Handler                
20000080  SystemCoreClock                
000000e5  SystemCoreClockUpdate          
0000035d  SystemInit                     
00000d7b  T32_INT1_IRQHandler            
00000d7b  T32_INT2_IRQHandler            
00000d7b  T32_INTC_IRQHandler            
00000967  TA0_0_IRQHandler               
00000967  TA0_0_IRQHandler               
00000d7b  TA0_N_IRQHandler               
00000d7b  TA1_0_IRQHandler               
00000d7b  TA1_N_IRQHandler               
00000d7b  TA2_0_IRQHandler               
00000d7b  TA2_N_IRQHandler               
00000d7b  TA3_0_IRQHandler               
00000d7b  TA3_N_IRQHandler               
00000d7b  UsageFault_Handler             
4000480c  WDTCTL_SYM                     
00000d7b  WDT_A_IRQHandler               
20010000  __STACK_END                    
00000200  __STACK_SIZE                   
00000dd8  __TI_CINIT_Base                
00000de0  __TI_CINIT_Limit               
00000dd0  __TI_Handler_Table_Base        
00000dd8  __TI_Handler_Table_Limit       
00000b69  __TI_auto_init                 
20000068  __TI_cleanup_ptr               
00000bd9  __TI_decompress_lzss           
00000d61  __TI_decompress_none           
2000006c  __TI_dtors_ptr                 
20000070  __TI_enable_exit_profile_output
ffffffff  __TI_pprof_out_hndl            
ffffffff  __TI_prof_data_size            
ffffffff  __TI_prof_data_start           
00000000  __TI_static_base__             
000009b9  __aeabi_memcpy                 
000009b9  __aeabi_memcpy4                
000009b9  __aeabi_memcpy8                
ffffffff  __binit__                      
ffffffff  __c_args__                     
00000d81  __mpu_init                     
2000fe00  __stack                        
00000d35  _args_main                     
00000c41  _c_int00                       
20000074  _lock                          
00000d5b  _nop                           
00000d53  _register_lock                 
00000d4d  _register_unlock               
00000d83  _system_post_cinit             
00000d7d  _system_pre_init               
20000078  _unlock                        
00000c99  abort                          
ffffffff  binit                          
00000ce9  copy_in                        
20000084  dacval                         
00000833  disableExtInt                  
000008d3  disableNVIC                    
00000b33  driveDAC                       
00000807  enableExtInt                   
00000ca1  exit                           
0000043b  gpioClear                      
0000047f  gpioRead                       
00000419  gpioSet                        
0000045d  gpioToggle                     
0000049f  gpio_init                      
00000665  initClock                      
000007c9  initExtInt                     
000008a5  initNVIC                       
00000000  interruptVectors               
00000915  main                           
2000007c  main_func_sp                   
000009b9  memcpy                         
0000087f  readIFG                        
000006e3  set_DCO                        
00000af1  spiInit                        
00000aa3  timerCCR0                      
00000ac1  timerCCR1                      
00000a55  timer_init                     
00000859  writeIFG                       


GLOBAL SYMBOLS: SORTED BY Symbol Address 

address   name                           
-------   ----                           
00000000  __TI_static_base__             
00000000  interruptVectors               
000000e5  SystemCoreClockUpdate          
00000200  __STACK_SIZE                   
0000035d  SystemInit                     
00000419  gpioSet                        
0000043b  gpioClear                      
0000045d  gpioToggle                     
0000047f  gpioRead                       
0000049f  gpio_init                      
00000665  initClock                      
000006e3  set_DCO                        
000007c9  initExtInt                     
00000807  enableExtInt                   
00000833  disableExtInt                  
00000859  writeIFG                       
0000087f  readIFG                        
000008a5  initNVIC                       
000008d3  disableNVIC                    
00000915  main                           
00000967  TA0_0_IRQHandler               
00000967  TA0_0_IRQHandler               
000009b9  __aeabi_memcpy                 
000009b9  __aeabi_memcpy4                
000009b9  __aeabi_memcpy8                
000009b9  memcpy                         
00000a55  timer_init                     
00000aa3  timerCCR0                      
00000ac1  timerCCR1                      
00000af1  spiInit                        
00000b33  driveDAC                       
00000b69  __TI_auto_init                 
00000bd9  __TI_decompress_lzss           
00000c41  _c_int00                       
00000c95  C$$EXIT                        
00000c99  abort                          
00000ca1  exit                           
00000ce9  copy_in                        
00000d35  _args_main                     
00000d4d  _register_unlock               
00000d53  _register_lock                 
00000d5b  _nop                           
00000d61  __TI_decompress_none           
00000d6f  Reset_Handler                  
00000d7b  ADC14_IRQHandler               
00000d7b  AES256_IRQHandler              
00000d7b  BusFault_Handler               
00000d7b  COMP_E0_IRQHandler             
00000d7b  COMP_E1_IRQHandler             
00000d7b  CS_IRQHandler                  
00000d7b  DMA_ERR_IRQHandler             
00000d7b  DMA_INT0_IRQHandler            
00000d7b  DMA_INT1_IRQHandler            
00000d7b  DMA_INT2_IRQHandler            
00000d7b  DMA_INT3_IRQHandler            
00000d7b  DebugMon_Handler               
00000d7b  Default_Handler                
00000d7b  EUSCIA0_IRQHandler             
00000d7b  EUSCIA1_IRQHandler             
00000d7b  EUSCIA2_IRQHandler             
00000d7b  EUSCIA3_IRQHandler             
00000d7b  EUSCIB0_IRQHandler             
00000d7b  EUSCIB1_IRQHandler             
00000d7b  EUSCIB2_IRQHandler             
00000d7b  EUSCIB3_IRQHandler             
00000d7b  FLCTL_IRQHandler               
00000d7b  FPU_IRQHandler                 
00000d7b  HardFault_Handler              
00000d7b  MemManage_Handler              
00000d7b  NMI_Handler                    
00000d7b  PCM_IRQHandler                 
00000d7b  PORT1_IRQHandler               
00000d7b  PORT2_IRQHandler               
00000d7b  PORT3_IRQHandler               
00000d7b  PORT4_IRQHandler               
00000d7b  PORT5_IRQHandler               
00000d7b  PORT6_IRQHandler               
00000d7b  PSS_IRQHandler                 
00000d7b  PendSV_Handler                 
00000d7b  RTC_C_IRQHandler               
00000d7b  SVC_Handler                    
00000d7b  SysTick_Handler                
00000d7b  T32_INT1_IRQHandler            
00000d7b  T32_INT2_IRQHandler            
00000d7b  T32_INTC_IRQHandler            
00000d7b  TA0_N_IRQHandler               
00000d7b  TA1_0_IRQHandler               
00000d7b  TA1_N_IRQHandler               
00000d7b  TA2_0_IRQHandler               
00000d7b  TA2_N_IRQHandler               
00000d7b  TA3_0_IRQHandler               
00000d7b  TA3_N_IRQHandler               
00000d7b  UsageFault_Handler             
00000d7b  WDT_A_IRQHandler               
00000d7d  _system_pre_init               
00000d81  __mpu_init                     
00000d83  _system_post_cinit             
00000dd0  __TI_Handler_Table_Base        
00000dd8  __TI_CINIT_Base                
00000dd8  __TI_Handler_Table_Limit       
00000de0  __TI_CINIT_Limit               
20000068  __TI_cleanup_ptr               
2000006c  __TI_dtors_ptr                 
20000070  __TI_enable_exit_profile_output
20000074  _lock                          
20000078  _unlock                        
2000007c  main_func_sp                   
20000080  SystemCoreClock                
20000084  dacval                         
2000fe00  __stack                        
20010000  __STACK_END                    
4000480c  WDTCTL_SYM                     
ffffffff  __TI_pprof_out_hndl            
ffffffff  __TI_prof_data_size            
ffffffff  __TI_prof_data_start           
ffffffff  __binit__                      
ffffffff  __c_args__                     
ffffffff  binit                          
UNDEFED   SHT$$INIT_ARRAY$$Base          
UNDEFED   SHT$$INIT_ARRAY$$Limit         

[120 symbols]
