******************************************************************************
                  TI ARM Linker PC v16.9.7                     
******************************************************************************
>> Linked Mon May 14 14:26:20 2018

OUTPUT FILE NAME:   <CPE329-A7.out>
ENTRY POINT SYMBOL: "_c_int00"  address: 00000825


MEMORY CONFIGURATION

         name            origin    length      used     unused   attr    fill
----------------------  --------  ---------  --------  --------  ----  --------
  MAIN                  00000000   00040000  0000098e  0003f672  R  X
  INFO                  00200000   00004000  00000000  00004000  R  X
  SRAM_CODE             01000000   00010000  0000021c  0000fde4  RW X
  SRAM_DATA             20000000   00010000  0000021c  0000fde4  RW  


SEGMENT ALLOCATION MAP

run origin  load origin   length   init length attrs members
----------  ----------- ---------- ----------- ----- -------
00000000    00000000    00000990   00000990    r-x
  00000000    00000000    000000e4   000000e4    r-- .intvecs
  000000e4    000000e4    00000882   00000882    r-x .text
  00000968    00000968    00000028   00000028    r-- .cinit
20000000    20000000    0000001c   00000000    rw-
  20000000    20000000    0000001c   00000000    rw- .data
2000fe00    2000fe00    00000200   00000000    rw-
  2000fe00    2000fe00    00000200   00000000    rw- .stack


SECTION ALLOCATION MAP

 output                                  attributes/
section   page    origin      length       input sections
--------  ----  ----------  ----------   ----------------
.intvecs   0    00000000    000000e4     
                  00000000    000000e4     startup_msp432p401r_ccs.obj (.intvecs:retain)

.binit     0    00000000    00000000     

.text      0    000000e4    00000882     
                  000000e4    00000334     system_msp432p401r.obj (.text)
                  00000418    000001b6     rtsv7M4_T_le_v4SPD16_eabi.lib : fd_add_t2.obj (.text)
                  000005ce    00000002                                   : mpu_init.obj (.text)
                  000005d0    000000e0     main.obj (.text)
                  000006b0    0000009c     rtsv7M4_T_le_v4SPD16_eabi.lib : memcpy_t2.obj (.text)
                  0000074c    00000070                                   : autoinit.obj (.text)
                  000007bc    00000068                                   : copy_decompress_lzss.obj (.text:decompress:lzss)
                  00000824    00000054                                   : boot.obj (.text)
                  00000878    00000054                                   : exit.obj (.text)
                  000008cc    0000004c                                   : cpy_tbl.obj (.text)
                  00000918    00000018                                   : args_main.obj (.text)
                  00000930    00000014                                   : _lock.obj (.text)
                  00000944    0000000e                                   : copy_decompress_none.obj (.text:decompress:none)
                  00000952    0000000e     startup_msp432p401r_ccs.obj (.text)
                  00000960    00000004     rtsv7M4_T_le_v4SPD16_eabi.lib : pre_init.obj (.text)
                  00000964    00000002                                   : startup.obj (.text)

.cinit     0    00000968    00000028     
                  00000968    00000015     (.cinit..data.load) [load image, compression = lzss]
                  0000097d    00000003     --HOLE-- [fill = 0]
                  00000980    00000008     (__TI_handler_table)
                  00000988    00000008     (__TI_cinit_table)

.init_array 
*          0    00000000    00000000     UNINITIALIZED

.data      0    20000000    0000001c     UNINITIALIZED
                  20000000    0000000c     rtsv7M4_T_le_v4SPD16_eabi.lib : exit.obj (.data:$O1$$)
                  2000000c    00000008                                   : _lock.obj (.data:$O1$$)
                  20000014    00000004                                   : stkdepth_vars.obj (.data)
                  20000018    00000004     system_msp432p401r.obj (.data)

.stack     0    2000fe00    00000200     UNINITIALIZED
                  2000fe00    00000200     --HOLE--

MODULE SUMMARY

       Module                        code   ro data   rw data
       ------                        ----   -------   -------
    .\
       system_msp432p401r.obj        820    0         8      
       startup_msp432p401r_ccs.obj   14     228       0      
       main.obj                      224    0         0      
    +--+-----------------------------+------+---------+---------+
       Total:                        1058   228       8      
                                                             
    C:\ti\ccsv7\tools\compiler\ti-cgt-arm_16.9.7.LTS\lib\rtsv7M4_T_le_v4SPD16_eabi.lib
       fd_add_t2.obj                 438    0         0      
       memcpy_t2.obj                 156    0         0      
       autoinit.obj                  112    0         0      
       exit.obj                      84     0         24     
       copy_decompress_lzss.obj      104    0         0      
       boot.obj                      84     0         0      
       cpy_tbl.obj                   76     0         0      
       _lock.obj                     20     0         16     
       args_main.obj                 24     0         0      
       copy_decompress_none.obj      14     0         0      
       stkdepth_vars.obj             0      0         8      
       pre_init.obj                  4      0         0      
       mpu_init.obj                  2      0         0      
       startup.obj                   2      0         0      
    +--+-----------------------------+------+---------+---------+
       Total:                        1120   0         48     
                                                             
       Stack:                        0      0         1024   
       Linker Generated:             0      37        0      
    +--+-----------------------------+------+---------+---------+
       Grand Total:                  2178   265       1080   


LINKER GENERATED COPY TABLES

__TI_cinit_table @ 00000988 records: 1, size/record: 8, table size: 8
	.data: load addr=00000968, load size=00000015 bytes, run addr=20000000, run size=0000001c bytes, compression=lzss


LINKER GENERATED HANDLER TABLE

__TI_handler_table @ 00000980 records: 2, size/record: 4, table size: 8
	index: 0, handler: __TI_decompress_lzss
	index: 1, handler: __TI_decompress_none


GLOBAL SYMBOLS: SORTED ALPHABETICALLY BY Name 

address   name                           
-------   ----                           
0000095f  ADC14_IRQHandler               
0000095f  AES256_IRQHandler              
0000095f  BusFault_Handler               
00000879  C$$EXIT                        
0000095f  COMP_E0_IRQHandler             
0000095f  COMP_E1_IRQHandler             
0000095f  CS_IRQHandler                  
0000095f  DMA_ERR_IRQHandler             
0000095f  DMA_INT0_IRQHandler            
0000095f  DMA_INT1_IRQHandler            
0000095f  DMA_INT2_IRQHandler            
0000095f  DMA_INT3_IRQHandler            
0000095f  DebugMon_Handler               
0000095f  Default_Handler                
0000095f  EUSCIA0_IRQHandler             
0000095f  EUSCIA1_IRQHandler             
0000095f  EUSCIA2_IRQHandler             
0000095f  EUSCIA3_IRQHandler             
0000095f  EUSCIB0_IRQHandler             
0000095f  EUSCIB1_IRQHandler             
0000095f  EUSCIB2_IRQHandler             
0000095f  EUSCIB3_IRQHandler             
0000095f  FLCTL_IRQHandler               
0000095f  FPU_IRQHandler                 
0000095f  HardFault_Handler              
0000095f  MemManage_Handler              
0000095f  NMI_Handler                    
0000095f  PCM_IRQHandler                 
0000095f  PORT1_IRQHandler               
0000095f  PORT2_IRQHandler               
0000095f  PORT3_IRQHandler               
0000095f  PORT4_IRQHandler               
0000095f  PORT5_IRQHandler               
0000095f  PORT6_IRQHandler               
0000095f  PSS_IRQHandler                 
0000095f  PendSV_Handler                 
0000095f  RTC_C_IRQHandler               
00000953  Reset_Handler                  
UNDEFED   SHT$$INIT_ARRAY$$Base          
UNDEFED   SHT$$INIT_ARRAY$$Limit         
0000095f  SVC_Handler                    
0000095f  SysTick_Handler                
20000018  SystemCoreClock                
000000e5  SystemCoreClockUpdate          
0000035d  SystemInit                     
0000095f  T32_INT1_IRQHandler            
0000095f  T32_INT2_IRQHandler            
0000095f  T32_INTC_IRQHandler            
0000095f  TA0_0_IRQHandler               
0000095f  TA0_N_IRQHandler               
0000095f  TA1_0_IRQHandler               
0000095f  TA1_N_IRQHandler               
0000095f  TA2_0_IRQHandler               
0000095f  TA2_N_IRQHandler               
0000095f  TA3_0_IRQHandler               
0000095f  TA3_N_IRQHandler               
00000649  TestFunction                   
0000095f  UsageFault_Handler             
4000480c  WDTCTL_SYM                     
0000095f  WDT_A_IRQHandler               
20010000  __STACK_END                    
00000200  __STACK_SIZE                   
00000988  __TI_CINIT_Base                
00000990  __TI_CINIT_Limit               
00000980  __TI_Handler_Table_Base        
00000988  __TI_Handler_Table_Limit       
0000074d  __TI_auto_init                 
20000000  __TI_cleanup_ptr               
000007bd  __TI_decompress_lzss           
00000945  __TI_decompress_none           
20000004  __TI_dtors_ptr                 
20000008  __TI_enable_exit_profile_output
ffffffff  __TI_pprof_out_hndl            
ffffffff  __TI_prof_data_size            
ffffffff  __TI_prof_data_start           
00000000  __TI_static_base__             
00000423  __aeabi_dadd                   
00000419  __aeabi_dsub                   
000006b1  __aeabi_memcpy                 
000006b1  __aeabi_memcpy4                
000006b1  __aeabi_memcpy8                
ffffffff  __binit__                      
ffffffff  __c_args__                     
000005cf  __mpu_init                     
2000fe00  __stack                        
00000919  _args_main                     
00000825  _c_int00                       
2000000c  _lock                          
0000093f  _nop                           
00000937  _register_lock                 
00000931  _register_unlock               
00000965  _system_post_cinit             
00000961  _system_pre_init               
20000010  _unlock                        
0000087d  abort                          
ffffffff  binit                          
000008cd  copy_in                        
00000885  exit                           
00000000  interruptVectors               
000005d1  main                           
20000014  main_func_sp                   
000006b1  memcpy                         


GLOBAL SYMBOLS: SORTED BY Symbol Address 

address   name                           
-------   ----                           
00000000  __TI_static_base__             
00000000  interruptVectors               
000000e5  SystemCoreClockUpdate          
00000200  __STACK_SIZE                   
0000035d  SystemInit                     
00000419  __aeabi_dsub                   
00000423  __aeabi_dadd                   
000005cf  __mpu_init                     
000005d1  main                           
00000649  TestFunction                   
000006b1  __aeabi_memcpy                 
000006b1  __aeabi_memcpy4                
000006b1  __aeabi_memcpy8                
000006b1  memcpy                         
0000074d  __TI_auto_init                 
000007bd  __TI_decompress_lzss           
00000825  _c_int00                       
00000879  C$$EXIT                        
0000087d  abort                          
00000885  exit                           
000008cd  copy_in                        
00000919  _args_main                     
00000931  _register_unlock               
00000937  _register_lock                 
0000093f  _nop                           
00000945  __TI_decompress_none           
00000953  Reset_Handler                  
0000095f  ADC14_IRQHandler               
0000095f  AES256_IRQHandler              
0000095f  BusFault_Handler               
0000095f  COMP_E0_IRQHandler             
0000095f  COMP_E1_IRQHandler             
0000095f  CS_IRQHandler                  
0000095f  DMA_ERR_IRQHandler             
0000095f  DMA_INT0_IRQHandler            
0000095f  DMA_INT1_IRQHandler            
0000095f  DMA_INT2_IRQHandler            
0000095f  DMA_INT3_IRQHandler            
0000095f  DebugMon_Handler               
0000095f  Default_Handler                
0000095f  EUSCIA0_IRQHandler             
0000095f  EUSCIA1_IRQHandler             
0000095f  EUSCIA2_IRQHandler             
0000095f  EUSCIA3_IRQHandler             
0000095f  EUSCIB0_IRQHandler             
0000095f  EUSCIB1_IRQHandler             
0000095f  EUSCIB2_IRQHandler             
0000095f  EUSCIB3_IRQHandler             
0000095f  FLCTL_IRQHandler               
0000095f  FPU_IRQHandler                 
0000095f  HardFault_Handler              
0000095f  MemManage_Handler              
0000095f  NMI_Handler                    
0000095f  PCM_IRQHandler                 
0000095f  PORT1_IRQHandler               
0000095f  PORT2_IRQHandler               
0000095f  PORT3_IRQHandler               
0000095f  PORT4_IRQHandler               
0000095f  PORT5_IRQHandler               
0000095f  PORT6_IRQHandler               
0000095f  PSS_IRQHandler                 
0000095f  PendSV_Handler                 
0000095f  RTC_C_IRQHandler               
0000095f  SVC_Handler                    
0000095f  SysTick_Handler                
0000095f  T32_INT1_IRQHandler            
0000095f  T32_INT2_IRQHandler            
0000095f  T32_INTC_IRQHandler            
0000095f  TA0_0_IRQHandler               
0000095f  TA0_N_IRQHandler               
0000095f  TA1_0_IRQHandler               
0000095f  TA1_N_IRQHandler               
0000095f  TA2_0_IRQHandler               
0000095f  TA2_N_IRQHandler               
0000095f  TA3_0_IRQHandler               
0000095f  TA3_N_IRQHandler               
0000095f  UsageFault_Handler             
0000095f  WDT_A_IRQHandler               
00000961  _system_pre_init               
00000965  _system_post_cinit             
00000980  __TI_Handler_Table_Base        
00000988  __TI_CINIT_Base                
00000988  __TI_Handler_Table_Limit       
00000990  __TI_CINIT_Limit               
20000000  __TI_cleanup_ptr               
20000004  __TI_dtors_ptr                 
20000008  __TI_enable_exit_profile_output
2000000c  _lock                          
20000010  _unlock                        
20000014  main_func_sp                   
20000018  SystemCoreClock                
2000fe00  __stack                        
20010000  __STACK_END                    
4000480c  WDTCTL_SYM                     
ffffffff  __TI_pprof_out_hndl            
ffffffff  __TI_prof_data_size            
ffffffff  __TI_prof_data_start           
ffffffff  __binit__                      
ffffffff  __c_args__                     
ffffffff  binit                          
UNDEFED   SHT$$INIT_ARRAY$$Base          
UNDEFED   SHT$$INIT_ARRAY$$Limit         

[102 symbols]
