******************************************************************************
                  TI ARM Linker Unix v18.1.3                   
******************************************************************************
>> Linked Sat Nov  3 10:09:17 2018

OUTPUT FILE NAME:   <CPE329-A11.out>
ENTRY POINT SYMBOL: "_c_int00_noargs"  address: 00000d81


MEMORY CONFIGURATION

         name            origin    length      used     unused   attr    fill
----------------------  --------  ---------  --------  --------  ----  --------
  MAIN                  00000000   00040000  00000e5e  0003f1a2  R  X
  INFO                  00200000   00004000  00000000  00004000  R  X
  SRAM_CODE             01000000   00010000  0000027a  0000fd86  RW X
  SRAM_DATA             20000000   00010000  0000027a  0000fd86  RW  


SEGMENT ALLOCATION MAP

run origin  load origin   length   init length attrs members
----------  ----------- ---------- ----------- ----- -------
00000000    00000000    00000e60   00000e60    r-x
  00000000    00000000    000000e4   000000e4    r-- .intvecs
  000000e4    000000e4    00000d0a   00000d0a    r-x .text
  00000df0    00000df0    00000070   00000070    r-- .cinit
20000000    20000000    0000007a   00000000    rw-
  20000000    20000000    00000078   00000000    rw- .data
  20000078    20000078    00000002   00000000    rw- .bss
2000fe00    2000fe00    00000200   00000000    rw-
  2000fe00    2000fe00    00000200   00000000    rw- .stack


SECTION ALLOCATION MAP

 output                                  attributes/
section   page    origin      length       input sections
--------  ----  ----------  ----------   ----------------
.intvecs   0    00000000    000000e4     
                  00000000    000000e4     startup_msp432p401r_ccs.obj (.intvecs:retain)

.text      0    000000e4    00000d0a     
                  000000e4    00000334     system_msp432p401r.obj (.text)
                  00000418    0000024c     gpio.obj (.text)
                  00000664    00000184     main.obj (.text)
                  000007e8    00000164     delay.obj (.text)
                  0000094c    0000014c     interrupt.obj (.text)
                  00000a98    00000104     keypad.obj (.text)
                  00000b9c    0000009c     rtsv7M4_T_le_v4SPD16_eabi.lib : memcpy_t2.asm.obj (.text)
                  00000c38    0000009c     timer.obj (.text)
                  00000cd4    00000068     rtsv7M4_T_le_v4SPD16_eabi.lib : copy_decompress_lzss.c.obj (.text:decompress:lzss:__TI_decompress_lzss)
                  00000d3c    00000044                                   : autoinit.c.obj (.text:__TI_auto_init_nobinit_nopinit:__TI_auto_init_nobinit_nopinit)
                  00000d80    00000038                                   : boot_cortex_m.c.obj (.text:_c_int00_noargs:_c_int00_noargs)
                  00000db8    00000012                                   : copy_zero_init.c.obj (.text:decompress:ZI:__TI_zero_init_nomemset:__TI_zero_init_nomemset)
                  00000dca    0000000e                                   : copy_decompress_none.c.obj (.text:decompress:none:__TI_decompress_none)
                  00000dd8    0000000e     startup_msp432p401r_ccs.obj (.text)
                  00000de6    00000004     rtsv7M4_T_le_v4SPD16_eabi.lib : pre_init.c.obj (.text:_system_pre_init)
                  00000dea    00000004                                   : exit.c.obj (.text:abort:abort)

.cinit     0    00000df0    00000070     
                  00000df0    00000049     (.cinit..data.load) [load image, compression = lzss]
                  00000e39    00000003     --HOLE-- [fill = 0]
                  00000e3c    0000000c     (__TI_handler_table)
                  00000e48    00000008     (.cinit..bss.load) [load image, compression = zero_init]
                  00000e50    00000010     (__TI_cinit_table)

.init_array 
*          0    00000000    00000000     UNINITIALIZED

.binit     0    00000000    00000000     

.data      0    20000000    00000078     UNINITIALIZED
                  20000000    0000002c     gpio.obj (.data:GPIO_PORT_TO_BASE)
                  2000002c    0000002c     interrupt.obj (.data:GPIO_PORT_TO_BASE)
                  20000058    00000010     timer.obj (.data:TIMER_NUM_TO_BASE)
                  20000068    0000000c     keypad.obj (.data:chrArray$1)
                  20000074    00000004     system_msp432p401r.obj (.data)

.bss       0    20000078    00000002     UNINITIALIZED
                  20000078    00000001     (.common:flag)
                  20000079    00000001     (.common:key)

.stack     0    2000fe00    00000200     UNINITIALIZED
                  2000fe00    00000004     rtsv7M4_T_le_v4SPD16_eabi.lib : boot_cortex_m.c.obj (.stack)
                  2000fe04    000001fc     --HOLE--

MODULE SUMMARY

       Module                        code   ro data   rw data
       ------                        ----   -------   -------
    ./
       system_msp432p401r.obj        820    0         8      
       gpio.obj                      588    0         88     
       interrupt.obj                 332    0         88     
       main.obj                      388    0         0      
       delay.obj                     356    0         0      
       keypad.obj                    260    0         28     
       startup_msp432p401r_ccs.obj   14     228       0      
       timer.obj                     156    0         32     
    +--+-----------------------------+------+---------+---------+
       Total:                        2914   228       244    
                                                             
    /opt/ti/ccsv8/tools/compiler/ti-cgt-arm_18.1.3.LTS/lib/rtsv7M4_T_le_v4SPD16_eabi.lib
       memcpy_t2.asm.obj             156    0         0      
       copy_decompress_lzss.c.obj    104    0         0      
       autoinit.c.obj                68     0         0      
       boot_cortex_m.c.obj           56     0         0      
       copy_zero_init.c.obj          18     0         0      
       copy_decompress_none.c.obj    14     0         0      
       exit.c.obj                    4      0         0      
       pre_init.c.obj                4      0         0      
    +--+-----------------------------+------+---------+---------+
       Total:                        424    0         0      
                                                             
       Stack:                        0      0         1024   
       Linker Generated:             0      109       0      
    +--+-----------------------------+------+---------+---------+
       Grand Total:                  3338   337       1268   


LINKER GENERATED COPY TABLES

__TI_cinit_table @ 00000e50 records: 2, size/record: 8, table size: 16
	.data: load addr=00000df0, load size=00000049 bytes, run addr=20000000, run size=00000078 bytes, compression=lzss
	.bss: load addr=00000e48, load size=00000008 bytes, run addr=20000078, run size=00000002 bytes, compression=zero_init


LINKER GENERATED HANDLER TABLE

__TI_handler_table @ 00000e3c records: 3, size/record: 4, table size: 12
	index: 0, handler: __TI_decompress_lzss
	index: 1, handler: __TI_decompress_none
	index: 2, handler: __TI_zero_init


GLOBAL SYMBOLS: SORTED ALPHABETICALLY BY Name 

address   name                          
-------   ----                          
00000de5  ADC14_IRQHandler              
00000de5  AES256_IRQHandler             
00000de5  BusFault_Handler              
00000deb  C$$EXIT                       
00000de5  COMP_E0_IRQHandler            
00000de5  COMP_E1_IRQHandler            
00000de5  CS_IRQHandler                 
00000de5  DMA_ERR_IRQHandler            
00000de5  DMA_INT0_IRQHandler           
00000de5  DMA_INT1_IRQHandler           
00000de5  DMA_INT2_IRQHandler           
00000de5  DMA_INT3_IRQHandler           
00000de5  DebugMon_Handler              
00000de5  Default_Handler               
00000de5  EUSCIA0_IRQHandler            
00000de5  EUSCIA1_IRQHandler            
00000de5  EUSCIA2_IRQHandler            
00000de5  EUSCIA3_IRQHandler            
00000de5  EUSCIB0_IRQHandler            
00000de5  EUSCIB1_IRQHandler            
00000de5  EUSCIB2_IRQHandler            
00000de5  EUSCIB3_IRQHandler            
00000de5  FLCTL_IRQHandler              
00000de5  FPU_IRQHandler                
00000de5  HardFault_Handler             
00000de5  MemManage_Handler             
00000de5  NMI_Handler                   
00000de5  PCM_IRQHandler                
00000de5  PORT1_IRQHandler              
00000b69  PORT2_IRQHandler              
00000b69  PORT2_IRQHandler              
00000de5  PORT3_IRQHandler              
00000de5  PORT4_IRQHandler              
00000de5  PORT5_IRQHandler              
00000de5  PORT6_IRQHandler              
00000de5  PSS_IRQHandler                
00000de5  PendSV_Handler                
00000de5  RTC_C_IRQHandler              
00000dd9  Reset_Handler                 
00000de5  SVC_Handler                   
00000de5  SysTick_Handler               
20000074  SystemCoreClock               
000000e5  SystemCoreClockUpdate         
0000035d  SystemInit                    
00000de5  T32_INT1_IRQHandler           
00000de5  T32_INT2_IRQHandler           
00000de5  T32_INTC_IRQHandler           
00000de5  TA0_0_IRQHandler              
00000de5  TA0_N_IRQHandler              
00000de5  TA1_0_IRQHandler              
00000de5  TA1_N_IRQHandler              
00000de5  TA2_0_IRQHandler              
00000de5  TA2_N_IRQHandler              
00000de5  TA3_0_IRQHandler              
00000de5  TA3_N_IRQHandler              
00000de5  UsageFault_Handler            
4000480c  WDTCTL_SYM                    
00000de5  WDT_A_IRQHandler              
20010000  __STACK_END                   
00000200  __STACK_SIZE                  
00000e50  __TI_CINIT_Base               
00000e60  __TI_CINIT_Limit              
00000e3c  __TI_Handler_Table_Base       
00000e48  __TI_Handler_Table_Limit      
00000d3d  __TI_auto_init_nobinit_nopinit
00000cd5  __TI_decompress_lzss          
00000dcb  __TI_decompress_none          
ffffffff  __TI_pprof_out_hndl           
ffffffff  __TI_prof_data_size           
ffffffff  __TI_prof_data_start          
00000000  __TI_static_base__            
00000db9  __TI_zero_init_nomemset       
00000b9d  __aeabi_memcpy                
00000b9d  __aeabi_memcpy4               
00000b9d  __aeabi_memcpy8               
ffffffff  __binit__                     
ffffffff  __c_args__                    
UNDEFED   __mpu_init                    
2000fe00  __stack                       
00000d81  _c_int00_noargs               
UNDEFED   _system_post_cinit            
00000de7  _system_pre_init              
00000deb  abort                         
ffffffff  binit                         
000009b7  disableExtInt                 
00000a57  disableNVIC                   
0000098b  enableExtInt                  
20000078  flag                          
0000043b  gpioClear                     
0000047f  gpioRead                      
00000419  gpioSet                       
0000045d  gpioToggle                    
0000049f  gpio_init                     
000007e9  initClock                     
0000094d  initExtInt                    
00000a99  initKeypad                    
00000a29  initNVIC                      
00000000  interruptVectors              
20000079  key                           
00000665  main                          
00000b9d  memcpy                        
00000a03  readIFG                       
00000af5  scanKeypad                    
00000867  set_DCO                       
00000c87  timerCCR0                     
00000ca5  timerCCR1                     
00000c39  timer_init                    
000009dd  writeIFG                      


GLOBAL SYMBOLS: SORTED BY Symbol Address 

address   name                          
-------   ----                          
00000000  __TI_static_base__            
00000000  interruptVectors              
000000e5  SystemCoreClockUpdate         
00000200  __STACK_SIZE                  
0000035d  SystemInit                    
00000419  gpioSet                       
0000043b  gpioClear                     
0000045d  gpioToggle                    
0000047f  gpioRead                      
0000049f  gpio_init                     
00000665  main                          
000007e9  initClock                     
00000867  set_DCO                       
0000094d  initExtInt                    
0000098b  enableExtInt                  
000009b7  disableExtInt                 
000009dd  writeIFG                      
00000a03  readIFG                       
00000a29  initNVIC                      
00000a57  disableNVIC                   
00000a99  initKeypad                    
00000af5  scanKeypad                    
00000b69  PORT2_IRQHandler              
00000b69  PORT2_IRQHandler              
00000b9d  __aeabi_memcpy                
00000b9d  __aeabi_memcpy4               
00000b9d  __aeabi_memcpy8               
00000b9d  memcpy                        
00000c39  timer_init                    
00000c87  timerCCR0                     
00000ca5  timerCCR1                     
00000cd5  __TI_decompress_lzss          
00000d3d  __TI_auto_init_nobinit_nopinit
00000d81  _c_int00_noargs               
00000db9  __TI_zero_init_nomemset       
00000dcb  __TI_decompress_none          
00000dd9  Reset_Handler                 
00000de5  ADC14_IRQHandler              
00000de5  AES256_IRQHandler             
00000de5  BusFault_Handler              
00000de5  COMP_E0_IRQHandler            
00000de5  COMP_E1_IRQHandler            
00000de5  CS_IRQHandler                 
00000de5  DMA_ERR_IRQHandler            
00000de5  DMA_INT0_IRQHandler           
00000de5  DMA_INT1_IRQHandler           
00000de5  DMA_INT2_IRQHandler           
00000de5  DMA_INT3_IRQHandler           
00000de5  DebugMon_Handler              
00000de5  Default_Handler               
00000de5  EUSCIA0_IRQHandler            
00000de5  EUSCIA1_IRQHandler            
00000de5  EUSCIA2_IRQHandler            
00000de5  EUSCIA3_IRQHandler            
00000de5  EUSCIB0_IRQHandler            
00000de5  EUSCIB1_IRQHandler            
00000de5  EUSCIB2_IRQHandler            
00000de5  EUSCIB3_IRQHandler            
00000de5  FLCTL_IRQHandler              
00000de5  FPU_IRQHandler                
00000de5  HardFault_Handler             
00000de5  MemManage_Handler             
00000de5  NMI_Handler                   
00000de5  PCM_IRQHandler                
00000de5  PORT1_IRQHandler              
00000de5  PORT3_IRQHandler              
00000de5  PORT4_IRQHandler              
00000de5  PORT5_IRQHandler              
00000de5  PORT6_IRQHandler              
00000de5  PSS_IRQHandler                
00000de5  PendSV_Handler                
00000de5  RTC_C_IRQHandler              
00000de5  SVC_Handler                   
00000de5  SysTick_Handler               
00000de5  T32_INT1_IRQHandler           
00000de5  T32_INT2_IRQHandler           
00000de5  T32_INTC_IRQHandler           
00000de5  TA0_0_IRQHandler              
00000de5  TA0_N_IRQHandler              
00000de5  TA1_0_IRQHandler              
00000de5  TA1_N_IRQHandler              
00000de5  TA2_0_IRQHandler              
00000de5  TA2_N_IRQHandler              
00000de5  TA3_0_IRQHandler              
00000de5  TA3_N_IRQHandler              
00000de5  UsageFault_Handler            
00000de5  WDT_A_IRQHandler              
00000de7  _system_pre_init              
00000deb  C$$EXIT                       
00000deb  abort                         
00000e3c  __TI_Handler_Table_Base       
00000e48  __TI_Handler_Table_Limit      
00000e50  __TI_CINIT_Base               
00000e60  __TI_CINIT_Limit              
20000074  SystemCoreClock               
20000078  flag                          
20000079  key                           
2000fe00  __stack                       
20010000  __STACK_END                   
4000480c  WDTCTL_SYM                    
ffffffff  __TI_pprof_out_hndl           
ffffffff  __TI_prof_data_size           
ffffffff  __TI_prof_data_start          
ffffffff  __binit__                     
ffffffff  __c_args__                    
ffffffff  binit                         
UNDEFED   __mpu_init                    
UNDEFED   _system_post_cinit            

[108 symbols]
