******************************************************************************
                  TI ARM Linker PC v16.9.7                     
******************************************************************************
>> Linked Fri May 04 21:24:01 2018

OUTPUT FILE NAME:   <CPE329-A4.out>
ENTRY POINT SYMBOL: "_c_int00"  address: 000028dd


MEMORY CONFIGURATION

         name            origin    length      used     unused   attr    fill
----------------------  --------  ---------  --------  --------  ----  --------
  MAIN                  00000000   00040000  00002dad  0003d253  R  X
  INFO                  00200000   00004000  00000000  00004000  R  X
  SRAM_CODE             01000000   00010000  000002a0  0000fd60  RW X
  SRAM_DATA             20000000   00010000  000002a0  0000fd60  RW  


SEGMENT ALLOCATION MAP

run origin  load origin   length   init length attrs members
----------  ----------- ---------- ----------- ----- -------
00000000    00000000    00002db0   00002db0    r-x
  00000000    00000000    000000e4   000000e4    r-- .intvecs
  000000e4    000000e4    00002b40   00002b40    r-x .text
  00002c24    00002c24    00000101   00000101    r-- .const
  00002d28    00002d28    00000088   00000088    r-- .cinit
20000000    20000000    000000a0   00000000    rw-
  20000000    20000000    0000009e   00000000    rw- .data
  2000009e    2000009e    00000002   00000000    rw- .bss
2000fe00    2000fe00    00000200   00000000    rw-
  2000fe00    2000fe00    00000200   00000000    rw- .stack


SECTION ALLOCATION MAP

 output                                  attributes/
section   page    origin      length       input sections
--------  ----  ----------  ----------   ----------------
.intvecs   0    00000000    000000e4     
                  00000000    000000e4     startup_msp432p401r_ccs.obj (.intvecs:retain)

.binit     0    00000000    00000000     

.text      0    000000e4    00002b40     
                  000000e4    0000113e     rtsv7M4_T_le_v4SPD16_eabi.lib : _printfi.obj (.text)
                  00001222    00000002                                   : mpu_init.obj (.text)
                  00001224    00000334     system_msp432p401r.obj (.text)
                  00001558    000002f4     lcd.obj (.text)
                  0000184c    0000024c     gpio.obj (.text)
                  00001a98    000001f4     rtsv7M4_T_le_v4SPD16_eabi.lib : ull_div_t2.obj (.text)
                  00001c8c    000001b6                                   : fd_add_t2.obj (.text)
                  00001e42    00000002                                   : startup.obj (.text)
                  00001e44    00000164     delay.obj (.text)
                  00001fa8    0000014c     interrupt.obj (.text)
                  000020f4    00000136     rtsv7M4_T_le_v4SPD16_eabi.lib : fd_div_t2.obj (.text)
                  0000222a    000000fc                                   : fd_mul_t2.obj (.text)
                  00002326    00000002     --HOLE-- [fill = 0]
                  00002328    000000fc                                   : s_scalbn.obj (.text)
                  00002424    000000f8     keypad.obj (.text)
                  0000251c    0000009c     rtsv7M4_T_le_v4SPD16_eabi.lib : memcpy_t2.obj (.text)
                  000025b8    00000086                                   : fd_cmp_t2.obj (.text:__aeabi_cdcmple)
                  0000263e    00000086                                   : fd_cmp_t2.obj (.text:__aeabi_cdrcmple)
                  000026c4    0000007a                                   : memset_t2.obj (.text)
                  0000273e    00000002     --HOLE-- [fill = 0]
                  00002740    00000070                                   : autoinit.obj (.text)
                  000027b0    00000068                                   : copy_decompress_lzss.obj (.text:decompress:lzss)
                  00002818    00000064                                   : s_frexp.obj (.text)
                  0000287c    00000060                                   : sprintf.obj (.text)
                  000028dc    00000054                                   : boot.obj (.text)
                  00002930    00000054                                   : exit.obj (.text)
                  00002984    00000054                                   : ltoa.obj (.text)
                  000029d8    0000004c                                   : atoi.obj (.text)
                  00002a24    0000004c                                   : cpy_tbl.obj (.text)
                  00002a70    00000048                                   : fd_toi_t2.obj (.text)
                  00002ab8    00000038     main.obj (.text)
                  00002af0    0000002e     rtsv7M4_T_le_v4SPD16_eabi.lib : i_tofd_t2.obj (.text)
                  00002b1e    0000002c     delay.obj (.text:delay_us)
                  00002b4a    00000024     delay.obj (.text:delay_ms)
                  00002b6e    0000001c     rtsv7M4_T_le_v4SPD16_eabi.lib : memccpy.obj (.text)
                  00002b8a    00000002     --HOLE-- [fill = 0]
                  00002b8c    00000018                                   : args_main.obj (.text)
                  00002ba4    00000016                                   : strchr.obj (.text)
                  00002bba    00000002     --HOLE-- [fill = 0]
                  00002bbc    00000014                                   : _lock.obj (.text)
                  00002bd0    00000014                                   : s_copysign.obj (.text)
                  00002be4    00000014                                   : strlen.obj (.text)
                  00002bf8    0000000e                                   : copy_decompress_none.obj (.text:decompress:none)
                  00002c06    0000000e     startup_msp432p401r_ccs.obj (.text)
                  00002c14    0000000c     rtsv7M4_T_le_v4SPD16_eabi.lib : copy_zero_init.obj (.text:decompress:ZI)
                  00002c20    00000004                                   : pre_init.obj (.text)

.const     0    00002c24    00000101     
                  00002c24    00000101     rtsv7M4_T_le_v4SPD16_eabi.lib : ctype.obj (.const:.string:_ctypes_)

.cinit     0    00002d28    00000088     
                  00002d28    00000062     (.cinit..data.load) [load image, compression = lzss]
                  00002d8a    00000002     --HOLE-- [fill = 0]
                  00002d8c    0000000c     (__TI_handler_table)
                  00002d98    00000008     (.cinit..bss.load) [load image, compression = zero_init]
                  00002da0    00000010     (__TI_cinit_table)

.init_array 
*          0    00000000    00000000     UNINITIALIZED

.data      0    20000000    0000009e     UNINITIALIZED
                  20000000    0000002c     gpio.obj (.data:GPIO_PORT_TO_BASE)
                  2000002c    0000002c     interrupt.obj (.data:GPIO_PORT_TO_BASE)
                  20000058    0000000c     rtsv7M4_T_le_v4SPD16_eabi.lib : exit.obj (.data:$O1$$)
                  20000064    0000000c     keypad.obj (.data:chrArray$1)
                  20000070    00000008     rtsv7M4_T_le_v4SPD16_eabi.lib : _lock.obj (.data:$O1$$)
                  20000078    00000008     lcd.obj (.data:cstchar1)
                  20000080    00000008     lcd.obj (.data:cstchar2)
                  20000088    00000008     lcd.obj (.data:cstchar3)
                  20000090    00000004     rtsv7M4_T_le_v4SPD16_eabi.lib : errno.obj (.data)
                  20000094    00000004                                   : stkdepth_vars.obj (.data)
                  20000098    00000004     system_msp432p401r.obj (.data)
                  2000009c    00000002     lcd.obj (.data:colStartIndex)

.bss       0    2000009e    00000002     UNINITIALIZED
                  2000009e    00000001     (.common:flag)
                  2000009f    00000001     (.common:key)

.stack     0    2000fe00    00000200     UNINITIALIZED
                  2000fe00    00000200     --HOLE--

MODULE SUMMARY

       Module                        code    ro data   rw data
       ------                        ----    -------   -------
    .\
       system_msp432p401r.obj        820     0         8      
       lcd.obj                       756     0         52     
       gpio.obj                      588     0         88     
       delay.obj                     436     0         0      
       interrupt.obj                 332     0         88     
       keypad.obj                    248     0         28     
       startup_msp432p401r_ccs.obj   14      228       0      
       main.obj                      56      0         0      
    +--+-----------------------------+-------+---------+---------+
       Total:                        3250    228       264    
                                                              
    C:\ti\ccsv7\tools\compiler\ti-cgt-arm_16.9.7.LTS\lib\rtsv7M4_T_le_v4SPD16_eabi.lib
       _printfi.obj                  4414    0         0      
       ull_div_t2.obj                500     0         0      
       fd_add_t2.obj                 438     0         0      
       fd_div_t2.obj                 310     0         0      
       fd_cmp_t2.obj                 268     0         0      
       ctype.obj                     0       257       0      
       fd_mul_t2.obj                 252     0         0      
       s_scalbn.obj                  252     0         0      
       memcpy_t2.obj                 156     0         0      
       memset_t2.obj                 122     0         0      
       autoinit.obj                  112     0         0      
       exit.obj                      84      0         24     
       copy_decompress_lzss.obj      104     0         0      
       s_frexp.obj                   100     0         0      
       sprintf.obj                   96      0         0      
       boot.obj                      84      0         0      
       ltoa.obj                      84      0         0      
       atoi.obj                      76      0         0      
       cpy_tbl.obj                   76      0         0      
       fd_toi_t2.obj                 72      0         0      
       i_tofd_t2.obj                 46      0         0      
       _lock.obj                     20      0         16     
       memccpy.obj                   28      0         0      
       args_main.obj                 24      0         0      
       strchr.obj                    22      0         0      
       s_copysign.obj                20      0         0      
       strlen.obj                    20      0         0      
       copy_decompress_none.obj      14      0         0      
       copy_zero_init.obj            12      0         0      
       errno.obj                     0       0         8      
       stkdepth_vars.obj             0       0         8      
       pre_init.obj                  4       0         0      
       mpu_init.obj                  2       0         0      
       startup.obj                   2       0         0      
    +--+-----------------------------+-------+---------+---------+
       Total:                        7814    257       56     
                                                              
       Stack:                        0       0         1024   
       Linker Generated:             0       134       0      
    +--+-----------------------------+-------+---------+---------+
       Grand Total:                  11064   619       1344   


LINKER GENERATED COPY TABLES

__TI_cinit_table @ 00002da0 records: 2, size/record: 8, table size: 16
	.data: load addr=00002d28, load size=00000062 bytes, run addr=20000000, run size=0000009e bytes, compression=lzss
	.bss: load addr=00002d98, load size=00000008 bytes, run addr=2000009e, run size=00000002 bytes, compression=zero_init


LINKER GENERATED HANDLER TABLE

__TI_handler_table @ 00002d8c records: 3, size/record: 4, table size: 12
	index: 0, handler: __TI_decompress_lzss
	index: 1, handler: __TI_decompress_none
	index: 2, handler: __TI_zero_init


GLOBAL SYMBOLS: SORTED ALPHABETICALLY BY Name 

address   name                           
-------   ----                           
00002c13  ADC14_IRQHandler               
00002c13  AES256_IRQHandler              
00002c13  BusFault_Handler               
00002931  C$$EXIT                        
00002c13  COMP_E0_IRQHandler             
00002c13  COMP_E1_IRQHandler             
00002c13  CS_IRQHandler                  
00002c13  DMA_ERR_IRQHandler             
00002c13  DMA_INT0_IRQHandler            
00002c13  DMA_INT1_IRQHandler            
00002c13  DMA_INT2_IRQHandler            
00002c13  DMA_INT3_IRQHandler            
00002c13  DebugMon_Handler               
00002c13  Default_Handler                
00002c13  EUSCIA0_IRQHandler             
00002c13  EUSCIA1_IRQHandler             
00002c13  EUSCIA2_IRQHandler             
00002c13  EUSCIA3_IRQHandler             
00002c13  EUSCIB0_IRQHandler             
00002c13  EUSCIB1_IRQHandler             
00002c13  EUSCIB2_IRQHandler             
00002c13  EUSCIB3_IRQHandler             
00002c13  FLCTL_IRQHandler               
00002c13  FPU_IRQHandler                 
00002c13  HardFault_Handler              
00002c13  MemManage_Handler              
00002c13  NMI_Handler                    
00002c13  PCM_IRQHandler                 
00002c13  PORT1_IRQHandler               
000024e9  PORT2_IRQHandler               
000024e9  PORT2_IRQHandler               
00002c13  PORT3_IRQHandler               
00002c13  PORT4_IRQHandler               
00002c13  PORT5_IRQHandler               
00002c13  PORT6_IRQHandler               
00002c13  PSS_IRQHandler                 
00002c13  PendSV_Handler                 
00002c13  RTC_C_IRQHandler               
00002c07  Reset_Handler                  
UNDEFED   SHT$$INIT_ARRAY$$Base          
UNDEFED   SHT$$INIT_ARRAY$$Limit         
00002c13  SVC_Handler                    
00002c13  SysTick_Handler                
20000098  SystemCoreClock                
00001225  SystemCoreClockUpdate          
0000149d  SystemInit                     
00002c13  T32_INT1_IRQHandler            
00002c13  T32_INT2_IRQHandler            
00002c13  T32_INTC_IRQHandler            
00002c13  TA0_0_IRQHandler               
00002c13  TA0_N_IRQHandler               
00002c13  TA1_0_IRQHandler               
00002c13  TA1_N_IRQHandler               
00002c13  TA2_0_IRQHandler               
00002c13  TA2_N_IRQHandler               
00002c13  TA3_0_IRQHandler               
00002c13  TA3_N_IRQHandler               
00002c13  UsageFault_Handler             
4000480c  WDTCTL_SYM                     
00002c13  WDT_A_IRQHandler               
20010000  __STACK_END                    
00000200  __STACK_SIZE                   
00002da0  __TI_CINIT_Base                
00002db0  __TI_CINIT_Limit               
00002d8c  __TI_Handler_Table_Base        
00002d98  __TI_Handler_Table_Limit       
00002741  __TI_auto_init                 
20000058  __TI_cleanup_ptr               
000027b1  __TI_decompress_lzss           
00002bf9  __TI_decompress_none           
2000005c  __TI_dtors_ptr                 
20000060  __TI_enable_exit_profile_output
ffffffff  __TI_pprof_out_hndl            
00000929  __TI_printfi                   
ffffffff  __TI_prof_data_size            
ffffffff  __TI_prof_data_start           
00000000  __TI_static_base__             
00002c15  __TI_zero_init                 
000025b9  __aeabi_cdcmpeq                
000025b9  __aeabi_cdcmple                
0000263f  __aeabi_cdrcmple               
00002a71  __aeabi_d2iz                   
00001c97  __aeabi_dadd                   
000020f5  __aeabi_ddiv                   
0000222b  __aeabi_dmul                   
00001c8d  __aeabi_dsub                   
00002af1  __aeabi_i2d                    
000026c5  __aeabi_memclr                 
000026c5  __aeabi_memclr4                
000026c5  __aeabi_memclr8                
0000251d  __aeabi_memcpy                 
0000251d  __aeabi_memcpy4                
0000251d  __aeabi_memcpy8                
000026c7  __aeabi_memset                 
000026c7  __aeabi_memset4                
000026c7  __aeabi_memset8                
00001a99  __aeabi_uldivmod               
ffffffff  __binit__                      
ffffffff  __c_args__                     
00001223  __mpu_init                     
2000fe00  __stack                        
00002b8d  _args_main                     
000028dd  _c_int00                       
00002c24  _ctypes_                       
20000070  _lock                          
00002bcb  _nop                           
00002bc3  _register_lock                 
00002bbd  _register_unlock               
00001e43  _system_post_cinit             
00002c21  _system_pre_init               
20000074  _unlock                        
00002935  abort                          
000029d9  atoi                           
ffffffff  binit                          
000015dd  checkBF                        
2000009c  colStartIndex                  
00002a25  copy_in                        
00002bd1  copysign                       
00002bd1  copysignl                      
000017e9  createChar                     
20000078  cstchar1                       
20000080  cstchar2                       
20000088  cstchar3                       
00002b4b  delay_ms                       
00002b1f  delay_us                       
00002013  disableExtInt                  
000020b3  disableNVIC                    
00001fe7  enableExtInt                   
20000090  errno                          
0000293d  exit                           
2000009e  flag                           
00002819  frexp                          
00002819  frexpl                         
0000186f  gpioClear                      
000018b3  gpioRead                       
0000184d  gpioSet                        
00001891  gpioToggle                     
000018d3  gpio_init                      
00001e45  initClock                      
00001fa9  initExtInt                     
00002425  initKeypad                     
00002085  initNVIC                       
00000000  interruptVectors               
2000009f  key                            
00001559  lcdInit                        
00002329  ldexp                          
00002329  ldexpl                         
00002985  ltoa                           
00002ab9  main                           
20000094  main_func_sp                   
00002b6f  memccpy                        
0000251d  memcpy                         
000026cd  memset                         
000017c5  moveCursor                     
0000205f  readIFG                        
00002329  scalbn                         
00002329  scalbnl                        
00002475  scanKeypad                     
000016e1  sendCharacter                  
000016fd  sendCharacterXY                
0000167f  sendChrNib                     
00001641  sendCmdNib                     
000016c5  sendCommand                    
00001779  sendInteger                    
00001795  sendIntegerXY                  
0000172d  sendString                     
00001749  sendStringXY                   
00001ec3  set_DCO                        
0000287d  sprintf                        
00002ba5  strchr                         
00002be5  strlen                         
00002ad5  updateDisplay                  
00002039  writeIFG                       


GLOBAL SYMBOLS: SORTED BY Symbol Address 

address   name                           
-------   ----                           
00000000  __TI_static_base__             
00000000  interruptVectors               
00000200  __STACK_SIZE                   
00000929  __TI_printfi                   
00001223  __mpu_init                     
00001225  SystemCoreClockUpdate          
0000149d  SystemInit                     
00001559  lcdInit                        
000015dd  checkBF                        
00001641  sendCmdNib                     
0000167f  sendChrNib                     
000016c5  sendCommand                    
000016e1  sendCharacter                  
000016fd  sendCharacterXY                
0000172d  sendString                     
00001749  sendStringXY                   
00001779  sendInteger                    
00001795  sendIntegerXY                  
000017c5  moveCursor                     
000017e9  createChar                     
0000184d  gpioSet                        
0000186f  gpioClear                      
00001891  gpioToggle                     
000018b3  gpioRead                       
000018d3  gpio_init                      
00001a99  __aeabi_uldivmod               
00001c8d  __aeabi_dsub                   
00001c97  __aeabi_dadd                   
00001e43  _system_post_cinit             
00001e45  initClock                      
00001ec3  set_DCO                        
00001fa9  initExtInt                     
00001fe7  enableExtInt                   
00002013  disableExtInt                  
00002039  writeIFG                       
0000205f  readIFG                        
00002085  initNVIC                       
000020b3  disableNVIC                    
000020f5  __aeabi_ddiv                   
0000222b  __aeabi_dmul                   
00002329  ldexp                          
00002329  ldexpl                         
00002329  scalbn                         
00002329  scalbnl                        
00002425  initKeypad                     
00002475  scanKeypad                     
000024e9  PORT2_IRQHandler               
000024e9  PORT2_IRQHandler               
0000251d  __aeabi_memcpy                 
0000251d  __aeabi_memcpy4                
0000251d  __aeabi_memcpy8                
0000251d  memcpy                         
000025b9  __aeabi_cdcmpeq                
000025b9  __aeabi_cdcmple                
0000263f  __aeabi_cdrcmple               
000026c5  __aeabi_memclr                 
000026c5  __aeabi_memclr4                
000026c5  __aeabi_memclr8                
000026c7  __aeabi_memset                 
000026c7  __aeabi_memset4                
000026c7  __aeabi_memset8                
000026cd  memset                         
00002741  __TI_auto_init                 
000027b1  __TI_decompress_lzss           
00002819  frexp                          
00002819  frexpl                         
0000287d  sprintf                        
000028dd  _c_int00                       
00002931  C$$EXIT                        
00002935  abort                          
0000293d  exit                           
00002985  ltoa                           
000029d9  atoi                           
00002a25  copy_in                        
00002a71  __aeabi_d2iz                   
00002ab9  main                           
00002ad5  updateDisplay                  
00002af1  __aeabi_i2d                    
00002b1f  delay_us                       
00002b4b  delay_ms                       
00002b6f  memccpy                        
00002b8d  _args_main                     
00002ba5  strchr                         
00002bbd  _register_unlock               
00002bc3  _register_lock                 
00002bcb  _nop                           
00002bd1  copysign                       
00002bd1  copysignl                      
00002be5  strlen                         
00002bf9  __TI_decompress_none           
00002c07  Reset_Handler                  
00002c13  ADC14_IRQHandler               
00002c13  AES256_IRQHandler              
00002c13  BusFault_Handler               
00002c13  COMP_E0_IRQHandler             
00002c13  COMP_E1_IRQHandler             
00002c13  CS_IRQHandler                  
00002c13  DMA_ERR_IRQHandler             
00002c13  DMA_INT0_IRQHandler            
00002c13  DMA_INT1_IRQHandler            
00002c13  DMA_INT2_IRQHandler            
00002c13  DMA_INT3_IRQHandler            
00002c13  DebugMon_Handler               
00002c13  Default_Handler                
00002c13  EUSCIA0_IRQHandler             
00002c13  EUSCIA1_IRQHandler             
00002c13  EUSCIA2_IRQHandler             
00002c13  EUSCIA3_IRQHandler             
00002c13  EUSCIB0_IRQHandler             
00002c13  EUSCIB1_IRQHandler             
00002c13  EUSCIB2_IRQHandler             
00002c13  EUSCIB3_IRQHandler             
00002c13  FLCTL_IRQHandler               
00002c13  FPU_IRQHandler                 
00002c13  HardFault_Handler              
00002c13  MemManage_Handler              
00002c13  NMI_Handler                    
00002c13  PCM_IRQHandler                 
00002c13  PORT1_IRQHandler               
00002c13  PORT3_IRQHandler               
00002c13  PORT4_IRQHandler               
00002c13  PORT5_IRQHandler               
00002c13  PORT6_IRQHandler               
00002c13  PSS_IRQHandler                 
00002c13  PendSV_Handler                 
00002c13  RTC_C_IRQHandler               
00002c13  SVC_Handler                    
00002c13  SysTick_Handler                
00002c13  T32_INT1_IRQHandler            
00002c13  T32_INT2_IRQHandler            
00002c13  T32_INTC_IRQHandler            
00002c13  TA0_0_IRQHandler               
00002c13  TA0_N_IRQHandler               
00002c13  TA1_0_IRQHandler               
00002c13  TA1_N_IRQHandler               
00002c13  TA2_0_IRQHandler               
00002c13  TA2_N_IRQHandler               
00002c13  TA3_0_IRQHandler               
00002c13  TA3_N_IRQHandler               
00002c13  UsageFault_Handler             
00002c13  WDT_A_IRQHandler               
00002c15  __TI_zero_init                 
00002c21  _system_pre_init               
00002c24  _ctypes_                       
00002d8c  __TI_Handler_Table_Base        
00002d98  __TI_Handler_Table_Limit       
00002da0  __TI_CINIT_Base                
00002db0  __TI_CINIT_Limit               
20000058  __TI_cleanup_ptr               
2000005c  __TI_dtors_ptr                 
20000060  __TI_enable_exit_profile_output
20000070  _lock                          
20000074  _unlock                        
20000078  cstchar1                       
20000080  cstchar2                       
20000088  cstchar3                       
20000090  errno                          
20000094  main_func_sp                   
20000098  SystemCoreClock                
2000009c  colStartIndex                  
2000009e  flag                           
2000009f  key                            
2000fe00  __stack                        
20010000  __STACK_END                    
4000480c  WDTCTL_SYM                     
ffffffff  __TI_pprof_out_hndl            
ffffffff  __TI_prof_data_size            
ffffffff  __TI_prof_data_start           
ffffffff  __binit__                      
ffffffff  __c_args__                     
ffffffff  binit                          
UNDEFED   SHT$$INIT_ARRAY$$Base          
UNDEFED   SHT$$INIT_ARRAY$$Limit         

[173 symbols]
