******************************************************************************
                  TI ARM Linker PC v16.9.7                     
******************************************************************************
>> Linked Fri Jun 15 17:59:53 2018

OUTPUT FILE NAME:   <CPE329-P45.out>
ENTRY POINT SYMBOL: "_c_int00"  address: 00002cad


MEMORY CONFIGURATION

         name            origin    length      used     unused   attr    fill
----------------------  --------  ---------  --------  --------  ----  --------
  MAIN                  00000000   00040000  0000314d  0003ceb3  R  X
  INFO                  00200000   00004000  00000000  00004000  R  X
  SRAM_CODE             01000000   00010000  000002d6  0000fd2a  RW X
  SRAM_DATA             20000000   00010000  000002d6  0000fd2a  RW  


SEGMENT ALLOCATION MAP

run origin  load origin   length   init length attrs members
----------  ----------- ---------- ----------- ----- -------
00000000    00000000    00003150   00003150    r-x
  00000000    00000000    000000e4   000000e4    r-- .intvecs
  000000e4    000000e4    00002ed8   00002ed8    r-x .text
  00002fbc    00002fbc    00000101   00000101    r-- .const
  000030c0    000030c0    00000090   00000090    r-- .cinit
20000000    20000000    000000d8   00000000    rw-
  20000000    20000000    000000b2   00000000    rw- .data
  200000b4    200000b4    00000024   00000000    rw- .bss
2000fe00    2000fe00    00000200   00000000    rw-
  2000fe00    2000fe00    00000200   00000000    rw- .stack


SECTION ALLOCATION MAP

 output                                  attributes/
section   page    origin      length       input sections
--------  ----  ----------  ----------   ----------------
.intvecs   0    00000000    000000e4     
                  00000000    000000e4     startup_msp432p401r_ccs.obj (.intvecs:retain)

.binit     0    00000000    00000000     

.text      0    000000e4    00002ed8     
                  000000e4    0000113e     rtsv7M4_T_le_v4SPD16_eabi.lib : _printfi.obj (.text)
                  00001222    00000002                                   : mpu_init.obj (.text)
                  00001224    00000400     main.obj (.text)
                  00001624    00000334     system_msp432p401r.obj (.text)
                  00001958    00000320     lcd.obj (.text)
                  00001c78    0000024c     gpio.obj (.text)
                  00001ec4    000001f4     rtsv7M4_T_le_v4SPD16_eabi.lib : ull_div_t2.obj (.text)
                  000020b8    000001b6                                   : fd_add_t2.obj (.text)
                  0000226e    00000002                                   : startup.obj (.text)
                  00002270    00000164     delay.obj (.text)
                  000023d4    0000014c     interrupt.obj (.text)
                  00002520    00000136     rtsv7M4_T_le_v4SPD16_eabi.lib : fd_div_t2.obj (.text)
                  00002656    000000fc                                   : fd_mul_t2.obj (.text)
                  00002752    00000002     --HOLE-- [fill = 0]
                  00002754    000000fc                                   : s_scalbn.obj (.text)
                  00002850    0000009c                                   : memcpy_t2.obj (.text)
                  000028ec    0000009c     timer.obj (.text)
                  00002988    00000086     rtsv7M4_T_le_v4SPD16_eabi.lib : fd_cmp_t2.obj (.text:__aeabi_cdcmple)
                  00002a0e    00000086                                   : fd_cmp_t2.obj (.text:__aeabi_cdrcmple)
                  00002a94    0000007a                                   : memset_t2.obj (.text)
                  00002b0e    00000002     --HOLE-- [fill = 0]
                  00002b10    00000070                                   : autoinit.obj (.text)
                  00002b80    00000068                                   : copy_decompress_lzss.obj (.text:decompress:lzss)
                  00002be8    00000064                                   : s_frexp.obj (.text)
                  00002c4c    00000060                                   : sprintf.obj (.text)
                  00002cac    00000054                                   : boot.obj (.text)
                  00002d00    00000054                                   : exit.obj (.text)
                  00002d54    00000054                                   : ltoa.obj (.text)
                  00002da8    0000004c                                   : atoi.obj (.text)
                  00002df4    0000004c                                   : cpy_tbl.obj (.text)
                  00002e40    00000048                                   : fd_toi_t2.obj (.text)
                  00002e88    0000002e                                   : i_tofd_t2.obj (.text)
                  00002eb6    0000002c     delay.obj (.text:delay_us)
                  00002ee2    00000024     delay.obj (.text:delay_ms)
                  00002f06    0000001c     rtsv7M4_T_le_v4SPD16_eabi.lib : memccpy.obj (.text)
                  00002f22    00000002     --HOLE-- [fill = 0]
                  00002f24    00000018                                   : args_main.obj (.text)
                  00002f3c    00000016                                   : strchr.obj (.text)
                  00002f52    00000002     --HOLE-- [fill = 0]
                  00002f54    00000014                                   : _lock.obj (.text)
                  00002f68    00000014                                   : s_copysign.obj (.text)
                  00002f7c    00000014                                   : strlen.obj (.text)
                  00002f90    0000000e                                   : copy_decompress_none.obj (.text:decompress:none)
                  00002f9e    0000000e     startup_msp432p401r_ccs.obj (.text)
                  00002fac    0000000c     rtsv7M4_T_le_v4SPD16_eabi.lib : copy_zero_init.obj (.text:decompress:ZI)
                  00002fb8    00000004                                   : pre_init.obj (.text)

.const     0    00002fbc    00000101     
                  00002fbc    00000101     rtsv7M4_T_le_v4SPD16_eabi.lib : ctype.obj (.const:.string:_ctypes_)

.cinit     0    000030c0    00000090     
                  000030c0    00000067     (.cinit..data.load) [load image, compression = lzss]
                  00003127    00000001     --HOLE-- [fill = 0]
                  00003128    0000000c     (__TI_handler_table)
                  00003134    00000004     --HOLE-- [fill = 0]
                  00003138    00000008     (.cinit..bss.load) [load image, compression = zero_init]
                  00003140    00000010     (__TI_cinit_table)

.init_array 
*          0    00000000    00000000     UNINITIALIZED

.data      0    20000000    000000b2     UNINITIALIZED
                  20000000    0000002c     gpio.obj (.data:GPIO_PORT_TO_BASE)
                  2000002c    0000002c     interrupt.obj (.data:GPIO_PORT_TO_BASE)
                  20000058    00000010     timer.obj (.data:TIMER_NUM_TO_BASE)
                  20000068    00000010     main.obj (.data)
                  20000078    0000000c     rtsv7M4_T_le_v4SPD16_eabi.lib : exit.obj (.data:$O1$$)
                  20000084    00000008                                   : _lock.obj (.data:$O1$$)
                  2000008c    00000008     lcd.obj (.data:cstchar1)
                  20000094    00000008     lcd.obj (.data:cstchar2)
                  2000009c    00000008     lcd.obj (.data:cstchar3)
                  200000a4    00000004     rtsv7M4_T_le_v4SPD16_eabi.lib : errno.obj (.data)
                  200000a8    00000004                                   : stkdepth_vars.obj (.data)
                  200000ac    00000004     system_msp432p401r.obj (.data)
                  200000b0    00000002     lcd.obj (.data:colStartIndex)

.bss       0    200000b4    00000024     UNINITIALIZED
                  200000b4    00000018     (.common:adcResults)
                  200000cc    00000008     main.obj (.bss)
                  200000d4    00000004     (.common:rawdist)

.stack     0    2000fe00    00000200     UNINITIALIZED
                  2000fe00    00000200     --HOLE--

MODULE SUMMARY

       Module                        code    ro data   rw data
       ------                        ----    -------   -------
    .\
       main.obj                      1024    0         104    
       lcd.obj                       800     0         52     
       system_msp432p401r.obj        820     0         8      
       gpio.obj                      588     0         88     
       delay.obj                     436     0         0      
       interrupt.obj                 332     0         88     
       startup_msp432p401r_ccs.obj   14      228       0      
       timer.obj                     156     0         32     
    +--+-----------------------------+-------+---------+---------+
       Total:                        4170    228       372    
                                                              
    C:\ti\ccsv7\tools\compiler\ti-cgt-arm_16.9.7.LTS\lib\rtsv7M4_T_le_v4SPD16_eabi.lib
       _printfi.obj                  4414    0         0      
       ull_div_t2.obj                500     0         0      
       fd_add_t2.obj                 438     0         0      
       fd_div_t2.obj                 310     0         0      
       fd_cmp_t2.obj                 268     0         0      
       ctype.obj                     0       257       0      
       fd_mul_t2.obj                 252     0         0      
       s_scalbn.obj                  252     0         0      
       memcpy_t2.obj                 156     0         0      
       memset_t2.obj                 122     0         0      
       autoinit.obj                  112     0         0      
       exit.obj                      84      0         24     
       copy_decompress_lzss.obj      104     0         0      
       s_frexp.obj                   100     0         0      
       sprintf.obj                   96      0         0      
       boot.obj                      84      0         0      
       ltoa.obj                      84      0         0      
       atoi.obj                      76      0         0      
       cpy_tbl.obj                   76      0         0      
       fd_toi_t2.obj                 72      0         0      
       i_tofd_t2.obj                 46      0         0      
       _lock.obj                     20      0         16     
       memccpy.obj                   28      0         0      
       args_main.obj                 24      0         0      
       strchr.obj                    22      0         0      
       s_copysign.obj                20      0         0      
       strlen.obj                    20      0         0      
       copy_decompress_none.obj      14      0         0      
       copy_zero_init.obj            12      0         0      
       errno.obj                     0       0         8      
       stkdepth_vars.obj             0       0         8      
       pre_init.obj                  4       0         0      
       mpu_init.obj                  2       0         0      
       startup.obj                   2       0         0      
    +--+-----------------------------+-------+---------+---------+
       Total:                        7814    257       56     
                                                              
       Stack:                        0       0         1024   
       Linker Generated:             0       139       0      
    +--+-----------------------------+-------+---------+---------+
       Grand Total:                  11984   624       1452   


LINKER GENERATED COPY TABLES

__TI_cinit_table @ 00003140 records: 2, size/record: 8, table size: 16
	.data: load addr=000030c0, load size=00000067 bytes, run addr=20000000, run size=000000b2 bytes, compression=lzss
	.bss: load addr=00003138, load size=00000008 bytes, run addr=200000b4, run size=00000024 bytes, compression=zero_init


LINKER GENERATED HANDLER TABLE

__TI_handler_table @ 00003128 records: 3, size/record: 4, table size: 12
	index: 0, handler: __TI_decompress_lzss
	index: 1, handler: __TI_decompress_none
	index: 2, handler: __TI_zero_init


GLOBAL SYMBOLS: SORTED ALPHABETICALLY BY Name 

address   name                           
-------   ----                           
00001379  ADC14_IRQHandler               
00001379  ADC14_IRQHandler               
00002fab  AES256_IRQHandler              
00002fab  BusFault_Handler               
00002d01  C$$EXIT                        
00002fab  COMP_E0_IRQHandler             
00002fab  COMP_E1_IRQHandler             
00002fab  CS_IRQHandler                  
00002fab  DMA_ERR_IRQHandler             
00002fab  DMA_INT0_IRQHandler            
00002fab  DMA_INT1_IRQHandler            
00002fab  DMA_INT2_IRQHandler            
00002fab  DMA_INT3_IRQHandler            
00002fab  DebugMon_Handler               
00002fab  Default_Handler                
00002fab  EUSCIA0_IRQHandler             
00002fab  EUSCIA1_IRQHandler             
00002fab  EUSCIA2_IRQHandler             
00002fab  EUSCIA3_IRQHandler             
00002fab  EUSCIB0_IRQHandler             
00002fab  EUSCIB1_IRQHandler             
00002fab  EUSCIB2_IRQHandler             
00002fab  EUSCIB3_IRQHandler             
00002fab  FLCTL_IRQHandler               
00002fab  FPU_IRQHandler                 
00002fab  HardFault_Handler              
00002fab  MemManage_Handler              
00002fab  NMI_Handler                    
00002fab  PCM_IRQHandler                 
00002fab  PORT1_IRQHandler               
00002fab  PORT2_IRQHandler               
00002fab  PORT3_IRQHandler               
00002fab  PORT4_IRQHandler               
00002fab  PORT5_IRQHandler               
00002fab  PORT6_IRQHandler               
00002fab  PSS_IRQHandler                 
00002fab  PendSV_Handler                 
00002fab  RTC_C_IRQHandler               
00002f9f  Reset_Handler                  
UNDEFED   SHT$$INIT_ARRAY$$Base          
UNDEFED   SHT$$INIT_ARRAY$$Limit         
00002fab  SVC_Handler                    
00002fab  SysTick_Handler                
200000ac  SystemCoreClock                
00001625  SystemCoreClockUpdate          
0000189d  SystemInit                     
00002fab  T32_INT1_IRQHandler            
00002fab  T32_INT2_IRQHandler            
00002fab  T32_INTC_IRQHandler            
00002fab  TA0_0_IRQHandler               
00002fab  TA0_N_IRQHandler               
00001477  TA1_0_IRQHandler               
00001477  TA1_0_IRQHandler               
00002fab  TA1_N_IRQHandler               
00002fab  TA2_0_IRQHandler               
00002fab  TA2_N_IRQHandler               
00002fab  TA3_0_IRQHandler               
00002fab  TA3_N_IRQHandler               
00002fab  UsageFault_Handler             
4000480c  WDTCTL_SYM                     
00002fab  WDT_A_IRQHandler               
20010000  __STACK_END                    
00000200  __STACK_SIZE                   
00003140  __TI_CINIT_Base                
00003150  __TI_CINIT_Limit               
00003128  __TI_Handler_Table_Base        
00003134  __TI_Handler_Table_Limit       
00002b11  __TI_auto_init                 
20000078  __TI_cleanup_ptr               
00002b81  __TI_decompress_lzss           
00002f91  __TI_decompress_none           
2000007c  __TI_dtors_ptr                 
20000080  __TI_enable_exit_profile_output
ffffffff  __TI_pprof_out_hndl            
00000929  __TI_printfi                   
ffffffff  __TI_prof_data_size            
ffffffff  __TI_prof_data_start           
00000000  __TI_static_base__             
00002fad  __TI_zero_init                 
00002989  __aeabi_cdcmpeq                
00002989  __aeabi_cdcmple                
00002a0f  __aeabi_cdrcmple               
00002e41  __aeabi_d2iz                   
000020c3  __aeabi_dadd                   
00002521  __aeabi_ddiv                   
00002657  __aeabi_dmul                   
000020b9  __aeabi_dsub                   
00002e89  __aeabi_i2d                    
00002a95  __aeabi_memclr                 
00002a95  __aeabi_memclr4                
00002a95  __aeabi_memclr8                
00002851  __aeabi_memcpy                 
00002851  __aeabi_memcpy4                
00002851  __aeabi_memcpy8                
00002a97  __aeabi_memset                 
00002a97  __aeabi_memset4                
00002a97  __aeabi_memset8                
00001ec5  __aeabi_uldivmod               
ffffffff  __binit__                      
ffffffff  __c_args__                     
00001223  __mpu_init                     
2000fe00  __stack                        
00002f25  _args_main                     
00002cad  _c_int00                       
00002fbc  _ctypes_                       
20000084  _lock                          
00002f63  _nop                           
00002f5b  _register_lock                 
00002f55  _register_unlock               
0000226f  _system_post_cinit             
00002fb9  _system_pre_init               
20000088  _unlock                        
00002d05  abort                          
200000b4  adcResults                     
00002da9  atoi                           
ffffffff  binit                          
000019e9  checkBF                        
200000b0  colStartIndex                  
00002df5  copy_in                        
00002f69  copysign                       
00002f69  copysignl                      
00001c11  createChar                     
2000008c  cstchar1                       
20000094  cstchar2                       
2000009c  cstchar3                       
20000068  deb                            
00002ee3  delay_ms                       
00002eb7  delay_us                       
0000243f  disableExtInt                  
000024df  disableNVIC                    
00002413  enableExtInt                   
200000a4  errno                          
00002d0d  exit                           
00002be9  frexp                          
00002be9  frexpl                         
00001c9b  gpioClear                      
00001cdf  gpioRead                       
00001c79  gpioSet                        
00001cbd  gpioToggle                     
00001cff  gpio_init                      
00002271  initClock                      
000023d5  initExtInt                     
000024b1  initNVIC                       
00000000  interruptVectors               
00001959  lcdInit                        
00002755  ldexp                          
00002755  ldexpl                         
00002d55  ltoa                           
00001225  main                           
200000a8  main_func_sp                   
00002f07  memccpy                        
00002851  memcpy                         
00002a9d  memset                         
00001bed  moveCursor                     
200000d4  rawdist                        
0000248b  readIFG                        
00002755  scalbn                         
00002755  scalbnl                        
00001af9  sendCharacter                  
00001b15  sendCharacterXY                
00001a97  sendChrNib                     
00001a59  sendCmdNib                     
00001add  sendCommand                    
00001b91  sendInteger                    
00001bb5  sendIntegerXY                  
00001b45  sendString                     
00001b61  sendStringXY                   
000022ef  set_DCO                        
00002c4d  sprintf                        
00002f3d  strchr                         
00002f7d  strlen                         
0000293b  timerCCR0                      
00002959  timerCCR1                      
000028ed  timer_init                     
00002465  writeIFG                       


GLOBAL SYMBOLS: SORTED BY Symbol Address 

address   name                           
-------   ----                           
00000000  __TI_static_base__             
00000000  interruptVectors               
00000200  __STACK_SIZE                   
00000929  __TI_printfi                   
00001223  __mpu_init                     
00001225  main                           
00001379  ADC14_IRQHandler               
00001379  ADC14_IRQHandler               
00001477  TA1_0_IRQHandler               
00001477  TA1_0_IRQHandler               
00001625  SystemCoreClockUpdate          
0000189d  SystemInit                     
00001959  lcdInit                        
000019e9  checkBF                        
00001a59  sendCmdNib                     
00001a97  sendChrNib                     
00001add  sendCommand                    
00001af9  sendCharacter                  
00001b15  sendCharacterXY                
00001b45  sendString                     
00001b61  sendStringXY                   
00001b91  sendInteger                    
00001bb5  sendIntegerXY                  
00001bed  moveCursor                     
00001c11  createChar                     
00001c79  gpioSet                        
00001c9b  gpioClear                      
00001cbd  gpioToggle                     
00001cdf  gpioRead                       
00001cff  gpio_init                      
00001ec5  __aeabi_uldivmod               
000020b9  __aeabi_dsub                   
000020c3  __aeabi_dadd                   
0000226f  _system_post_cinit             
00002271  initClock                      
000022ef  set_DCO                        
000023d5  initExtInt                     
00002413  enableExtInt                   
0000243f  disableExtInt                  
00002465  writeIFG                       
0000248b  readIFG                        
000024b1  initNVIC                       
000024df  disableNVIC                    
00002521  __aeabi_ddiv                   
00002657  __aeabi_dmul                   
00002755  ldexp                          
00002755  ldexpl                         
00002755  scalbn                         
00002755  scalbnl                        
00002851  __aeabi_memcpy                 
00002851  __aeabi_memcpy4                
00002851  __aeabi_memcpy8                
00002851  memcpy                         
000028ed  timer_init                     
0000293b  timerCCR0                      
00002959  timerCCR1                      
00002989  __aeabi_cdcmpeq                
00002989  __aeabi_cdcmple                
00002a0f  __aeabi_cdrcmple               
00002a95  __aeabi_memclr                 
00002a95  __aeabi_memclr4                
00002a95  __aeabi_memclr8                
00002a97  __aeabi_memset                 
00002a97  __aeabi_memset4                
00002a97  __aeabi_memset8                
00002a9d  memset                         
00002b11  __TI_auto_init                 
00002b81  __TI_decompress_lzss           
00002be9  frexp                          
00002be9  frexpl                         
00002c4d  sprintf                        
00002cad  _c_int00                       
00002d01  C$$EXIT                        
00002d05  abort                          
00002d0d  exit                           
00002d55  ltoa                           
00002da9  atoi                           
00002df5  copy_in                        
00002e41  __aeabi_d2iz                   
00002e89  __aeabi_i2d                    
00002eb7  delay_us                       
00002ee3  delay_ms                       
00002f07  memccpy                        
00002f25  _args_main                     
00002f3d  strchr                         
00002f55  _register_unlock               
00002f5b  _register_lock                 
00002f63  _nop                           
00002f69  copysign                       
00002f69  copysignl                      
00002f7d  strlen                         
00002f91  __TI_decompress_none           
00002f9f  Reset_Handler                  
00002fab  AES256_IRQHandler              
00002fab  BusFault_Handler               
00002fab  COMP_E0_IRQHandler             
00002fab  COMP_E1_IRQHandler             
00002fab  CS_IRQHandler                  
00002fab  DMA_ERR_IRQHandler             
00002fab  DMA_INT0_IRQHandler            
00002fab  DMA_INT1_IRQHandler            
00002fab  DMA_INT2_IRQHandler            
00002fab  DMA_INT3_IRQHandler            
00002fab  DebugMon_Handler               
00002fab  Default_Handler                
00002fab  EUSCIA0_IRQHandler             
00002fab  EUSCIA1_IRQHandler             
00002fab  EUSCIA2_IRQHandler             
00002fab  EUSCIA3_IRQHandler             
00002fab  EUSCIB0_IRQHandler             
00002fab  EUSCIB1_IRQHandler             
00002fab  EUSCIB2_IRQHandler             
00002fab  EUSCIB3_IRQHandler             
00002fab  FLCTL_IRQHandler               
00002fab  FPU_IRQHandler                 
00002fab  HardFault_Handler              
00002fab  MemManage_Handler              
00002fab  NMI_Handler                    
00002fab  PCM_IRQHandler                 
00002fab  PORT1_IRQHandler               
00002fab  PORT2_IRQHandler               
00002fab  PORT3_IRQHandler               
00002fab  PORT4_IRQHandler               
00002fab  PORT5_IRQHandler               
00002fab  PORT6_IRQHandler               
00002fab  PSS_IRQHandler                 
00002fab  PendSV_Handler                 
00002fab  RTC_C_IRQHandler               
00002fab  SVC_Handler                    
00002fab  SysTick_Handler                
00002fab  T32_INT1_IRQHandler            
00002fab  T32_INT2_IRQHandler            
00002fab  T32_INTC_IRQHandler            
00002fab  TA0_0_IRQHandler               
00002fab  TA0_N_IRQHandler               
00002fab  TA1_N_IRQHandler               
00002fab  TA2_0_IRQHandler               
00002fab  TA2_N_IRQHandler               
00002fab  TA3_0_IRQHandler               
00002fab  TA3_N_IRQHandler               
00002fab  UsageFault_Handler             
00002fab  WDT_A_IRQHandler               
00002fad  __TI_zero_init                 
00002fb9  _system_pre_init               
00002fbc  _ctypes_                       
00003128  __TI_Handler_Table_Base        
00003134  __TI_Handler_Table_Limit       
00003140  __TI_CINIT_Base                
00003150  __TI_CINIT_Limit               
20000068  deb                            
20000078  __TI_cleanup_ptr               
2000007c  __TI_dtors_ptr                 
20000080  __TI_enable_exit_profile_output
20000084  _lock                          
20000088  _unlock                        
2000008c  cstchar1                       
20000094  cstchar2                       
2000009c  cstchar3                       
200000a4  errno                          
200000a8  main_func_sp                   
200000ac  SystemCoreClock                
200000b0  colStartIndex                  
200000b4  adcResults                     
200000d4  rawdist                        
2000fe00  __stack                        
20010000  __STACK_END                    
4000480c  WDTCTL_SYM                     
ffffffff  __TI_pprof_out_hndl            
ffffffff  __TI_prof_data_size            
ffffffff  __TI_prof_data_start           
ffffffff  __binit__                      
ffffffff  __c_args__                     
ffffffff  binit                          
UNDEFED   SHT$$INIT_ARRAY$$Base          
UNDEFED   SHT$$INIT_ARRAY$$Limit         

[175 symbols]
