******************************************************************************
                  TI ARM Linker PC v16.9.7                     
******************************************************************************
>> Linked Fri Jun 08 13:37:47 2018

OUTPUT FILE NAME:   <CPE329-P45.out>
ENTRY POINT SYMBOL: "_c_int00"  address: 00002cc1


MEMORY CONFIGURATION

         name            origin    length      used     unused   attr    fill
----------------------  --------  ---------  --------  --------  ----  --------
  MAIN                  00000000   00040000  00003161  0003ce9f  R  X
  INFO                  00200000   00004000  00000000  00004000  R  X
  SRAM_CODE             01000000   00010000  000002d6  0000fd2a  RW X
  SRAM_DATA             20000000   00010000  000002d6  0000fd2a  RW  


SEGMENT ALLOCATION MAP

run origin  load origin   length   init length attrs members
----------  ----------- ---------- ----------- ----- -------
00000000    00000000    00003168   00003168    r-x
  00000000    00000000    000000e4   000000e4    r-- .intvecs
  000000e4    000000e4    00002eec   00002eec    r-x .text
  00002fd0    00002fd0    00000101   00000101    r-- .const
  000030d8    000030d8    00000090   00000090    r-- .cinit
20000000    20000000    000000d8   00000000    rw-
  20000000    20000000    000000b2   00000000    rw- .data
  200000b4    200000b4    00000024   00000000    rw- .bss
2000fe00    2000fe00    00000200   00000000    rw-
  2000fe00    2000fe00    00000200   00000000    rw- .stack


SECTION ALLOCATION MAP

 output                                  attributes/
section   page    origin      length       input sections
--------  ----  ----------  ----------   ----------------
.intvecs   0    00000000    000000e4     
                  00000000    000000e4     startup_msp432p401r_ccs.obj (.intvecs:retain)

.binit     0    00000000    00000000     

.text      0    000000e4    00002eec     
                  000000e4    0000113e     rtsv7M4_T_le_v4SPD16_eabi.lib : _printfi.obj (.text)
                  00001222    00000002                                   : mpu_init.obj (.text)
                  00001224    00000414     main.obj (.text)
                  00001638    00000334     system_msp432p401r.obj (.text)
                  0000196c    00000320     lcd.obj (.text)
                  00001c8c    0000024c     gpio.obj (.text)
                  00001ed8    000001f4     rtsv7M4_T_le_v4SPD16_eabi.lib : ull_div_t2.obj (.text)
                  000020cc    000001b6                                   : fd_add_t2.obj (.text)
                  00002282    00000002                                   : startup.obj (.text)
                  00002284    00000164     delay.obj (.text)
                  000023e8    0000014c     interrupt.obj (.text)
                  00002534    00000136     rtsv7M4_T_le_v4SPD16_eabi.lib : fd_div_t2.obj (.text)
                  0000266a    000000fc                                   : fd_mul_t2.obj (.text)
                  00002766    00000002     --HOLE-- [fill = 0]
                  00002768    000000fc                                   : s_scalbn.obj (.text)
                  00002864    0000009c                                   : memcpy_t2.obj (.text)
                  00002900    0000009c     timer.obj (.text)
                  0000299c    00000086     rtsv7M4_T_le_v4SPD16_eabi.lib : fd_cmp_t2.obj (.text:__aeabi_cdcmple)
                  00002a22    00000086                                   : fd_cmp_t2.obj (.text:__aeabi_cdrcmple)
                  00002aa8    0000007a                                   : memset_t2.obj (.text)
                  00002b22    00000002     --HOLE-- [fill = 0]
                  00002b24    00000070                                   : autoinit.obj (.text)
                  00002b94    00000068                                   : copy_decompress_lzss.obj (.text:decompress:lzss)
                  00002bfc    00000064                                   : s_frexp.obj (.text)
                  00002c60    00000060                                   : sprintf.obj (.text)
                  00002cc0    00000054                                   : boot.obj (.text)
                  00002d14    00000054                                   : exit.obj (.text)
                  00002d68    00000054                                   : ltoa.obj (.text)
                  00002dbc    0000004c                                   : atoi.obj (.text)
                  00002e08    0000004c                                   : cpy_tbl.obj (.text)
                  00002e54    00000048                                   : fd_toi_t2.obj (.text)
                  00002e9c    0000002e                                   : i_tofd_t2.obj (.text)
                  00002eca    0000002c     delay.obj (.text:delay_us)
                  00002ef6    00000024     delay.obj (.text:delay_ms)
                  00002f1a    0000001c     rtsv7M4_T_le_v4SPD16_eabi.lib : memccpy.obj (.text)
                  00002f36    00000002     --HOLE-- [fill = 0]
                  00002f38    00000018                                   : args_main.obj (.text)
                  00002f50    00000016                                   : strchr.obj (.text)
                  00002f66    00000002     --HOLE-- [fill = 0]
                  00002f68    00000014                                   : _lock.obj (.text)
                  00002f7c    00000014                                   : s_copysign.obj (.text)
                  00002f90    00000014                                   : strlen.obj (.text)
                  00002fa4    0000000e                                   : copy_decompress_none.obj (.text:decompress:none)
                  00002fb2    0000000e     startup_msp432p401r_ccs.obj (.text)
                  00002fc0    0000000c     rtsv7M4_T_le_v4SPD16_eabi.lib : copy_zero_init.obj (.text:decompress:ZI)
                  00002fcc    00000004                                   : pre_init.obj (.text)

.const     0    00002fd0    00000101     
                  00002fd0    00000101     rtsv7M4_T_le_v4SPD16_eabi.lib : ctype.obj (.const:.string:_ctypes_)

.cinit     0    000030d8    00000090     
                  000030d8    00000067     (.cinit..data.load) [load image, compression = lzss]
                  0000313f    00000001     --HOLE-- [fill = 0]
                  00003140    0000000c     (__TI_handler_table)
                  0000314c    00000004     --HOLE-- [fill = 0]
                  00003150    00000008     (.cinit..bss.load) [load image, compression = zero_init]
                  00003158    00000010     (__TI_cinit_table)

.init_array 
*          0    00000000    00000000     UNINITIALIZED

.data      0    20000000    000000b2     UNINITIALIZED
                  20000000    0000002c     gpio.obj (.data:GPIO_PORT_TO_BASE)
                  2000002c    0000002c     interrupt.obj (.data:GPIO_PORT_TO_BASE)
                  20000058    00000010     timer.obj (.data:TIMER_NUM_TO_BASE)
                  20000068    00000010     main.obj (.data)
                  20000078    0000000c     rtsv7M4_T_le_v4SPD16_eabi.lib : exit.obj (.data:$O1$$)
                  20000084    00000008                                   : _lock.obj (.data:$O1$$)
                  2000008c    00000008     lcd.obj (.data:cstchar1)
                  20000094    00000008     lcd.obj (.data:cstchar2)
                  2000009c    00000008     lcd.obj (.data:cstchar3)
                  200000a4    00000004     rtsv7M4_T_le_v4SPD16_eabi.lib : errno.obj (.data)
                  200000a8    00000004                                   : stkdepth_vars.obj (.data)
                  200000ac    00000004     system_msp432p401r.obj (.data)
                  200000b0    00000002     lcd.obj (.data:colStartIndex)

.bss       0    200000b4    00000024     UNINITIALIZED
                  200000b4    00000018     (.common:adcResults)
                  200000cc    00000008     main.obj (.bss)
                  200000d4    00000004     (.common:rawdist)

.stack     0    2000fe00    00000200     UNINITIALIZED
                  2000fe00    00000200     --HOLE--

MODULE SUMMARY

       Module                        code    ro data   rw data
       ------                        ----    -------   -------
    .\
       main.obj                      1044    0         104    
       lcd.obj                       800     0         52     
       system_msp432p401r.obj        820     0         8      
       gpio.obj                      588     0         88     
       delay.obj                     436     0         0      
       interrupt.obj                 332     0         88     
       startup_msp432p401r_ccs.obj   14      228       0      
       timer.obj                     156     0         32     
    +--+-----------------------------+-------+---------+---------+
       Total:                        4190    228       372    
                                                              
    C:\ti\ccsv7\tools\compiler\ti-cgt-arm_16.9.7.LTS\lib\rtsv7M4_T_le_v4SPD16_eabi.lib
       _printfi.obj                  4414    0         0      
       ull_div_t2.obj                500     0         0      
       fd_add_t2.obj                 438     0         0      
       fd_div_t2.obj                 310     0         0      
       fd_cmp_t2.obj                 268     0         0      
       ctype.obj                     0       257       0      
       fd_mul_t2.obj                 252     0         0      
       s_scalbn.obj                  252     0         0      
       memcpy_t2.obj                 156     0         0      
       memset_t2.obj                 122     0         0      
       autoinit.obj                  112     0         0      
       exit.obj                      84      0         24     
       copy_decompress_lzss.obj      104     0         0      
       s_frexp.obj                   100     0         0      
       sprintf.obj                   96      0         0      
       boot.obj                      84      0         0      
       ltoa.obj                      84      0         0      
       atoi.obj                      76      0         0      
       cpy_tbl.obj                   76      0         0      
       fd_toi_t2.obj                 72      0         0      
       i_tofd_t2.obj                 46      0         0      
       _lock.obj                     20      0         16     
       memccpy.obj                   28      0         0      
       args_main.obj                 24      0         0      
       strchr.obj                    22      0         0      
       s_copysign.obj                20      0         0      
       strlen.obj                    20      0         0      
       copy_decompress_none.obj      14      0         0      
       copy_zero_init.obj            12      0         0      
       errno.obj                     0       0         8      
       stkdepth_vars.obj             0       0         8      
       pre_init.obj                  4       0         0      
       mpu_init.obj                  2       0         0      
       startup.obj                   2       0         0      
    +--+-----------------------------+-------+---------+---------+
       Total:                        7814    257       56     
                                                              
       Stack:                        0       0         1024   
       Linker Generated:             0       139       0      
    +--+-----------------------------+-------+---------+---------+
       Grand Total:                  12004   624       1452   


LINKER GENERATED COPY TABLES

__TI_cinit_table @ 00003158 records: 2, size/record: 8, table size: 16
	.data: load addr=000030d8, load size=00000067 bytes, run addr=20000000, run size=000000b2 bytes, compression=lzss
	.bss: load addr=00003150, load size=00000008 bytes, run addr=200000b4, run size=00000024 bytes, compression=zero_init


LINKER GENERATED HANDLER TABLE

__TI_handler_table @ 00003140 records: 3, size/record: 4, table size: 12
	index: 0, handler: __TI_decompress_lzss
	index: 1, handler: __TI_decompress_none
	index: 2, handler: __TI_zero_init


GLOBAL SYMBOLS: SORTED ALPHABETICALLY BY Name 

address   name                           
-------   ----                           
00001389  ADC14_IRQHandler               
00001389  ADC14_IRQHandler               
00002fbf  AES256_IRQHandler              
00002fbf  BusFault_Handler               
00002d15  C$$EXIT                        
00002fbf  COMP_E0_IRQHandler             
00002fbf  COMP_E1_IRQHandler             
00002fbf  CS_IRQHandler                  
00002fbf  DMA_ERR_IRQHandler             
00002fbf  DMA_INT0_IRQHandler            
00002fbf  DMA_INT1_IRQHandler            
00002fbf  DMA_INT2_IRQHandler            
00002fbf  DMA_INT3_IRQHandler            
00002fbf  DebugMon_Handler               
00002fbf  Default_Handler                
00002fbf  EUSCIA0_IRQHandler             
00002fbf  EUSCIA1_IRQHandler             
00002fbf  EUSCIA2_IRQHandler             
00002fbf  EUSCIA3_IRQHandler             
00002fbf  EUSCIB0_IRQHandler             
00002fbf  EUSCIB1_IRQHandler             
00002fbf  EUSCIB2_IRQHandler             
00002fbf  EUSCIB3_IRQHandler             
00002fbf  FLCTL_IRQHandler               
00002fbf  FPU_IRQHandler                 
00002fbf  HardFault_Handler              
00002fbf  MemManage_Handler              
00002fbf  NMI_Handler                    
00002fbf  PCM_IRQHandler                 
00002fbf  PORT1_IRQHandler               
00002fbf  PORT2_IRQHandler               
00002fbf  PORT3_IRQHandler               
00002fbf  PORT4_IRQHandler               
00002fbf  PORT5_IRQHandler               
00002fbf  PORT6_IRQHandler               
00002fbf  PSS_IRQHandler                 
00002fbf  PendSV_Handler                 
00002fbf  RTC_C_IRQHandler               
00002fb3  Reset_Handler                  
UNDEFED   SHT$$INIT_ARRAY$$Base          
UNDEFED   SHT$$INIT_ARRAY$$Limit         
00002fbf  SVC_Handler                    
00002fbf  SysTick_Handler                
200000ac  SystemCoreClock                
00001639  SystemCoreClockUpdate          
000018b1  SystemInit                     
00002fbf  T32_INT1_IRQHandler            
00002fbf  T32_INT2_IRQHandler            
00002fbf  T32_INTC_IRQHandler            
00002fbf  TA0_0_IRQHandler               
00002fbf  TA0_N_IRQHandler               
00001495  TA1_0_IRQHandler               
00001495  TA1_0_IRQHandler               
00002fbf  TA1_N_IRQHandler               
00002fbf  TA2_0_IRQHandler               
00002fbf  TA2_N_IRQHandler               
00002fbf  TA3_0_IRQHandler               
00002fbf  TA3_N_IRQHandler               
00002fbf  UsageFault_Handler             
4000480c  WDTCTL_SYM                     
00002fbf  WDT_A_IRQHandler               
20010000  __STACK_END                    
00000200  __STACK_SIZE                   
00003158  __TI_CINIT_Base                
00003168  __TI_CINIT_Limit               
00003140  __TI_Handler_Table_Base        
0000314c  __TI_Handler_Table_Limit       
00002b25  __TI_auto_init                 
20000078  __TI_cleanup_ptr               
00002b95  __TI_decompress_lzss           
00002fa5  __TI_decompress_none           
2000007c  __TI_dtors_ptr                 
20000080  __TI_enable_exit_profile_output
ffffffff  __TI_pprof_out_hndl            
00000929  __TI_printfi                   
ffffffff  __TI_prof_data_size            
ffffffff  __TI_prof_data_start           
00000000  __TI_static_base__             
00002fc1  __TI_zero_init                 
0000299d  __aeabi_cdcmpeq                
0000299d  __aeabi_cdcmple                
00002a23  __aeabi_cdrcmple               
00002e55  __aeabi_d2iz                   
000020d7  __aeabi_dadd                   
00002535  __aeabi_ddiv                   
0000266b  __aeabi_dmul                   
000020cd  __aeabi_dsub                   
00002e9d  __aeabi_i2d                    
00002aa9  __aeabi_memclr                 
00002aa9  __aeabi_memclr4                
00002aa9  __aeabi_memclr8                
00002865  __aeabi_memcpy                 
00002865  __aeabi_memcpy4                
00002865  __aeabi_memcpy8                
00002aab  __aeabi_memset                 
00002aab  __aeabi_memset4                
00002aab  __aeabi_memset8                
00001ed9  __aeabi_uldivmod               
ffffffff  __binit__                      
ffffffff  __c_args__                     
00001223  __mpu_init                     
2000fe00  __stack                        
00002f39  _args_main                     
00002cc1  _c_int00                       
00002fd0  _ctypes_                       
20000084  _lock                          
00002f77  _nop                           
00002f6f  _register_lock                 
00002f69  _register_unlock               
00002283  _system_post_cinit             
00002fcd  _system_pre_init               
20000088  _unlock                        
00002d19  abort                          
200000b4  adcResults                     
00002dbd  atoi                           
ffffffff  binit                          
000019fd  checkBF                        
200000b0  colStartIndex                  
00002e09  copy_in                        
00002f7d  copysign                       
00002f7d  copysignl                      
00001c25  createChar                     
2000008c  cstchar1                       
20000094  cstchar2                       
2000009c  cstchar3                       
20000068  deb                            
00002ef7  delay_ms                       
00002ecb  delay_us                       
00002453  disableExtInt                  
000024f3  disableNVIC                    
00002427  enableExtInt                   
200000a4  errno                          
00002d21  exit                           
00002bfd  frexp                          
00002bfd  frexpl                         
00001caf  gpioClear                      
00001cf3  gpioRead                       
00001c8d  gpioSet                        
00001cd1  gpioToggle                     
00001d13  gpio_init                      
00002285  initClock                      
000023e9  initExtInt                     
000024c5  initNVIC                       
00000000  interruptVectors               
0000196d  lcdInit                        
00002769  ldexp                          
00002769  ldexpl                         
00002d69  ltoa                           
00001225  main                           
200000a8  main_func_sp                   
00002f1b  memccpy                        
00002865  memcpy                         
00002ab1  memset                         
00001c01  moveCursor                     
200000d4  rawdist                        
0000249f  readIFG                        
00002769  scalbn                         
00002769  scalbnl                        
00001b0d  sendCharacter                  
00001b29  sendCharacterXY                
00001aab  sendChrNib                     
00001a6d  sendCmdNib                     
00001af1  sendCommand                    
00001ba5  sendInteger                    
00001bc9  sendIntegerXY                  
00001b59  sendString                     
00001b75  sendStringXY                   
00002303  set_DCO                        
00002c61  sprintf                        
00002f51  strchr                         
00002f91  strlen                         
0000294f  timerCCR0                      
0000296d  timerCCR1                      
00002901  timer_init                     
00002479  writeIFG                       


GLOBAL SYMBOLS: SORTED BY Symbol Address 

address   name                           
-------   ----                           
00000000  __TI_static_base__             
00000000  interruptVectors               
00000200  __STACK_SIZE                   
00000929  __TI_printfi                   
00001223  __mpu_init                     
00001225  main                           
00001389  ADC14_IRQHandler               
00001389  ADC14_IRQHandler               
00001495  TA1_0_IRQHandler               
00001495  TA1_0_IRQHandler               
00001639  SystemCoreClockUpdate          
000018b1  SystemInit                     
0000196d  lcdInit                        
000019fd  checkBF                        
00001a6d  sendCmdNib                     
00001aab  sendChrNib                     
00001af1  sendCommand                    
00001b0d  sendCharacter                  
00001b29  sendCharacterXY                
00001b59  sendString                     
00001b75  sendStringXY                   
00001ba5  sendInteger                    
00001bc9  sendIntegerXY                  
00001c01  moveCursor                     
00001c25  createChar                     
00001c8d  gpioSet                        
00001caf  gpioClear                      
00001cd1  gpioToggle                     
00001cf3  gpioRead                       
00001d13  gpio_init                      
00001ed9  __aeabi_uldivmod               
000020cd  __aeabi_dsub                   
000020d7  __aeabi_dadd                   
00002283  _system_post_cinit             
00002285  initClock                      
00002303  set_DCO                        
000023e9  initExtInt                     
00002427  enableExtInt                   
00002453  disableExtInt                  
00002479  writeIFG                       
0000249f  readIFG                        
000024c5  initNVIC                       
000024f3  disableNVIC                    
00002535  __aeabi_ddiv                   
0000266b  __aeabi_dmul                   
00002769  ldexp                          
00002769  ldexpl                         
00002769  scalbn                         
00002769  scalbnl                        
00002865  __aeabi_memcpy                 
00002865  __aeabi_memcpy4                
00002865  __aeabi_memcpy8                
00002865  memcpy                         
00002901  timer_init                     
0000294f  timerCCR0                      
0000296d  timerCCR1                      
0000299d  __aeabi_cdcmpeq                
0000299d  __aeabi_cdcmple                
00002a23  __aeabi_cdrcmple               
00002aa9  __aeabi_memclr                 
00002aa9  __aeabi_memclr4                
00002aa9  __aeabi_memclr8                
00002aab  __aeabi_memset                 
00002aab  __aeabi_memset4                
00002aab  __aeabi_memset8                
00002ab1  memset                         
00002b25  __TI_auto_init                 
00002b95  __TI_decompress_lzss           
00002bfd  frexp                          
00002bfd  frexpl                         
00002c61  sprintf                        
00002cc1  _c_int00                       
00002d15  C$$EXIT                        
00002d19  abort                          
00002d21  exit                           
00002d69  ltoa                           
00002dbd  atoi                           
00002e09  copy_in                        
00002e55  __aeabi_d2iz                   
00002e9d  __aeabi_i2d                    
00002ecb  delay_us                       
00002ef7  delay_ms                       
00002f1b  memccpy                        
00002f39  _args_main                     
00002f51  strchr                         
00002f69  _register_unlock               
00002f6f  _register_lock                 
00002f77  _nop                           
00002f7d  copysign                       
00002f7d  copysignl                      
00002f91  strlen                         
00002fa5  __TI_decompress_none           
00002fb3  Reset_Handler                  
00002fbf  AES256_IRQHandler              
00002fbf  BusFault_Handler               
00002fbf  COMP_E0_IRQHandler             
00002fbf  COMP_E1_IRQHandler             
00002fbf  CS_IRQHandler                  
00002fbf  DMA_ERR_IRQHandler             
00002fbf  DMA_INT0_IRQHandler            
00002fbf  DMA_INT1_IRQHandler            
00002fbf  DMA_INT2_IRQHandler            
00002fbf  DMA_INT3_IRQHandler            
00002fbf  DebugMon_Handler               
00002fbf  Default_Handler                
00002fbf  EUSCIA0_IRQHandler             
00002fbf  EUSCIA1_IRQHandler             
00002fbf  EUSCIA2_IRQHandler             
00002fbf  EUSCIA3_IRQHandler             
00002fbf  EUSCIB0_IRQHandler             
00002fbf  EUSCIB1_IRQHandler             
00002fbf  EUSCIB2_IRQHandler             
00002fbf  EUSCIB3_IRQHandler             
00002fbf  FLCTL_IRQHandler               
00002fbf  FPU_IRQHandler                 
00002fbf  HardFault_Handler              
00002fbf  MemManage_Handler              
00002fbf  NMI_Handler                    
00002fbf  PCM_IRQHandler                 
00002fbf  PORT1_IRQHandler               
00002fbf  PORT2_IRQHandler               
00002fbf  PORT3_IRQHandler               
00002fbf  PORT4_IRQHandler               
00002fbf  PORT5_IRQHandler               
00002fbf  PORT6_IRQHandler               
00002fbf  PSS_IRQHandler                 
00002fbf  PendSV_Handler                 
00002fbf  RTC_C_IRQHandler               
00002fbf  SVC_Handler                    
00002fbf  SysTick_Handler                
00002fbf  T32_INT1_IRQHandler            
00002fbf  T32_INT2_IRQHandler            
00002fbf  T32_INTC_IRQHandler            
00002fbf  TA0_0_IRQHandler               
00002fbf  TA0_N_IRQHandler               
00002fbf  TA1_N_IRQHandler               
00002fbf  TA2_0_IRQHandler               
00002fbf  TA2_N_IRQHandler               
00002fbf  TA3_0_IRQHandler               
00002fbf  TA3_N_IRQHandler               
00002fbf  UsageFault_Handler             
00002fbf  WDT_A_IRQHandler               
00002fc1  __TI_zero_init                 
00002fcd  _system_pre_init               
00002fd0  _ctypes_                       
00003140  __TI_Handler_Table_Base        
0000314c  __TI_Handler_Table_Limit       
00003158  __TI_CINIT_Base                
00003168  __TI_CINIT_Limit               
20000068  deb                            
20000078  __TI_cleanup_ptr               
2000007c  __TI_dtors_ptr                 
20000080  __TI_enable_exit_profile_output
20000084  _lock                          
20000088  _unlock                        
2000008c  cstchar1                       
20000094  cstchar2                       
2000009c  cstchar3                       
200000a4  errno                          
200000a8  main_func_sp                   
200000ac  SystemCoreClock                
200000b0  colStartIndex                  
200000b4  adcResults                     
200000d4  rawdist                        
2000fe00  __stack                        
20010000  __STACK_END                    
4000480c  WDTCTL_SYM                     
ffffffff  __TI_pprof_out_hndl            
ffffffff  __TI_prof_data_size            
ffffffff  __TI_prof_data_start           
ffffffff  __binit__                      
ffffffff  __c_args__                     
ffffffff  binit                          
UNDEFED   SHT$$INIT_ARRAY$$Base          
UNDEFED   SHT$$INIT_ARRAY$$Limit         

[175 symbols]
