******************************************************************************
                  TI ARM Linker PC v16.9.7                     
******************************************************************************
>> Linked Mon May 07 14:55:09 2018

OUTPUT FILE NAME:   <CPE329-A8.out>
ENTRY POINT SYMBOL: "_c_int00"  address: 00000aed


MEMORY CONFIGURATION

         name            origin    length      used     unused   attr    fill
----------------------  --------  ---------  --------  --------  ----  --------
  MAIN                  00000000   00040000  00000ca0  0003f360  R  X
  INFO                  00200000   00004000  00000000  00004000  R  X
  SRAM_CODE             01000000   00010000  0000024b  0000fdb5  RW X
  SRAM_DATA             20000000   00010000  0000024b  0000fdb5  RW  


SEGMENT ALLOCATION MAP

run origin  load origin   length   init length attrs members
----------  ----------- ---------- ----------- ----- -------
00000000    00000000    00000ca4   00000ca4    r-x
  00000000    00000000    000000e4   000000e4    r-- .intvecs
  000000e4    000000e4    00000b70   00000b70    r-x .text
  00000c58    00000c58    0000004c   0000004c    r-- .cinit
20000000    20000000    0000004b   00000000    rw-
  20000000    20000000    0000004b   00000000    rw- .data
2000fe00    2000fe00    00000200   00000000    rw-
  2000fe00    2000fe00    00000200   00000000    rw- .stack


SECTION ALLOCATION MAP

 output                                  attributes/
section   page    origin      length       input sections
--------  ----  ----------  ----------   ----------------
.intvecs   0    00000000    000000e4     
                  00000000    000000e4     startup_msp432p401r_ccs.obj (.intvecs:retain)

.binit     0    00000000    00000000     

.text      0    000000e4    00000b70     
                  000000e4    00000334     system_msp432p401r.obj (.text)
                  00000418    0000024c     gpio.obj (.text)
                  00000664    00000164     delay.obj (.text)
                  000007c8    00000138     main.obj (.text)
                  00000900    0000009c     rtsv7M4_T_le_v4SPD16_eabi.lib : memcpy_t2.obj (.text)
                  0000099c    00000078     spi.obj (.text)
                  00000a14    00000070     rtsv7M4_T_le_v4SPD16_eabi.lib : autoinit.obj (.text)
                  00000a84    00000068                                   : copy_decompress_lzss.obj (.text:decompress:lzss)
                  00000aec    00000054                                   : boot.obj (.text)
                  00000b40    00000054                                   : exit.obj (.text)
                  00000b94    0000004c                                   : cpy_tbl.obj (.text)
                  00000be0    00000024     delay.obj (.text:delay_ms)
                  00000c04    00000018     rtsv7M4_T_le_v4SPD16_eabi.lib : args_main.obj (.text)
                  00000c1c    00000014                                   : _lock.obj (.text)
                  00000c30    0000000e                                   : copy_decompress_none.obj (.text:decompress:none)
                  00000c3e    0000000e     startup_msp432p401r_ccs.obj (.text)
                  00000c4c    00000004     rtsv7M4_T_le_v4SPD16_eabi.lib : pre_init.obj (.text)
                  00000c50    00000002                                   : mpu_init.obj (.text)
                  00000c52    00000002                                   : startup.obj (.text)

.cinit     0    00000c58    0000004c     
                  00000c58    0000003b     (.cinit..data.load) [load image, compression = lzss]
                  00000c93    00000001     --HOLE-- [fill = 0]
                  00000c94    00000008     (__TI_handler_table)
                  00000c9c    00000008     (__TI_cinit_table)

.init_array 
*          0    00000000    00000000     UNINITIALIZED

.data      0    20000000    0000004b     UNINITIALIZED
                  20000000    0000002c     gpio.obj (.data:GPIO_PORT_TO_BASE)
                  2000002c    0000000c     rtsv7M4_T_le_v4SPD16_eabi.lib : exit.obj (.data:$O1$$)
                  20000038    00000008                                   : _lock.obj (.data:$O1$$)
                  20000040    00000004                                   : stkdepth_vars.obj (.data)
                  20000044    00000004     system_msp432p401r.obj (.data)
                  20000048    00000003     main.obj (.data)

.stack     0    2000fe00    00000200     UNINITIALIZED
                  2000fe00    00000200     --HOLE--

MODULE SUMMARY

       Module                        code   ro data   rw data
       ------                        ----   -------   -------
    .\
       system_msp432p401r.obj        820    0         8      
       gpio.obj                      588    0         88     
       delay.obj                     392    0         0      
       main.obj                      312    0         6      
       startup_msp432p401r_ccs.obj   14     228       0      
       spi.obj                       120    0         0      
    +--+-----------------------------+------+---------+---------+
       Total:                        2246   228       102    
                                                             
    C:\ti\ccsv7\tools\compiler\ti-cgt-arm_16.9.7.LTS\lib\rtsv7M4_T_le_v4SPD16_eabi.lib
       memcpy_t2.obj                 156    0         0      
       autoinit.obj                  112    0         0      
       exit.obj                      84     0         24     
       copy_decompress_lzss.obj      104    0         0      
       boot.obj                      84     0         0      
       cpy_tbl.obj                   76     0         0      
       _lock.obj                     20     0         16     
       args_main.obj                 24     0         0      
       copy_decompress_none.obj      14     0         0      
       stkdepth_vars.obj             0      0         8      
       pre_init.obj                  4      0         0      
       mpu_init.obj                  2      0         0      
       startup.obj                   2      0         0      
    +--+-----------------------------+------+---------+---------+
       Total:                        682    0         48     
                                                             
       Stack:                        0      0         1024   
       Linker Generated:             0      75        0      
    +--+-----------------------------+------+---------+---------+
       Grand Total:                  2928   303       1174   


LINKER GENERATED COPY TABLES

__TI_cinit_table @ 00000c9c records: 1, size/record: 8, table size: 8
	.data: load addr=00000c58, load size=0000003b bytes, run addr=20000000, run size=0000004b bytes, compression=lzss


LINKER GENERATED HANDLER TABLE

__TI_handler_table @ 00000c94 records: 2, size/record: 4, table size: 8
	index: 0, handler: __TI_decompress_lzss
	index: 1, handler: __TI_decompress_none


GLOBAL SYMBOLS: SORTED ALPHABETICALLY BY Name 

address   name                           
-------   ----                           
00000c4b  ADC14_IRQHandler               
00000c4b  AES256_IRQHandler              
00000c4b  BusFault_Handler               
00000b41  C$$EXIT                        
00000c4b  COMP_E0_IRQHandler             
00000c4b  COMP_E1_IRQHandler             
00000c4b  CS_IRQHandler                  
00000c4b  DMA_ERR_IRQHandler             
00000c4b  DMA_INT0_IRQHandler            
00000c4b  DMA_INT1_IRQHandler            
00000c4b  DMA_INT2_IRQHandler            
00000c4b  DMA_INT3_IRQHandler            
00000c4b  DebugMon_Handler               
00000c4b  Default_Handler                
00000853  EUSCIA0_IRQHandler             
00000853  EUSCIA0_IRQHandler             
00000c4b  EUSCIA1_IRQHandler             
00000c4b  EUSCIA2_IRQHandler             
00000c4b  EUSCIA3_IRQHandler             
00000c4b  EUSCIB0_IRQHandler             
00000c4b  EUSCIB1_IRQHandler             
00000c4b  EUSCIB2_IRQHandler             
00000c4b  EUSCIB3_IRQHandler             
00000c4b  FLCTL_IRQHandler               
00000c4b  FPU_IRQHandler                 
00000c4b  HardFault_Handler              
00000c4b  MemManage_Handler              
00000c4b  NMI_Handler                    
00000c4b  PCM_IRQHandler                 
00000c4b  PORT1_IRQHandler               
00000c4b  PORT2_IRQHandler               
00000c4b  PORT3_IRQHandler               
00000c4b  PORT4_IRQHandler               
00000c4b  PORT5_IRQHandler               
00000c4b  PORT6_IRQHandler               
00000c4b  PSS_IRQHandler                 
00000c4b  PendSV_Handler                 
00000c4b  RTC_C_IRQHandler               
00000c3f  Reset_Handler                  
UNDEFED   SHT$$INIT_ARRAY$$Base          
UNDEFED   SHT$$INIT_ARRAY$$Limit         
00000c4b  SVC_Handler                    
00000c4b  SysTick_Handler                
20000044  SystemCoreClock                
000000e5  SystemCoreClockUpdate          
0000035d  SystemInit                     
00000c4b  T32_INT1_IRQHandler            
00000c4b  T32_INT2_IRQHandler            
00000c4b  T32_INTC_IRQHandler            
00000c4b  TA0_0_IRQHandler               
00000c4b  TA0_N_IRQHandler               
00000c4b  TA1_0_IRQHandler               
00000c4b  TA1_N_IRQHandler               
00000c4b  TA2_0_IRQHandler               
00000c4b  TA2_N_IRQHandler               
00000c4b  TA3_0_IRQHandler               
00000c4b  TA3_N_IRQHandler               
00000c4b  UsageFault_Handler             
4000480c  WDTCTL_SYM                     
00000c4b  WDT_A_IRQHandler               
20010000  __STACK_END                    
00000200  __STACK_SIZE                   
00000c9c  __TI_CINIT_Base                
00000ca4  __TI_CINIT_Limit               
00000c94  __TI_Handler_Table_Base        
00000c9c  __TI_Handler_Table_Limit       
00000a15  __TI_auto_init                 
2000002c  __TI_cleanup_ptr               
00000a85  __TI_decompress_lzss           
00000c31  __TI_decompress_none           
20000030  __TI_dtors_ptr                 
20000034  __TI_enable_exit_profile_output
ffffffff  __TI_pprof_out_hndl            
ffffffff  __TI_prof_data_size            
ffffffff  __TI_prof_data_start           
00000000  __TI_static_base__             
00000901  __aeabi_memcpy                 
00000901  __aeabi_memcpy4                
00000901  __aeabi_memcpy8                
ffffffff  __binit__                      
ffffffff  __c_args__                     
00000c51  __mpu_init                     
2000fe00  __stack                        
00000c05  _args_main                     
00000aed  _c_int00                       
20000038  _lock                          
00000c2b  _nop                           
00000c23  _register_lock                 
00000c1d  _register_unlock               
00000c53  _system_post_cinit             
00000c4d  _system_pre_init               
2000003c  _unlock                        
00000b45  abort                          
ffffffff  binit                          
00000b95  copy_in                        
00000be1  delay_ms                       
000009df  driveDAC                       
00000b4d  exit                           
2000004a  flag                           
0000043b  gpioClear                      
0000047f  gpioRead                       
00000419  gpioSet                        
0000045d  gpioToggle                     
0000049f  gpio_init                      
00000665  initClock                      
00000000  interruptVectors               
000007c9  main                           
20000040  main_func_sp                   
00000901  memcpy                         
20000048  result                         
000006e3  set_DCO                        
0000099d  spiInit                        


GLOBAL SYMBOLS: SORTED BY Symbol Address 

address   name                           
-------   ----                           
00000000  __TI_static_base__             
00000000  interruptVectors               
000000e5  SystemCoreClockUpdate          
00000200  __STACK_SIZE                   
0000035d  SystemInit                     
00000419  gpioSet                        
0000043b  gpioClear                      
0000045d  gpioToggle                     
0000047f  gpioRead                       
0000049f  gpio_init                      
00000665  initClock                      
000006e3  set_DCO                        
000007c9  main                           
00000853  EUSCIA0_IRQHandler             
00000853  EUSCIA0_IRQHandler             
00000901  __aeabi_memcpy                 
00000901  __aeabi_memcpy4                
00000901  __aeabi_memcpy8                
00000901  memcpy                         
0000099d  spiInit                        
000009df  driveDAC                       
00000a15  __TI_auto_init                 
00000a85  __TI_decompress_lzss           
00000aed  _c_int00                       
00000b41  C$$EXIT                        
00000b45  abort                          
00000b4d  exit                           
00000b95  copy_in                        
00000be1  delay_ms                       
00000c05  _args_main                     
00000c1d  _register_unlock               
00000c23  _register_lock                 
00000c2b  _nop                           
00000c31  __TI_decompress_none           
00000c3f  Reset_Handler                  
00000c4b  ADC14_IRQHandler               
00000c4b  AES256_IRQHandler              
00000c4b  BusFault_Handler               
00000c4b  COMP_E0_IRQHandler             
00000c4b  COMP_E1_IRQHandler             
00000c4b  CS_IRQHandler                  
00000c4b  DMA_ERR_IRQHandler             
00000c4b  DMA_INT0_IRQHandler            
00000c4b  DMA_INT1_IRQHandler            
00000c4b  DMA_INT2_IRQHandler            
00000c4b  DMA_INT3_IRQHandler            
00000c4b  DebugMon_Handler               
00000c4b  Default_Handler                
00000c4b  EUSCIA1_IRQHandler             
00000c4b  EUSCIA2_IRQHandler             
00000c4b  EUSCIA3_IRQHandler             
00000c4b  EUSCIB0_IRQHandler             
00000c4b  EUSCIB1_IRQHandler             
00000c4b  EUSCIB2_IRQHandler             
00000c4b  EUSCIB3_IRQHandler             
00000c4b  FLCTL_IRQHandler               
00000c4b  FPU_IRQHandler                 
00000c4b  HardFault_Handler              
00000c4b  MemManage_Handler              
00000c4b  NMI_Handler                    
00000c4b  PCM_IRQHandler                 
00000c4b  PORT1_IRQHandler               
00000c4b  PORT2_IRQHandler               
00000c4b  PORT3_IRQHandler               
00000c4b  PORT4_IRQHandler               
00000c4b  PORT5_IRQHandler               
00000c4b  PORT6_IRQHandler               
00000c4b  PSS_IRQHandler                 
00000c4b  PendSV_Handler                 
00000c4b  RTC_C_IRQHandler               
00000c4b  SVC_Handler                    
00000c4b  SysTick_Handler                
00000c4b  T32_INT1_IRQHandler            
00000c4b  T32_INT2_IRQHandler            
00000c4b  T32_INTC_IRQHandler            
00000c4b  TA0_0_IRQHandler               
00000c4b  TA0_N_IRQHandler               
00000c4b  TA1_0_IRQHandler               
00000c4b  TA1_N_IRQHandler               
00000c4b  TA2_0_IRQHandler               
00000c4b  TA2_N_IRQHandler               
00000c4b  TA3_0_IRQHandler               
00000c4b  TA3_N_IRQHandler               
00000c4b  UsageFault_Handler             
00000c4b  WDT_A_IRQHandler               
00000c4d  _system_pre_init               
00000c51  __mpu_init                     
00000c53  _system_post_cinit             
00000c94  __TI_Handler_Table_Base        
00000c9c  __TI_CINIT_Base                
00000c9c  __TI_Handler_Table_Limit       
00000ca4  __TI_CINIT_Limit               
2000002c  __TI_cleanup_ptr               
20000030  __TI_dtors_ptr                 
20000034  __TI_enable_exit_profile_output
20000038  _lock                          
2000003c  _unlock                        
20000040  main_func_sp                   
20000044  SystemCoreClock                
20000048  result                         
2000004a  flag                           
2000fe00  __stack                        
20010000  __STACK_END                    
4000480c  WDTCTL_SYM                     
ffffffff  __TI_pprof_out_hndl            
ffffffff  __TI_prof_data_size            
ffffffff  __TI_prof_data_start           
ffffffff  __binit__                      
ffffffff  __c_args__                     
ffffffff  binit                          
UNDEFED   SHT$$INIT_ARRAY$$Base          
UNDEFED   SHT$$INIT_ARRAY$$Limit         

[112 symbols]
