******************************************************************************
                  TI ARM Linker PC v16.9.7                     
******************************************************************************
>> Linked Mon May 21 18:55:16 2018

OUTPUT FILE NAME:   <CPE329-A8.out>
ENTRY POINT SYMBOL: "_c_int00"  address: 00000d7d


MEMORY CONFIGURATION

         name            origin    length      used     unused   attr    fill
----------------------  --------  ---------  --------  --------  ----  --------
  MAIN                  00000000   00040000  00000f46  0003f0ba  R  X
  INFO                  00200000   00004000  00000000  00004000  R  X
  SRAM_CODE             01000000   00010000  00000277  0000fd89  RW X
  SRAM_DATA             20000000   00010000  00000277  0000fd89  RW  


SEGMENT ALLOCATION MAP

run origin  load origin   length   init length attrs members
----------  ----------- ---------- ----------- ----- -------
00000000    00000000    00000f4c   00000f4c    r-x
  00000000    00000000    000000e4   000000e4    r-- .intvecs
  000000e4    000000e4    00000e16   00000e16    r-x .text
  00000f00    00000f00    0000004c   0000004c    r-- .cinit
20000000    20000000    00000077   00000000    rw-
  20000000    20000000    00000077   00000000    rw- .data
2000fe00    2000fe00    00000200   00000000    rw-
  2000fe00    2000fe00    00000200   00000000    rw- .stack


SECTION ALLOCATION MAP

 output                                  attributes/
section   page    origin      length       input sections
--------  ----  ----------  ----------   ----------------
.intvecs   0    00000000    000000e4     
                  00000000    000000e4     startup_msp432p401r_ccs.obj (.intvecs:retain)

.binit     0    00000000    00000000     

.text      0    000000e4    00000e16     
                  000000e4    00000334     system_msp432p401r.obj (.text)
                  00000418    0000024c     gpio.obj (.text)
                  00000664    00000200     uart.obj (.text)
                  00000864    00000164     delay.obj (.text)
                  000009c8    0000014c     interrupt.obj (.text)
                  00000b14    0000009c     rtsv7M4_T_le_v4SPD16_eabi.lib : memcpy_t2.obj (.text)
                  00000bb0    0000007a                                   : memset_t2.obj (.text)
                  00000c2a    00000002                                   : mpu_init.obj (.text)
                  00000c2c    00000078     spi.obj (.text)
                  00000ca4    00000070     rtsv7M4_T_le_v4SPD16_eabi.lib : autoinit.obj (.text)
                  00000d14    00000068                                   : copy_decompress_lzss.obj (.text:decompress:lzss)
                  00000d7c    00000054                                   : boot.obj (.text)
                  00000dd0    00000054                                   : exit.obj (.text)
                  00000e24    0000004c                                   : cpy_tbl.obj (.text)
                  00000e70    00000028     main.obj (.text)
                  00000e98    00000018     rtsv7M4_T_le_v4SPD16_eabi.lib : args_main.obj (.text)
                  00000eb0    00000014                                   : _lock.obj (.text)
                  00000ec4    00000014                                   : strlen.obj (.text)
                  00000ed8    0000000e                                   : copy_decompress_none.obj (.text:decompress:none)
                  00000ee6    0000000e     startup_msp432p401r_ccs.obj (.text)
                  00000ef4    00000004     rtsv7M4_T_le_v4SPD16_eabi.lib : pre_init.obj (.text)
                  00000ef8    00000002                                   : startup.obj (.text)

.cinit     0    00000f00    0000004c     
                  00000f00    0000003c     (.cinit..data.load) [load image, compression = lzss]
                  00000f3c    00000008     (__TI_handler_table)
                  00000f44    00000008     (__TI_cinit_table)

.init_array 
*          0    00000000    00000000     UNINITIALIZED

.data      0    20000000    00000077     UNINITIALIZED
                  20000000    0000002c     gpio.obj (.data:GPIO_PORT_TO_BASE)
                  2000002c    0000002c     interrupt.obj (.data:GPIO_PORT_TO_BASE)
                  20000058    0000000c     rtsv7M4_T_le_v4SPD16_eabi.lib : exit.obj (.data:$O1$$)
                  20000064    00000008                                   : _lock.obj (.data:$O1$$)
                  2000006c    00000004                                   : stkdepth_vars.obj (.data)
                  20000070    00000004     system_msp432p401r.obj (.data)
                  20000074    00000003     uart.obj (.data)

.stack     0    2000fe00    00000200     UNINITIALIZED
                  2000fe00    00000200     --HOLE--

MODULE SUMMARY

       Module                        code   ro data   rw data
       ------                        ----   -------   -------
    .\
       system_msp432p401r.obj        820    0         8      
       gpio.obj                      588    0         88     
       uart.obj                      512    0         6      
       interrupt.obj                 332    0         88     
       delay.obj                     356    0         0      
       startup_msp432p401r_ccs.obj   14     228       0      
       spi.obj                       120    0         0      
       main.obj                      40     0         0      
    +--+-----------------------------+------+---------+---------+
       Total:                        2782   228       190    
                                                             
    C:\ti\ccsv7\tools\compiler\ti-cgt-arm_16.9.7.LTS\lib\rtsv7M4_T_le_v4SPD16_eabi.lib
       memcpy_t2.obj                 156    0         0      
       memset_t2.obj                 122    0         0      
       autoinit.obj                  112    0         0      
       exit.obj                      84     0         24     
       copy_decompress_lzss.obj      104    0         0      
       boot.obj                      84     0         0      
       cpy_tbl.obj                   76     0         0      
       _lock.obj                     20     0         16     
       args_main.obj                 24     0         0      
       strlen.obj                    20     0         0      
       copy_decompress_none.obj      14     0         0      
       stkdepth_vars.obj             0      0         8      
       pre_init.obj                  4      0         0      
       mpu_init.obj                  2      0         0      
       startup.obj                   2      0         0      
    +--+-----------------------------+------+---------+---------+
       Total:                        824    0         48     
                                                             
       Stack:                        0      0         1024   
       Linker Generated:             0      76        0      
    +--+-----------------------------+------+---------+---------+
       Grand Total:                  3606   304       1262   


LINKER GENERATED COPY TABLES

__TI_cinit_table @ 00000f44 records: 1, size/record: 8, table size: 8
	.data: load addr=00000f00, load size=0000003c bytes, run addr=20000000, run size=00000077 bytes, compression=lzss


LINKER GENERATED HANDLER TABLE

__TI_handler_table @ 00000f3c records: 2, size/record: 4, table size: 8
	index: 0, handler: __TI_decompress_lzss
	index: 1, handler: __TI_decompress_none


GLOBAL SYMBOLS: SORTED ALPHABETICALLY BY Name 

address   name                           
-------   ----                           
00000ef3  ADC14_IRQHandler               
00000ef3  AES256_IRQHandler              
00000ef3  BusFault_Handler               
00000dd1  C$$EXIT                        
00000ef3  COMP_E0_IRQHandler             
00000ef3  COMP_E1_IRQHandler             
00000ef3  CS_IRQHandler                  
00000ef3  DMA_ERR_IRQHandler             
00000ef3  DMA_INT0_IRQHandler            
00000ef3  DMA_INT1_IRQHandler            
00000ef3  DMA_INT2_IRQHandler            
00000ef3  DMA_INT3_IRQHandler            
00000ef3  DebugMon_Handler               
00000ef3  Default_Handler                
000007a7  EUSCIA0_IRQHandler             
000007a7  EUSCIA0_IRQHandler             
00000ef3  EUSCIA1_IRQHandler             
00000ef3  EUSCIA2_IRQHandler             
00000ef3  EUSCIA3_IRQHandler             
00000ef3  EUSCIB0_IRQHandler             
00000ef3  EUSCIB1_IRQHandler             
00000ef3  EUSCIB2_IRQHandler             
00000ef3  EUSCIB3_IRQHandler             
00000ef3  FLCTL_IRQHandler               
00000ef3  FPU_IRQHandler                 
00000ef3  HardFault_Handler              
00000ef3  MemManage_Handler              
00000ef3  NMI_Handler                    
00000ef3  PCM_IRQHandler                 
00000ef3  PORT1_IRQHandler               
00000ef3  PORT2_IRQHandler               
00000ef3  PORT3_IRQHandler               
00000ef3  PORT4_IRQHandler               
00000ef3  PORT5_IRQHandler               
00000ef3  PORT6_IRQHandler               
00000ef3  PSS_IRQHandler                 
00000ef3  PendSV_Handler                 
00000ef3  RTC_C_IRQHandler               
00000ee7  Reset_Handler                  
UNDEFED   SHT$$INIT_ARRAY$$Base          
UNDEFED   SHT$$INIT_ARRAY$$Limit         
00000ef3  SVC_Handler                    
00000ef3  SysTick_Handler                
20000070  SystemCoreClock                
000000e5  SystemCoreClockUpdate          
0000035d  SystemInit                     
00000ef3  T32_INT1_IRQHandler            
00000ef3  T32_INT2_IRQHandler            
00000ef3  T32_INTC_IRQHandler            
00000ef3  TA0_0_IRQHandler               
00000ef3  TA0_N_IRQHandler               
00000ef3  TA1_0_IRQHandler               
00000ef3  TA1_N_IRQHandler               
00000ef3  TA2_0_IRQHandler               
00000ef3  TA2_N_IRQHandler               
00000ef3  TA3_0_IRQHandler               
00000ef3  TA3_N_IRQHandler               
00000ef3  UsageFault_Handler             
4000480c  WDTCTL_SYM                     
00000ef3  WDT_A_IRQHandler               
20010000  __STACK_END                    
00000200  __STACK_SIZE                   
00000f44  __TI_CINIT_Base                
00000f4c  __TI_CINIT_Limit               
00000f3c  __TI_Handler_Table_Base        
00000f44  __TI_Handler_Table_Limit       
00000ca5  __TI_auto_init                 
20000058  __TI_cleanup_ptr               
00000d15  __TI_decompress_lzss           
00000ed9  __TI_decompress_none           
2000005c  __TI_dtors_ptr                 
20000060  __TI_enable_exit_profile_output
ffffffff  __TI_pprof_out_hndl            
ffffffff  __TI_prof_data_size            
ffffffff  __TI_prof_data_start           
00000000  __TI_static_base__             
00000bb1  __aeabi_memclr                 
00000bb1  __aeabi_memclr4                
00000bb1  __aeabi_memclr8                
00000b15  __aeabi_memcpy                 
00000b15  __aeabi_memcpy4                
00000b15  __aeabi_memcpy8                
00000bb3  __aeabi_memset                 
00000bb3  __aeabi_memset4                
00000bb3  __aeabi_memset8                
ffffffff  __binit__                      
ffffffff  __c_args__                     
00000c2b  __mpu_init                     
2000fe00  __stack                        
00000e99  _args_main                     
00000d7d  _c_int00                       
20000064  _lock                          
00000ebf  _nop                           
00000eb7  _register_lock                 
00000eb1  _register_unlock               
00000ef9  _system_post_cinit             
00000ef5  _system_pre_init               
20000068  _unlock                        
00000dd5  abort                          
ffffffff  binit                          
000006c5  checkCR                        
00000e25  copy_in                        
00000a33  disableExtInt                  
00000ad3  disableNVIC                    
00000c6f  driveDAC                       
00000a07  enableExtInt                   
00000ddd  exit                           
000007f7  fputc                          
00000809  fputs                          
0000043b  gpioClear                      
0000047f  gpioRead                       
00000419  gpioSet                        
0000045d  gpioToggle                     
0000049f  gpio_init                      
00000865  initClock                      
000009c9  initExtInt                     
00000aa5  initNVIC                       
00000000  interruptVectors               
00000e71  main                           
2000006c  main_func_sp                   
00000b15  memcpy                         
00000bb9  memset                         
00000a7f  readIFG                        
000008e3  set_DCO                        
00000c2d  spiInit                        
00000ec5  strlen                         
00000665  uartInit                       
000006d9  uartWrite                      
0000078b  uartWriteByte                  
20000074  uartflag                       
00000a59  writeIFG                       


GLOBAL SYMBOLS: SORTED BY Symbol Address 

address   name                           
-------   ----                           
00000000  __TI_static_base__             
00000000  interruptVectors               
000000e5  SystemCoreClockUpdate          
00000200  __STACK_SIZE                   
0000035d  SystemInit                     
00000419  gpioSet                        
0000043b  gpioClear                      
0000045d  gpioToggle                     
0000047f  gpioRead                       
0000049f  gpio_init                      
00000665  uartInit                       
000006c5  checkCR                        
000006d9  uartWrite                      
0000078b  uartWriteByte                  
000007a7  EUSCIA0_IRQHandler             
000007a7  EUSCIA0_IRQHandler             
000007f7  fputc                          
00000809  fputs                          
00000865  initClock                      
000008e3  set_DCO                        
000009c9  initExtInt                     
00000a07  enableExtInt                   
00000a33  disableExtInt                  
00000a59  writeIFG                       
00000a7f  readIFG                        
00000aa5  initNVIC                       
00000ad3  disableNVIC                    
00000b15  __aeabi_memcpy                 
00000b15  __aeabi_memcpy4                
00000b15  __aeabi_memcpy8                
00000b15  memcpy                         
00000bb1  __aeabi_memclr                 
00000bb1  __aeabi_memclr4                
00000bb1  __aeabi_memclr8                
00000bb3  __aeabi_memset                 
00000bb3  __aeabi_memset4                
00000bb3  __aeabi_memset8                
00000bb9  memset                         
00000c2b  __mpu_init                     
00000c2d  spiInit                        
00000c6f  driveDAC                       
00000ca5  __TI_auto_init                 
00000d15  __TI_decompress_lzss           
00000d7d  _c_int00                       
00000dd1  C$$EXIT                        
00000dd5  abort                          
00000ddd  exit                           
00000e25  copy_in                        
00000e71  main                           
00000e99  _args_main                     
00000eb1  _register_unlock               
00000eb7  _register_lock                 
00000ebf  _nop                           
00000ec5  strlen                         
00000ed9  __TI_decompress_none           
00000ee7  Reset_Handler                  
00000ef3  ADC14_IRQHandler               
00000ef3  AES256_IRQHandler              
00000ef3  BusFault_Handler               
00000ef3  COMP_E0_IRQHandler             
00000ef3  COMP_E1_IRQHandler             
00000ef3  CS_IRQHandler                  
00000ef3  DMA_ERR_IRQHandler             
00000ef3  DMA_INT0_IRQHandler            
00000ef3  DMA_INT1_IRQHandler            
00000ef3  DMA_INT2_IRQHandler            
00000ef3  DMA_INT3_IRQHandler            
00000ef3  DebugMon_Handler               
00000ef3  Default_Handler                
00000ef3  EUSCIA1_IRQHandler             
00000ef3  EUSCIA2_IRQHandler             
00000ef3  EUSCIA3_IRQHandler             
00000ef3  EUSCIB0_IRQHandler             
00000ef3  EUSCIB1_IRQHandler             
00000ef3  EUSCIB2_IRQHandler             
00000ef3  EUSCIB3_IRQHandler             
00000ef3  FLCTL_IRQHandler               
00000ef3  FPU_IRQHandler                 
00000ef3  HardFault_Handler              
00000ef3  MemManage_Handler              
00000ef3  NMI_Handler                    
00000ef3  PCM_IRQHandler                 
00000ef3  PORT1_IRQHandler               
00000ef3  PORT2_IRQHandler               
00000ef3  PORT3_IRQHandler               
00000ef3  PORT4_IRQHandler               
00000ef3  PORT5_IRQHandler               
00000ef3  PORT6_IRQHandler               
00000ef3  PSS_IRQHandler                 
00000ef3  PendSV_Handler                 
00000ef3  RTC_C_IRQHandler               
00000ef3  SVC_Handler                    
00000ef3  SysTick_Handler                
00000ef3  T32_INT1_IRQHandler            
00000ef3  T32_INT2_IRQHandler            
00000ef3  T32_INTC_IRQHandler            
00000ef3  TA0_0_IRQHandler               
00000ef3  TA0_N_IRQHandler               
00000ef3  TA1_0_IRQHandler               
00000ef3  TA1_N_IRQHandler               
00000ef3  TA2_0_IRQHandler               
00000ef3  TA2_N_IRQHandler               
00000ef3  TA3_0_IRQHandler               
00000ef3  TA3_N_IRQHandler               
00000ef3  UsageFault_Handler             
00000ef3  WDT_A_IRQHandler               
00000ef5  _system_pre_init               
00000ef9  _system_post_cinit             
00000f3c  __TI_Handler_Table_Base        
00000f44  __TI_CINIT_Base                
00000f44  __TI_Handler_Table_Limit       
00000f4c  __TI_CINIT_Limit               
20000058  __TI_cleanup_ptr               
2000005c  __TI_dtors_ptr                 
20000060  __TI_enable_exit_profile_output
20000064  _lock                          
20000068  _unlock                        
2000006c  main_func_sp                   
20000070  SystemCoreClock                
20000074  uartflag                       
2000fe00  __stack                        
20010000  __STACK_END                    
4000480c  WDTCTL_SYM                     
ffffffff  __TI_pprof_out_hndl            
ffffffff  __TI_prof_data_size            
ffffffff  __TI_prof_data_start           
ffffffff  __binit__                      
ffffffff  __c_args__                     
ffffffff  binit                          
UNDEFED   SHT$$INIT_ARRAY$$Base          
UNDEFED   SHT$$INIT_ARRAY$$Limit         

[131 symbols]
