******************************************************************************
                  TI ARM Linker PC v16.9.7                     
******************************************************************************
>> Linked Fri May 04 20:54:26 2018

OUTPUT FILE NAME:   <CPE329-A5.out>
ENTRY POINT SYMBOL: "_c_int00"  address: 00000be9


MEMORY CONFIGURATION

         name            origin    length      used     unused   attr    fill
----------------------  --------  ---------  --------  --------  ----  --------
  MAIN                  00000000   00040000  00000d84  0003f27c  R  X
  INFO                  00200000   00004000  00000000  00004000  R  X
  SRAM_CODE             01000000   00010000  00000284  0000fd7c  RW X
  SRAM_DATA             20000000   00010000  00000284  0000fd7c  RW  


SEGMENT ALLOCATION MAP

run origin  load origin   length   init length attrs members
----------  ----------- ---------- ----------- ----- -------
00000000    00000000    00000d88   00000d88    r-x
  00000000    00000000    000000e4   000000e4    r-- .intvecs
  000000e4    000000e4    00000c48   00000c48    r-x .text
  00000d30    00000d30    00000058   00000058    r-- .cinit
20000000    20000000    00000084   00000000    rw-
  20000000    20000000    00000084   00000000    rw- .data
2000fe00    2000fe00    00000200   00000000    rw-
  2000fe00    2000fe00    00000200   00000000    rw- .stack


SECTION ALLOCATION MAP

 output                                  attributes/
section   page    origin      length       input sections
--------  ----  ----------  ----------   ----------------
.intvecs   0    00000000    000000e4     
                  00000000    000000e4     startup_msp432p401r_ccs.obj (.intvecs:retain)

.binit     0    00000000    00000000     

.text      0    000000e4    00000c48     
                  000000e4    00000334     system_msp432p401r.obj (.text)
                  00000418    0000024c     gpio.obj (.text)
                  00000664    00000164     delay.obj (.text)
                  000007c8    0000014c     interrupt.obj (.text)
                  00000914    000000c4     main.obj (.text)
                  000009d8    0000009c     rtsv7M4_T_le_v4SPD16_eabi.lib : memcpy_t2.obj (.text)
                  00000a74    0000009c     timer.obj (.text)
                  00000b10    00000070     rtsv7M4_T_le_v4SPD16_eabi.lib : autoinit.obj (.text)
                  00000b80    00000068                                   : copy_decompress_lzss.obj (.text:decompress:lzss)
                  00000be8    00000054                                   : boot.obj (.text)
                  00000c3c    00000054                                   : exit.obj (.text)
                  00000c90    0000004c                                   : cpy_tbl.obj (.text)
                  00000cdc    00000018                                   : args_main.obj (.text)
                  00000cf4    00000014                                   : _lock.obj (.text)
                  00000d08    0000000e                                   : copy_decompress_none.obj (.text:decompress:none)
                  00000d16    0000000e     startup_msp432p401r_ccs.obj (.text)
                  00000d24    00000004     rtsv7M4_T_le_v4SPD16_eabi.lib : pre_init.obj (.text)
                  00000d28    00000002                                   : mpu_init.obj (.text)
                  00000d2a    00000002                                   : startup.obj (.text)

.cinit     0    00000d30    00000058     
                  00000d30    00000047     (.cinit..data.load) [load image, compression = lzss]
                  00000d77    00000001     --HOLE-- [fill = 0]
                  00000d78    00000008     (__TI_handler_table)
                  00000d80    00000008     (__TI_cinit_table)

.init_array 
*          0    00000000    00000000     UNINITIALIZED

.data      0    20000000    00000084     UNINITIALIZED
                  20000000    0000002c     gpio.obj (.data:GPIO_PORT_TO_BASE)
                  2000002c    0000002c     interrupt.obj (.data:GPIO_PORT_TO_BASE)
                  20000058    00000010     timer.obj (.data:TIMER_NUM_TO_BASE)
                  20000068    0000000c     rtsv7M4_T_le_v4SPD16_eabi.lib : exit.obj (.data:$O1$$)
                  20000074    00000008                                   : _lock.obj (.data:$O1$$)
                  2000007c    00000004                                   : stkdepth_vars.obj (.data)
                  20000080    00000004     system_msp432p401r.obj (.data)

.stack     0    2000fe00    00000200     UNINITIALIZED
                  2000fe00    00000200     --HOLE--

MODULE SUMMARY

       Module                        code   ro data   rw data
       ------                        ----   -------   -------
    .\
       system_msp432p401r.obj        820    0         8      
       gpio.obj                      588    0         88     
       interrupt.obj                 332    0         88     
       delay.obj                     356    0         0      
       startup_msp432p401r_ccs.obj   14     228       0      
       main.obj                      196    0         0      
       timer.obj                     156    0         32     
    +--+-----------------------------+------+---------+---------+
       Total:                        2462   228       216    
                                                             
    C:\ti\ccsv7\tools\compiler\ti-cgt-arm_16.9.7.LTS\lib\rtsv7M4_T_le_v4SPD16_eabi.lib
       memcpy_t2.obj                 156    0         0      
       autoinit.obj                  112    0         0      
       exit.obj                      84     0         24     
       copy_decompress_lzss.obj      104    0         0      
       boot.obj                      84     0         0      
       cpy_tbl.obj                   76     0         0      
       _lock.obj                     20     0         16     
       args_main.obj                 24     0         0      
       copy_decompress_none.obj      14     0         0      
       stkdepth_vars.obj             0      0         8      
       pre_init.obj                  4      0         0      
       mpu_init.obj                  2      0         0      
       startup.obj                   2      0         0      
    +--+-----------------------------+------+---------+---------+
       Total:                        682    0         48     
                                                             
       Stack:                        0      0         1024   
       Linker Generated:             0      87        0      
    +--+-----------------------------+------+---------+---------+
       Grand Total:                  3144   315       1288   


LINKER GENERATED COPY TABLES

__TI_cinit_table @ 00000d80 records: 1, size/record: 8, table size: 8
	.data: load addr=00000d30, load size=00000047 bytes, run addr=20000000, run size=00000084 bytes, compression=lzss


LINKER GENERATED HANDLER TABLE

__TI_handler_table @ 00000d78 records: 2, size/record: 4, table size: 8
	index: 0, handler: __TI_decompress_lzss
	index: 1, handler: __TI_decompress_none


GLOBAL SYMBOLS: SORTED ALPHABETICALLY BY Name 

address   name                           
-------   ----                           
00000d23  ADC14_IRQHandler               
00000d23  AES256_IRQHandler              
00000d23  BusFault_Handler               
00000c3d  C$$EXIT                        
00000d23  COMP_E0_IRQHandler             
00000d23  COMP_E1_IRQHandler             
00000d23  CS_IRQHandler                  
00000d23  DMA_ERR_IRQHandler             
00000d23  DMA_INT0_IRQHandler            
00000d23  DMA_INT1_IRQHandler            
00000d23  DMA_INT2_IRQHandler            
00000d23  DMA_INT3_IRQHandler            
00000d23  DebugMon_Handler               
00000d23  Default_Handler                
00000d23  EUSCIA0_IRQHandler             
00000d23  EUSCIA1_IRQHandler             
00000d23  EUSCIA2_IRQHandler             
00000d23  EUSCIA3_IRQHandler             
00000d23  EUSCIB0_IRQHandler             
00000d23  EUSCIB1_IRQHandler             
00000d23  EUSCIB2_IRQHandler             
00000d23  EUSCIB3_IRQHandler             
00000d23  FLCTL_IRQHandler               
00000d23  FPU_IRQHandler                 
00000d23  HardFault_Handler              
00000d23  MemManage_Handler              
00000d23  NMI_Handler                    
00000d23  PCM_IRQHandler                 
00000d23  PORT1_IRQHandler               
00000d23  PORT2_IRQHandler               
00000d23  PORT3_IRQHandler               
00000d23  PORT4_IRQHandler               
00000d23  PORT5_IRQHandler               
00000d23  PORT6_IRQHandler               
00000d23  PSS_IRQHandler                 
00000d23  PendSV_Handler                 
00000d23  RTC_C_IRQHandler               
00000d17  Reset_Handler                  
UNDEFED   SHT$$INIT_ARRAY$$Base          
UNDEFED   SHT$$INIT_ARRAY$$Limit         
00000d23  SVC_Handler                    
00000d23  SysTick_Handler                
20000080  SystemCoreClock                
000000e5  SystemCoreClockUpdate          
0000035d  SystemInit                     
00000d23  T32_INT1_IRQHandler            
00000d23  T32_INT2_IRQHandler            
00000d23  T32_INTC_IRQHandler            
00000d23  TA0_0_IRQHandler               
000009b9  TA0_N_IRQHandler               
000009b9  TA0_N_IRQHandler               
00000d23  TA1_0_IRQHandler               
00000d23  TA1_N_IRQHandler               
00000d23  TA2_0_IRQHandler               
00000d23  TA2_N_IRQHandler               
00000d23  TA3_0_IRQHandler               
00000d23  TA3_N_IRQHandler               
00000d23  UsageFault_Handler             
4000480c  WDTCTL_SYM                     
00000d23  WDT_A_IRQHandler               
20010000  __STACK_END                    
00000200  __STACK_SIZE                   
00000d80  __TI_CINIT_Base                
00000d88  __TI_CINIT_Limit               
00000d78  __TI_Handler_Table_Base        
00000d80  __TI_Handler_Table_Limit       
00000b11  __TI_auto_init                 
20000068  __TI_cleanup_ptr               
00000b81  __TI_decompress_lzss           
00000d09  __TI_decompress_none           
2000006c  __TI_dtors_ptr                 
20000070  __TI_enable_exit_profile_output
ffffffff  __TI_pprof_out_hndl            
ffffffff  __TI_prof_data_size            
ffffffff  __TI_prof_data_start           
00000000  __TI_static_base__             
000009d9  __aeabi_memcpy                 
000009d9  __aeabi_memcpy4                
000009d9  __aeabi_memcpy8                
ffffffff  __binit__                      
ffffffff  __c_args__                     
00000d29  __mpu_init                     
2000fe00  __stack                        
00000cdd  _args_main                     
00000be9  _c_int00                       
20000074  _lock                          
00000d03  _nop                           
00000cfb  _register_lock                 
00000cf5  _register_unlock               
00000d2b  _system_post_cinit             
00000d25  _system_pre_init               
20000078  _unlock                        
00000c41  abort                          
ffffffff  binit                          
00000c91  copy_in                        
00000833  disableExtInt                  
000008d3  disableNVIC                    
00000807  enableExtInt                   
00000c49  exit                           
0000043b  gpioClear                      
0000047f  gpioRead                       
00000419  gpioSet                        
0000045d  gpioToggle                     
0000049f  gpio_init                      
00000665  initClock                      
000007c9  initExtInt                     
000008a5  initNVIC                       
00000000  interruptVectors               
00000915  main                           
2000007c  main_func_sp                   
000009d9  memcpy                         
0000087f  readIFG                        
000006e3  set_DCO                        
UNDEFED   timerCCR                       
00000ac3  timerCCR0                      
00000ae1  timerCCR1                      
00000a75  timer_init                     
00000859  writeIFG                       


GLOBAL SYMBOLS: SORTED BY Symbol Address 

address   name                           
-------   ----                           
00000000  __TI_static_base__             
00000000  interruptVectors               
000000e5  SystemCoreClockUpdate          
00000200  __STACK_SIZE                   
0000035d  SystemInit                     
00000419  gpioSet                        
0000043b  gpioClear                      
0000045d  gpioToggle                     
0000047f  gpioRead                       
0000049f  gpio_init                      
00000665  initClock                      
000006e3  set_DCO                        
000007c9  initExtInt                     
00000807  enableExtInt                   
00000833  disableExtInt                  
00000859  writeIFG                       
0000087f  readIFG                        
000008a5  initNVIC                       
000008d3  disableNVIC                    
00000915  main                           
000009b9  TA0_N_IRQHandler               
000009b9  TA0_N_IRQHandler               
000009d9  __aeabi_memcpy                 
000009d9  __aeabi_memcpy4                
000009d9  __aeabi_memcpy8                
000009d9  memcpy                         
00000a75  timer_init                     
00000ac3  timerCCR0                      
00000ae1  timerCCR1                      
00000b11  __TI_auto_init                 
00000b81  __TI_decompress_lzss           
00000be9  _c_int00                       
00000c3d  C$$EXIT                        
00000c41  abort                          
00000c49  exit                           
00000c91  copy_in                        
00000cdd  _args_main                     
00000cf5  _register_unlock               
00000cfb  _register_lock                 
00000d03  _nop                           
00000d09  __TI_decompress_none           
00000d17  Reset_Handler                  
00000d23  ADC14_IRQHandler               
00000d23  AES256_IRQHandler              
00000d23  BusFault_Handler               
00000d23  COMP_E0_IRQHandler             
00000d23  COMP_E1_IRQHandler             
00000d23  CS_IRQHandler                  
00000d23  DMA_ERR_IRQHandler             
00000d23  DMA_INT0_IRQHandler            
00000d23  DMA_INT1_IRQHandler            
00000d23  DMA_INT2_IRQHandler            
00000d23  DMA_INT3_IRQHandler            
00000d23  DebugMon_Handler               
00000d23  Default_Handler                
00000d23  EUSCIA0_IRQHandler             
00000d23  EUSCIA1_IRQHandler             
00000d23  EUSCIA2_IRQHandler             
00000d23  EUSCIA3_IRQHandler             
00000d23  EUSCIB0_IRQHandler             
00000d23  EUSCIB1_IRQHandler             
00000d23  EUSCIB2_IRQHandler             
00000d23  EUSCIB3_IRQHandler             
00000d23  FLCTL_IRQHandler               
00000d23  FPU_IRQHandler                 
00000d23  HardFault_Handler              
00000d23  MemManage_Handler              
00000d23  NMI_Handler                    
00000d23  PCM_IRQHandler                 
00000d23  PORT1_IRQHandler               
00000d23  PORT2_IRQHandler               
00000d23  PORT3_IRQHandler               
00000d23  PORT4_IRQHandler               
00000d23  PORT5_IRQHandler               
00000d23  PORT6_IRQHandler               
00000d23  PSS_IRQHandler                 
00000d23  PendSV_Handler                 
00000d23  RTC_C_IRQHandler               
00000d23  SVC_Handler                    
00000d23  SysTick_Handler                
00000d23  T32_INT1_IRQHandler            
00000d23  T32_INT2_IRQHandler            
00000d23  T32_INTC_IRQHandler            
00000d23  TA0_0_IRQHandler               
00000d23  TA1_0_IRQHandler               
00000d23  TA1_N_IRQHandler               
00000d23  TA2_0_IRQHandler               
00000d23  TA2_N_IRQHandler               
00000d23  TA3_0_IRQHandler               
00000d23  TA3_N_IRQHandler               
00000d23  UsageFault_Handler             
00000d23  WDT_A_IRQHandler               
00000d25  _system_pre_init               
00000d29  __mpu_init                     
00000d2b  _system_post_cinit             
00000d78  __TI_Handler_Table_Base        
00000d80  __TI_CINIT_Base                
00000d80  __TI_Handler_Table_Limit       
00000d88  __TI_CINIT_Limit               
20000068  __TI_cleanup_ptr               
2000006c  __TI_dtors_ptr                 
20000070  __TI_enable_exit_profile_output
20000074  _lock                          
20000078  _unlock                        
2000007c  main_func_sp                   
20000080  SystemCoreClock                
2000fe00  __stack                        
20010000  __STACK_END                    
4000480c  WDTCTL_SYM                     
ffffffff  __TI_pprof_out_hndl            
ffffffff  __TI_prof_data_size            
ffffffff  __TI_prof_data_start           
ffffffff  __binit__                      
ffffffff  __c_args__                     
ffffffff  binit                          
UNDEFED   SHT$$INIT_ARRAY$$Base          
UNDEFED   SHT$$INIT_ARRAY$$Limit         
UNDEFED   timerCCR                       

[118 symbols]
