******************************************************************************
                  TI ARM Linker PC v16.9.7                     
******************************************************************************
>> Linked Thu May 10 18:24:30 2018

OUTPUT FILE NAME:   <CPE329-P1.out>
ENTRY POINT SYMBOL: "_c_int00"  address: 00002b91


MEMORY CONFIGURATION

         name            origin    length      used     unused   attr    fill
----------------------  --------  ---------  --------  --------  ----  --------
  MAIN                  00000000   00040000  00003031  0003cfcf  R  X
  INFO                  00200000   00004000  00000000  00004000  R  X
  SRAM_CODE             01000000   00010000  000002aa  0000fd56  RW X
  SRAM_DATA             20000000   00010000  000002aa  0000fd56  RW  


SEGMENT ALLOCATION MAP

run origin  load origin   length   init length attrs members
----------  ----------- ---------- ----------- ----- -------
00000000    00000000    00003038   00003038    r-x
  00000000    00000000    000000e4   000000e4    r-- .intvecs
  000000e4    000000e4    00002dbc   00002dbc    r-x .text
  00002ea0    00002ea0    00000101   00000101    r-- .const
  00002fa8    00002fa8    00000090   00000090    r-- .cinit
20000000    20000000    000000aa   00000000    rw-
  20000000    20000000    000000a4   00000000    rw- .data
  200000a4    200000a4    00000006   00000000    rw- .bss
2000fe00    2000fe00    00000200   00000000    rw-
  2000fe00    2000fe00    00000200   00000000    rw- .stack


SECTION ALLOCATION MAP

 output                                  attributes/
section   page    origin      length       input sections
--------  ----  ----------  ----------   ----------------
.intvecs   0    00000000    000000e4     
                  00000000    000000e4     startup_msp432p401r_ccs.obj (.intvecs:retain)

.binit     0    00000000    00000000     

.text      0    000000e4    00002dbc     
                  000000e4    0000113e     rtsv7M4_T_le_v4SPD16_eabi.lib : _printfi.obj (.text)
                  00001222    00000002                                   : mpu_init.obj (.text)
                  00001224    00000334     system_msp432p401r.obj (.text)
                  00001558    0000030c     lcd.obj (.text)
                  00001864    00000290     main.obj (.text)
                  00001af4    0000024c     gpio.obj (.text)
                  00001d40    000001f4     rtsv7M4_T_le_v4SPD16_eabi.lib : ull_div_t2.obj (.text)
                  00001f34    000001b6                                   : fd_add_t2.obj (.text)
                  000020ea    00000002                                   : startup.obj (.text)
                  000020ec    00000164     delay.obj (.text)
                  00002250    0000014c     interrupt.obj (.text)
                  0000239c    00000136     rtsv7M4_T_le_v4SPD16_eabi.lib : fd_div_t2.obj (.text)
                  000024d2    00000002     --HOLE-- [fill = 0]
                  000024d4    00000104     keypad.obj (.text)
                  000025d8    000000fc     rtsv7M4_T_le_v4SPD16_eabi.lib : fd_mul_t2.obj (.text)
                  000026d4    000000fc                                   : s_scalbn.obj (.text)
                  000027d0    0000009c                                   : memcpy_t2.obj (.text)
                  0000286c    00000086                                   : fd_cmp_t2.obj (.text:__aeabi_cdcmple)
                  000028f2    00000086                                   : fd_cmp_t2.obj (.text:__aeabi_cdrcmple)
                  00002978    0000007a                                   : memset_t2.obj (.text)
                  000029f2    00000002     --HOLE-- [fill = 0]
                  000029f4    00000070                                   : autoinit.obj (.text)
                  00002a64    00000068                                   : copy_decompress_lzss.obj (.text:decompress:lzss)
                  00002acc    00000064                                   : s_frexp.obj (.text)
                  00002b30    00000060                                   : sprintf.obj (.text)
                  00002b90    00000054                                   : boot.obj (.text)
                  00002be4    00000054                                   : exit.obj (.text)
                  00002c38    00000054                                   : ltoa.obj (.text)
                  00002c8c    0000004c                                   : atoi.obj (.text)
                  00002cd8    0000004c                                   : cpy_tbl.obj (.text)
                  00002d24    00000048                                   : fd_toi_t2.obj (.text)
                  00002d6c    0000002e                                   : i_tofd_t2.obj (.text)
                  00002d9a    0000002c     delay.obj (.text:delay_us)
                  00002dc6    00000024     delay.obj (.text:delay_ms)
                  00002dea    0000001c     rtsv7M4_T_le_v4SPD16_eabi.lib : memccpy.obj (.text)
                  00002e06    00000002     --HOLE-- [fill = 0]
                  00002e08    00000018                                   : args_main.obj (.text)
                  00002e20    00000016                                   : strchr.obj (.text)
                  00002e36    00000002     --HOLE-- [fill = 0]
                  00002e38    00000014                                   : _lock.obj (.text)
                  00002e4c    00000014                                   : s_copysign.obj (.text)
                  00002e60    00000014                                   : strlen.obj (.text)
                  00002e74    0000000e                                   : copy_decompress_none.obj (.text:decompress:none)
                  00002e82    0000000e     startup_msp432p401r_ccs.obj (.text)
                  00002e90    0000000c     rtsv7M4_T_le_v4SPD16_eabi.lib : copy_zero_init.obj (.text:decompress:ZI)
                  00002e9c    00000004                                   : pre_init.obj (.text)

.const     0    00002ea0    00000101     
                  00002ea0    00000101     rtsv7M4_T_le_v4SPD16_eabi.lib : ctype.obj (.const:.string:_ctypes_)

.cinit     0    00002fa8    00000090     
                  00002fa8    00000066     (.cinit..data.load) [load image, compression = lzss]
                  0000300e    00000002     --HOLE-- [fill = 0]
                  00003010    0000000c     (__TI_handler_table)
                  0000301c    00000004     --HOLE-- [fill = 0]
                  00003020    00000008     (.cinit..bss.load) [load image, compression = zero_init]
                  00003028    00000010     (__TI_cinit_table)

.init_array 
*          0    00000000    00000000     UNINITIALIZED

.data      0    20000000    000000a4     UNINITIALIZED
                  20000000    0000002c     gpio.obj (.data:GPIO_PORT_TO_BASE)
                  2000002c    0000002c     interrupt.obj (.data:GPIO_PORT_TO_BASE)
                  20000058    0000000c     rtsv7M4_T_le_v4SPD16_eabi.lib : exit.obj (.data:$O1$$)
                  20000064    0000000c     keypad.obj (.data:chrArray$1)
                  20000070    00000008     rtsv7M4_T_le_v4SPD16_eabi.lib : _lock.obj (.data:$O1$$)
                  20000078    00000008     lcd.obj (.data:cstchar1)
                  20000080    00000008     lcd.obj (.data:cstchar2)
                  20000088    00000008     lcd.obj (.data:cstchar3)
                  20000090    00000004     main.obj (.data:pwd$4)
                  20000094    00000004     rtsv7M4_T_le_v4SPD16_eabi.lib : errno.obj (.data)
                  20000098    00000004                                   : stkdepth_vars.obj (.data)
                  2000009c    00000004     system_msp432p401r.obj (.data)
                  200000a0    00000002     lcd.obj (.data:colStartIndex)
                  200000a2    00000002     main.obj (.data)

.bss       0    200000a4    00000006     UNINITIALIZED
                  200000a4    00000004     main.obj (.bss:keyArray$2)
                  200000a8    00000001     (.common:flag)
                  200000a9    00000001     (.common:key)

.stack     0    2000fe00    00000200     UNINITIALIZED
                  2000fe00    00000200     --HOLE--

MODULE SUMMARY

       Module                        code    ro data   rw data
       ------                        ----    -------   -------
    .\
       lcd.obj                       780     0         52     
       system_msp432p401r.obj        820     0         8      
       gpio.obj                      588     0         88     
       main.obj                      656     0         20     
       delay.obj                     436     0         0      
       interrupt.obj                 332     0         88     
       keypad.obj                    260     0         28     
       startup_msp432p401r_ccs.obj   14      228       0      
    +--+-----------------------------+-------+---------+---------+
       Total:                        3886    228       284    
                                                              
    C:\ti\ccsv7\tools\compiler\ti-cgt-arm_16.9.7.LTS\lib\rtsv7M4_T_le_v4SPD16_eabi.lib
       _printfi.obj                  4414    0         0      
       ull_div_t2.obj                500     0         0      
       fd_add_t2.obj                 438     0         0      
       fd_div_t2.obj                 310     0         0      
       fd_cmp_t2.obj                 268     0         0      
       ctype.obj                     0       257       0      
       fd_mul_t2.obj                 252     0         0      
       s_scalbn.obj                  252     0         0      
       memcpy_t2.obj                 156     0         0      
       memset_t2.obj                 122     0         0      
       autoinit.obj                  112     0         0      
       exit.obj                      84      0         24     
       copy_decompress_lzss.obj      104     0         0      
       s_frexp.obj                   100     0         0      
       sprintf.obj                   96      0         0      
       boot.obj                      84      0         0      
       ltoa.obj                      84      0         0      
       atoi.obj                      76      0         0      
       cpy_tbl.obj                   76      0         0      
       fd_toi_t2.obj                 72      0         0      
       i_tofd_t2.obj                 46      0         0      
       _lock.obj                     20      0         16     
       memccpy.obj                   28      0         0      
       args_main.obj                 24      0         0      
       strchr.obj                    22      0         0      
       s_copysign.obj                20      0         0      
       strlen.obj                    20      0         0      
       copy_decompress_none.obj      14      0         0      
       copy_zero_init.obj            12      0         0      
       errno.obj                     0       0         8      
       stkdepth_vars.obj             0       0         8      
       pre_init.obj                  4       0         0      
       mpu_init.obj                  2       0         0      
       startup.obj                   2       0         0      
    +--+-----------------------------+-------+---------+---------+
       Total:                        7814    257       56     
                                                              
       Stack:                        0       0         1024   
       Linker Generated:             0       138       0      
    +--+-----------------------------+-------+---------+---------+
       Grand Total:                  11700   623       1364   


LINKER GENERATED COPY TABLES

__TI_cinit_table @ 00003028 records: 2, size/record: 8, table size: 16
	.data: load addr=00002fa8, load size=00000066 bytes, run addr=20000000, run size=000000a4 bytes, compression=lzss
	.bss: load addr=00003020, load size=00000008 bytes, run addr=200000a4, run size=00000006 bytes, compression=zero_init


LINKER GENERATED HANDLER TABLE

__TI_handler_table @ 00003010 records: 3, size/record: 4, table size: 12
	index: 0, handler: __TI_decompress_lzss
	index: 1, handler: __TI_decompress_none
	index: 2, handler: __TI_zero_init


GLOBAL SYMBOLS: SORTED ALPHABETICALLY BY Name 

address   name                           
-------   ----                           
00002e8f  ADC14_IRQHandler               
00002e8f  AES256_IRQHandler              
00002e8f  BusFault_Handler               
00002be5  C$$EXIT                        
00002e8f  COMP_E0_IRQHandler             
00002e8f  COMP_E1_IRQHandler             
00002e8f  CS_IRQHandler                  
00002e8f  DMA_ERR_IRQHandler             
00002e8f  DMA_INT0_IRQHandler            
00002e8f  DMA_INT1_IRQHandler            
00002e8f  DMA_INT2_IRQHandler            
00002e8f  DMA_INT3_IRQHandler            
00002e8f  DebugMon_Handler               
00002e8f  Default_Handler                
00002e8f  EUSCIA0_IRQHandler             
00002e8f  EUSCIA1_IRQHandler             
00002e8f  EUSCIA2_IRQHandler             
00002e8f  EUSCIA3_IRQHandler             
00002e8f  EUSCIB0_IRQHandler             
00002e8f  EUSCIB1_IRQHandler             
00002e8f  EUSCIB2_IRQHandler             
00002e8f  EUSCIB3_IRQHandler             
00002e8f  FLCTL_IRQHandler               
00002e8f  FPU_IRQHandler                 
00002e8f  HardFault_Handler              
00002e8f  MemManage_Handler              
00002e8f  NMI_Handler                    
00002e8f  PCM_IRQHandler                 
00002e8f  PORT1_IRQHandler               
000025a5  PORT2_IRQHandler               
000025a5  PORT2_IRQHandler               
00002e8f  PORT3_IRQHandler               
00002e8f  PORT4_IRQHandler               
00002e8f  PORT5_IRQHandler               
00002e8f  PORT6_IRQHandler               
00002e8f  PSS_IRQHandler                 
00002e8f  PendSV_Handler                 
00002e8f  RTC_C_IRQHandler               
00002e83  Reset_Handler                  
UNDEFED   SHT$$INIT_ARRAY$$Base          
UNDEFED   SHT$$INIT_ARRAY$$Limit         
00002e8f  SVC_Handler                    
00002e8f  SysTick_Handler                
2000009c  SystemCoreClock                
00001225  SystemCoreClockUpdate          
0000149d  SystemInit                     
00002e8f  T32_INT1_IRQHandler            
00002e8f  T32_INT2_IRQHandler            
00002e8f  T32_INTC_IRQHandler            
00002e8f  TA0_0_IRQHandler               
00002e8f  TA0_N_IRQHandler               
00002e8f  TA1_0_IRQHandler               
00002e8f  TA1_N_IRQHandler               
00002e8f  TA2_0_IRQHandler               
00002e8f  TA2_N_IRQHandler               
00002e8f  TA3_0_IRQHandler               
00002e8f  TA3_N_IRQHandler               
00002e8f  UsageFault_Handler             
4000480c  WDTCTL_SYM                     
00002e8f  WDT_A_IRQHandler               
20010000  __STACK_END                    
00000200  __STACK_SIZE                   
00003028  __TI_CINIT_Base                
00003038  __TI_CINIT_Limit               
00003010  __TI_Handler_Table_Base        
0000301c  __TI_Handler_Table_Limit       
000029f5  __TI_auto_init                 
20000058  __TI_cleanup_ptr               
00002a65  __TI_decompress_lzss           
00002e75  __TI_decompress_none           
2000005c  __TI_dtors_ptr                 
20000060  __TI_enable_exit_profile_output
ffffffff  __TI_pprof_out_hndl            
00000929  __TI_printfi                   
ffffffff  __TI_prof_data_size            
ffffffff  __TI_prof_data_start           
00000000  __TI_static_base__             
00002e91  __TI_zero_init                 
0000286d  __aeabi_cdcmpeq                
0000286d  __aeabi_cdcmple                
000028f3  __aeabi_cdrcmple               
00002d25  __aeabi_d2iz                   
00001f3f  __aeabi_dadd                   
0000239d  __aeabi_ddiv                   
000025d9  __aeabi_dmul                   
00001f35  __aeabi_dsub                   
00002d6d  __aeabi_i2d                    
00002979  __aeabi_memclr                 
00002979  __aeabi_memclr4                
00002979  __aeabi_memclr8                
000027d1  __aeabi_memcpy                 
000027d1  __aeabi_memcpy4                
000027d1  __aeabi_memcpy8                
0000297b  __aeabi_memset                 
0000297b  __aeabi_memset4                
0000297b  __aeabi_memset8                
00001d41  __aeabi_uldivmod               
ffffffff  __binit__                      
ffffffff  __c_args__                     
00001223  __mpu_init                     
2000fe00  __stack                        
00002e09  _args_main                     
00002b91  _c_int00                       
00002ea0  _ctypes_                       
20000070  _lock                          
00002e47  _nop                           
00002e3f  _register_lock                 
00002e39  _register_unlock               
000020eb  _system_post_cinit             
00002e9d  _system_pre_init               
20000074  _unlock                        
00002be9  abort                          
00001a77  arrayCmp                       
00002c8d  atoi                           
ffffffff  binit                          
000015e9  checkBF                        
00001a13  checkPwd                       
200000a0  colStartIndex                  
00002cd9  copy_in                        
00002e4d  copysign                       
00002e4d  copysignl                      
00001801  createChar                     
20000078  cstchar1                       
20000080  cstchar2                       
20000088  cstchar3                       
00002dc7  delay_ms                       
00002d9b  delay_us                       
000022bb  disableExtInt                  
0000235b  disableNVIC                    
0000228f  enableExtInt                   
20000094  errno                          
00002bf1  exit                           
200000a8  flag                           
00002acd  frexp                          
00002acd  frexpl                         
00001b17  gpioClear                      
00001b5b  gpioRead                       
00001af5  gpioSet                        
00001b39  gpioToggle                     
00001b7b  gpio_init                      
000020ed  initClock                      
00002251  initExtInt                     
000024d5  initKeypad                     
0000232d  initNVIC                       
00000000  interruptVectors               
200000a9  key                            
00001559  lcdInit                        
000026d5  ldexp                          
000026d5  ldexpl                         
00002c39  ltoa                           
00001865  main                           
20000098  main_func_sp                   
00002deb  memccpy                        
000027d1  memcpy                         
00002981  memset                         
000017dd  moveCursor                     
00002307  readIFG                        
000026d5  scalbn                         
000026d5  scalbnl                        
00002531  scanKeypad                     
000016f9  sendCharacter                  
00001715  sendCharacterXY                
00001697  sendChrNib                     
00001659  sendCmdNib                     
000016dd  sendCommand                    
00001791  sendInteger                    
000017ad  sendIntegerXY                  
00001745  sendString                     
00001761  sendStringXY                   
0000216b  set_DCO                        
00002b31  sprintf                        
00002e21  strchr                         
00002e61  strlen                         
00001887  updateDisplay                  
000022e1  writeIFG                       


GLOBAL SYMBOLS: SORTED BY Symbol Address 

address   name                           
-------   ----                           
00000000  __TI_static_base__             
00000000  interruptVectors               
00000200  __STACK_SIZE                   
00000929  __TI_printfi                   
00001223  __mpu_init                     
00001225  SystemCoreClockUpdate          
0000149d  SystemInit                     
00001559  lcdInit                        
000015e9  checkBF                        
00001659  sendCmdNib                     
00001697  sendChrNib                     
000016dd  sendCommand                    
000016f9  sendCharacter                  
00001715  sendCharacterXY                
00001745  sendString                     
00001761  sendStringXY                   
00001791  sendInteger                    
000017ad  sendIntegerXY                  
000017dd  moveCursor                     
00001801  createChar                     
00001865  main                           
00001887  updateDisplay                  
00001a13  checkPwd                       
00001a77  arrayCmp                       
00001af5  gpioSet                        
00001b17  gpioClear                      
00001b39  gpioToggle                     
00001b5b  gpioRead                       
00001b7b  gpio_init                      
00001d41  __aeabi_uldivmod               
00001f35  __aeabi_dsub                   
00001f3f  __aeabi_dadd                   
000020eb  _system_post_cinit             
000020ed  initClock                      
0000216b  set_DCO                        
00002251  initExtInt                     
0000228f  enableExtInt                   
000022bb  disableExtInt                  
000022e1  writeIFG                       
00002307  readIFG                        
0000232d  initNVIC                       
0000235b  disableNVIC                    
0000239d  __aeabi_ddiv                   
000024d5  initKeypad                     
00002531  scanKeypad                     
000025a5  PORT2_IRQHandler               
000025a5  PORT2_IRQHandler               
000025d9  __aeabi_dmul                   
000026d5  ldexp                          
000026d5  ldexpl                         
000026d5  scalbn                         
000026d5  scalbnl                        
000027d1  __aeabi_memcpy                 
000027d1  __aeabi_memcpy4                
000027d1  __aeabi_memcpy8                
000027d1  memcpy                         
0000286d  __aeabi_cdcmpeq                
0000286d  __aeabi_cdcmple                
000028f3  __aeabi_cdrcmple               
00002979  __aeabi_memclr                 
00002979  __aeabi_memclr4                
00002979  __aeabi_memclr8                
0000297b  __aeabi_memset                 
0000297b  __aeabi_memset4                
0000297b  __aeabi_memset8                
00002981  memset                         
000029f5  __TI_auto_init                 
00002a65  __TI_decompress_lzss           
00002acd  frexp                          
00002acd  frexpl                         
00002b31  sprintf                        
00002b91  _c_int00                       
00002be5  C$$EXIT                        
00002be9  abort                          
00002bf1  exit                           
00002c39  ltoa                           
00002c8d  atoi                           
00002cd9  copy_in                        
00002d25  __aeabi_d2iz                   
00002d6d  __aeabi_i2d                    
00002d9b  delay_us                       
00002dc7  delay_ms                       
00002deb  memccpy                        
00002e09  _args_main                     
00002e21  strchr                         
00002e39  _register_unlock               
00002e3f  _register_lock                 
00002e47  _nop                           
00002e4d  copysign                       
00002e4d  copysignl                      
00002e61  strlen                         
00002e75  __TI_decompress_none           
00002e83  Reset_Handler                  
00002e8f  ADC14_IRQHandler               
00002e8f  AES256_IRQHandler              
00002e8f  BusFault_Handler               
00002e8f  COMP_E0_IRQHandler             
00002e8f  COMP_E1_IRQHandler             
00002e8f  CS_IRQHandler                  
00002e8f  DMA_ERR_IRQHandler             
00002e8f  DMA_INT0_IRQHandler            
00002e8f  DMA_INT1_IRQHandler            
00002e8f  DMA_INT2_IRQHandler            
00002e8f  DMA_INT3_IRQHandler            
00002e8f  DebugMon_Handler               
00002e8f  Default_Handler                
00002e8f  EUSCIA0_IRQHandler             
00002e8f  EUSCIA1_IRQHandler             
00002e8f  EUSCIA2_IRQHandler             
00002e8f  EUSCIA3_IRQHandler             
00002e8f  EUSCIB0_IRQHandler             
00002e8f  EUSCIB1_IRQHandler             
00002e8f  EUSCIB2_IRQHandler             
00002e8f  EUSCIB3_IRQHandler             
00002e8f  FLCTL_IRQHandler               
00002e8f  FPU_IRQHandler                 
00002e8f  HardFault_Handler              
00002e8f  MemManage_Handler              
00002e8f  NMI_Handler                    
00002e8f  PCM_IRQHandler                 
00002e8f  PORT1_IRQHandler               
00002e8f  PORT3_IRQHandler               
00002e8f  PORT4_IRQHandler               
00002e8f  PORT5_IRQHandler               
00002e8f  PORT6_IRQHandler               
00002e8f  PSS_IRQHandler                 
00002e8f  PendSV_Handler                 
00002e8f  RTC_C_IRQHandler               
00002e8f  SVC_Handler                    
00002e8f  SysTick_Handler                
00002e8f  T32_INT1_IRQHandler            
00002e8f  T32_INT2_IRQHandler            
00002e8f  T32_INTC_IRQHandler            
00002e8f  TA0_0_IRQHandler               
00002e8f  TA0_N_IRQHandler               
00002e8f  TA1_0_IRQHandler               
00002e8f  TA1_N_IRQHandler               
00002e8f  TA2_0_IRQHandler               
00002e8f  TA2_N_IRQHandler               
00002e8f  TA3_0_IRQHandler               
00002e8f  TA3_N_IRQHandler               
00002e8f  UsageFault_Handler             
00002e8f  WDT_A_IRQHandler               
00002e91  __TI_zero_init                 
00002e9d  _system_pre_init               
00002ea0  _ctypes_                       
00003010  __TI_Handler_Table_Base        
0000301c  __TI_Handler_Table_Limit       
00003028  __TI_CINIT_Base                
00003038  __TI_CINIT_Limit               
20000058  __TI_cleanup_ptr               
2000005c  __TI_dtors_ptr                 
20000060  __TI_enable_exit_profile_output
20000070  _lock                          
20000074  _unlock                        
20000078  cstchar1                       
20000080  cstchar2                       
20000088  cstchar3                       
20000094  errno                          
20000098  main_func_sp                   
2000009c  SystemCoreClock                
200000a0  colStartIndex                  
200000a8  flag                           
200000a9  key                            
2000fe00  __stack                        
20010000  __STACK_END                    
4000480c  WDTCTL_SYM                     
ffffffff  __TI_pprof_out_hndl            
ffffffff  __TI_prof_data_size            
ffffffff  __TI_prof_data_start           
ffffffff  __binit__                      
ffffffff  __c_args__                     
ffffffff  binit                          
UNDEFED   SHT$$INIT_ARRAY$$Base          
UNDEFED   SHT$$INIT_ARRAY$$Limit         

[175 symbols]
