******************************************************************************
                  TI ARM Linker PC v16.9.7                     
******************************************************************************
>> Linked Mon May 21 18:55:22 2018

OUTPUT FILE NAME:   <CPE329-P2.out>
ENTRY POINT SYMBOL: "_c_int00"  address: 00002fe9


MEMORY CONFIGURATION

         name            origin    length      used     unused   attr    fill
----------------------  --------  ---------  --------  --------  ----  --------
  MAIN                  00000000   00040000  000031b6  0003ce4a  R  X
  INFO                  00200000   00004000  00000000  00004000  R  X
  SRAM_CODE             01000000   00010000  0000029a  0000fd66  RW X
  SRAM_DATA             20000000   00010000  0000029a  0000fd66  RW  


SEGMENT ALLOCATION MAP

run origin  load origin   length   init length attrs members
----------  ----------- ---------- ----------- ----- -------
00000000    00000000    000031b8   000031b8    r-x
  00000000    00000000    000000e4   000000e4    r-- .intvecs
  000000e4    000000e4    00002000   00002000    r-- .const
  000020e4    000020e4    00001052   00001052    r-x .text
  00003138    00003138    00000080   00000080    r-- .cinit
20000000    20000000    0000009a   00000000    rw-
  20000000    20000000    00000098   00000000    rw- .data
  20000098    20000098    00000002   00000000    rw- .bss
2000fe00    2000fe00    00000200   00000000    rw-
  2000fe00    2000fe00    00000200   00000000    rw- .stack


SECTION ALLOCATION MAP

 output                                  attributes/
section   page    origin      length       input sections
--------  ----  ----------  ----------   ----------------
.intvecs   0    00000000    000000e4     
                  00000000    000000e4     startup_msp432p401r_ccs.obj (.intvecs:retain)

.binit     0    00000000    00000000     

.const     0    000000e4    00002000     
                  000000e4    00002000     main.obj (.const:sinlut)

.text      0    000020e4    00001052     
                  000020e4    00000334     system_msp432p401r.obj (.text)
                  00002418    000002cc     main.obj (.text)
                  000026e4    0000024c     gpio.obj (.text)
                  00002930    00000164     delay.obj (.text)
                  00002a94    0000014c     interrupt.obj (.text)
                  00002be0    00000104     keypad.obj (.text)
                  00002ce4    0000009c     rtsv7M4_T_le_v4SPD16_eabi.lib : memcpy_t2.obj (.text)
                  00002d80    0000009c     timer.obj (.text)
                  00002e1c    0000007a     rtsv7M4_T_le_v4SPD16_eabi.lib : memset_t2.obj (.text)
                  00002e96    00000002                                   : mpu_init.obj (.text)
                  00002e98    00000078     spi.obj (.text)
                  00002f10    00000070     rtsv7M4_T_le_v4SPD16_eabi.lib : autoinit.obj (.text)
                  00002f80    00000068                                   : copy_decompress_lzss.obj (.text:decompress:lzss)
                  00002fe8    00000054                                   : boot.obj (.text)
                  0000303c    00000054                                   : exit.obj (.text)
                  00003090    0000004c                                   : cpy_tbl.obj (.text)
                  000030dc    00000018                                   : args_main.obj (.text)
                  000030f4    00000014                                   : _lock.obj (.text)
                  00003108    0000000e                                   : copy_decompress_none.obj (.text:decompress:none)
                  00003116    0000000e     startup_msp432p401r_ccs.obj (.text)
                  00003124    0000000c     rtsv7M4_T_le_v4SPD16_eabi.lib : copy_zero_init.obj (.text:decompress:ZI)
                  00003130    00000004                                   : pre_init.obj (.text)
                  00003134    00000002                                   : startup.obj (.text)

.cinit     0    00003138    00000080     
                  00003138    0000005a     (.cinit..data.load) [load image, compression = lzss]
                  00003192    00000002     --HOLE-- [fill = 0]
                  00003194    0000000c     (__TI_handler_table)
                  000031a0    00000008     (.cinit..bss.load) [load image, compression = zero_init]
                  000031a8    00000010     (__TI_cinit_table)

.init_array 
*          0    00000000    00000000     UNINITIALIZED

.data      0    20000000    00000098     UNINITIALIZED
                  20000000    0000002c     gpio.obj (.data:GPIO_PORT_TO_BASE)
                  2000002c    0000002c     interrupt.obj (.data:GPIO_PORT_TO_BASE)
                  20000058    00000010     timer.obj (.data:TIMER_NUM_TO_BASE)
                  20000068    0000000c     rtsv7M4_T_le_v4SPD16_eabi.lib : exit.obj (.data:$O1$$)
                  20000074    0000000c     keypad.obj (.data:chrArray$1)
                  20000080    00000008     rtsv7M4_T_le_v4SPD16_eabi.lib : _lock.obj (.data:$O1$$)
                  20000088    00000008     main.obj (.data)
                  20000090    00000004     rtsv7M4_T_le_v4SPD16_eabi.lib : stkdepth_vars.obj (.data)
                  20000094    00000004     system_msp432p401r.obj (.data)

.bss       0    20000098    00000002     UNINITIALIZED
                  20000098    00000001     (.common:flag)
                  20000099    00000001     (.common:key)

.stack     0    2000fe00    00000200     UNINITIALIZED
                  2000fe00    00000200     --HOLE--

MODULE SUMMARY

       Module                        code   ro data   rw data
       ------                        ----   -------   -------
    .\
       main.obj                      716    8192      16     
       system_msp432p401r.obj        820    0         8      
       gpio.obj                      588    0         88     
       interrupt.obj                 332    0         88     
       delay.obj                     356    0         0      
       keypad.obj                    260    0         28     
       startup_msp432p401r_ccs.obj   14     228       0      
       timer.obj                     156    0         32     
       spi.obj                       120    0         0      
    +--+-----------------------------+------+---------+---------+
       Total:                        3362   8420      260    
                                                             
    C:\ti\ccsv7\tools\compiler\ti-cgt-arm_16.9.7.LTS\lib\rtsv7M4_T_le_v4SPD16_eabi.lib
       memcpy_t2.obj                 156    0         0      
       memset_t2.obj                 122    0         0      
       autoinit.obj                  112    0         0      
       exit.obj                      84     0         24     
       copy_decompress_lzss.obj      104    0         0      
       boot.obj                      84     0         0      
       cpy_tbl.obj                   76     0         0      
       _lock.obj                     20     0         16     
       args_main.obj                 24     0         0      
       copy_decompress_none.obj      14     0         0      
       copy_zero_init.obj            12     0         0      
       stkdepth_vars.obj             0      0         8      
       pre_init.obj                  4      0         0      
       mpu_init.obj                  2      0         0      
       startup.obj                   2      0         0      
    +--+-----------------------------+------+---------+---------+
       Total:                        816    0         48     
                                                             
       Stack:                        0      0         1024   
       Linker Generated:             0      126       0      
    +--+-----------------------------+------+---------+---------+
       Grand Total:                  4178   8546      1332   


LINKER GENERATED COPY TABLES

__TI_cinit_table @ 000031a8 records: 2, size/record: 8, table size: 16
	.data: load addr=00003138, load size=0000005a bytes, run addr=20000000, run size=00000098 bytes, compression=lzss
	.bss: load addr=000031a0, load size=00000008 bytes, run addr=20000098, run size=00000002 bytes, compression=zero_init


LINKER GENERATED HANDLER TABLE

__TI_handler_table @ 00003194 records: 3, size/record: 4, table size: 12
	index: 0, handler: __TI_decompress_lzss
	index: 1, handler: __TI_decompress_none
	index: 2, handler: __TI_zero_init


GLOBAL SYMBOLS: SORTED ALPHABETICALLY BY Name 

address   name                           
-------   ----                           
00003123  ADC14_IRQHandler               
00003123  AES256_IRQHandler              
00003123  BusFault_Handler               
0000303d  C$$EXIT                        
00003123  COMP_E0_IRQHandler             
00003123  COMP_E1_IRQHandler             
00003123  CS_IRQHandler                  
00003123  DMA_ERR_IRQHandler             
00003123  DMA_INT0_IRQHandler            
00003123  DMA_INT1_IRQHandler            
00003123  DMA_INT2_IRQHandler            
00003123  DMA_INT3_IRQHandler            
00003123  DebugMon_Handler               
00003123  Default_Handler                
00003123  EUSCIA0_IRQHandler             
00003123  EUSCIA1_IRQHandler             
00003123  EUSCIA2_IRQHandler             
00003123  EUSCIA3_IRQHandler             
00003123  EUSCIB0_IRQHandler             
00003123  EUSCIB1_IRQHandler             
00003123  EUSCIB2_IRQHandler             
00003123  EUSCIB3_IRQHandler             
00003123  FLCTL_IRQHandler               
00003123  FPU_IRQHandler                 
00003123  HardFault_Handler              
00003123  MemManage_Handler              
00003123  NMI_Handler                    
00003123  PCM_IRQHandler                 
00003123  PORT1_IRQHandler               
00002cb1  PORT2_IRQHandler               
00002cb1  PORT2_IRQHandler               
00003123  PORT3_IRQHandler               
00003123  PORT4_IRQHandler               
00003123  PORT5_IRQHandler               
00003123  PORT6_IRQHandler               
00003123  PSS_IRQHandler                 
00003123  PendSV_Handler                 
00003123  RTC_C_IRQHandler               
00003117  Reset_Handler                  
UNDEFED   SHT$$INIT_ARRAY$$Base          
UNDEFED   SHT$$INIT_ARRAY$$Limit         
00003123  SVC_Handler                    
00003123  SysTick_Handler                
20000094  SystemCoreClock                
000020e5  SystemCoreClockUpdate          
0000235d  SystemInit                     
00003123  T32_INT1_IRQHandler            
00003123  T32_INT2_IRQHandler            
00003123  T32_INTC_IRQHandler            
000025f5  TA0_0_IRQHandler               
000025f5  TA0_0_IRQHandler               
00002649  TA0_N_IRQHandler               
00002649  TA0_N_IRQHandler               
00003123  TA1_0_IRQHandler               
00002691  TA1_N_IRQHandler               
00002691  TA1_N_IRQHandler               
00003123  TA2_0_IRQHandler               
00003123  TA2_N_IRQHandler               
00003123  TA3_0_IRQHandler               
00003123  TA3_N_IRQHandler               
00003123  UsageFault_Handler             
4000480c  WDTCTL_SYM                     
00003123  WDT_A_IRQHandler               
20010000  __STACK_END                    
00000200  __STACK_SIZE                   
000031a8  __TI_CINIT_Base                
000031b8  __TI_CINIT_Limit               
00003194  __TI_Handler_Table_Base        
000031a0  __TI_Handler_Table_Limit       
00002f11  __TI_auto_init                 
20000068  __TI_cleanup_ptr               
00002f81  __TI_decompress_lzss           
00003109  __TI_decompress_none           
2000006c  __TI_dtors_ptr                 
20000070  __TI_enable_exit_profile_output
ffffffff  __TI_pprof_out_hndl            
ffffffff  __TI_prof_data_size            
ffffffff  __TI_prof_data_start           
00000000  __TI_static_base__             
00003125  __TI_zero_init                 
00002e1d  __aeabi_memclr                 
00002e1d  __aeabi_memclr4                
00002e1d  __aeabi_memclr8                
00002ce5  __aeabi_memcpy                 
00002ce5  __aeabi_memcpy4                
00002ce5  __aeabi_memcpy8                
00002e1f  __aeabi_memset                 
00002e1f  __aeabi_memset4                
00002e1f  __aeabi_memset8                
ffffffff  __binit__                      
ffffffff  __c_args__                     
00002e97  __mpu_init                     
2000fe00  __stack                        
000030dd  _args_main                     
00002fe9  _c_int00                       
20000080  _lock                          
00003103  _nop                           
000030fb  _register_lock                 
000030f5  _register_unlock               
00003135  _system_post_cinit             
00003131  _system_pre_init               
20000084  _unlock                        
00003041  abort                          
ffffffff  binit                          
00003091  copy_in                        
00002aff  disableExtInt                  
00002b9f  disableNVIC                    
00002edb  driveDAC                       
2000008a  edge                           
00002ad3  enableExtInt                   
00003049  exit                           
20000098  flag                           
20000088  freq                           
00002707  gpioClear                      
0000274b  gpioRead                       
000026e5  gpioSet                        
00002729  gpioToggle                     
0000276b  gpio_init                      
00002931  initClock                      
00002a95  initExtInt                     
00002be1  initKeypad                     
00002b71  initNVIC                       
00000000  interruptVectors               
20000099  key                            
00002419  main                           
20000090  main_func_sp                   
00002ce5  memcpy                         
00002e25  memset                         
00002b4b  readIFG                        
00002c3d  scanKeypad                     
000029af  set_DCO                        
00002e99  spiInit                        
00002dcf  timerCCR0                      
00002ded  timerCCR1                      
00002d81  timer_init                     
00002b25  writeIFG                       


GLOBAL SYMBOLS: SORTED BY Symbol Address 

address   name                           
-------   ----                           
00000000  __TI_static_base__             
00000000  interruptVectors               
00000200  __STACK_SIZE                   
000020e5  SystemCoreClockUpdate          
0000235d  SystemInit                     
00002419  main                           
000025f5  TA0_0_IRQHandler               
000025f5  TA0_0_IRQHandler               
00002649  TA0_N_IRQHandler               
00002649  TA0_N_IRQHandler               
00002691  TA1_N_IRQHandler               
00002691  TA1_N_IRQHandler               
000026e5  gpioSet                        
00002707  gpioClear                      
00002729  gpioToggle                     
0000274b  gpioRead                       
0000276b  gpio_init                      
00002931  initClock                      
000029af  set_DCO                        
00002a95  initExtInt                     
00002ad3  enableExtInt                   
00002aff  disableExtInt                  
00002b25  writeIFG                       
00002b4b  readIFG                        
00002b71  initNVIC                       
00002b9f  disableNVIC                    
00002be1  initKeypad                     
00002c3d  scanKeypad                     
00002cb1  PORT2_IRQHandler               
00002cb1  PORT2_IRQHandler               
00002ce5  __aeabi_memcpy                 
00002ce5  __aeabi_memcpy4                
00002ce5  __aeabi_memcpy8                
00002ce5  memcpy                         
00002d81  timer_init                     
00002dcf  timerCCR0                      
00002ded  timerCCR1                      
00002e1d  __aeabi_memclr                 
00002e1d  __aeabi_memclr4                
00002e1d  __aeabi_memclr8                
00002e1f  __aeabi_memset                 
00002e1f  __aeabi_memset4                
00002e1f  __aeabi_memset8                
00002e25  memset                         
00002e97  __mpu_init                     
00002e99  spiInit                        
00002edb  driveDAC                       
00002f11  __TI_auto_init                 
00002f81  __TI_decompress_lzss           
00002fe9  _c_int00                       
0000303d  C$$EXIT                        
00003041  abort                          
00003049  exit                           
00003091  copy_in                        
000030dd  _args_main                     
000030f5  _register_unlock               
000030fb  _register_lock                 
00003103  _nop                           
00003109  __TI_decompress_none           
00003117  Reset_Handler                  
00003123  ADC14_IRQHandler               
00003123  AES256_IRQHandler              
00003123  BusFault_Handler               
00003123  COMP_E0_IRQHandler             
00003123  COMP_E1_IRQHandler             
00003123  CS_IRQHandler                  
00003123  DMA_ERR_IRQHandler             
00003123  DMA_INT0_IRQHandler            
00003123  DMA_INT1_IRQHandler            
00003123  DMA_INT2_IRQHandler            
00003123  DMA_INT3_IRQHandler            
00003123  DebugMon_Handler               
00003123  Default_Handler                
00003123  EUSCIA0_IRQHandler             
00003123  EUSCIA1_IRQHandler             
00003123  EUSCIA2_IRQHandler             
00003123  EUSCIA3_IRQHandler             
00003123  EUSCIB0_IRQHandler             
00003123  EUSCIB1_IRQHandler             
00003123  EUSCIB2_IRQHandler             
00003123  EUSCIB3_IRQHandler             
00003123  FLCTL_IRQHandler               
00003123  FPU_IRQHandler                 
00003123  HardFault_Handler              
00003123  MemManage_Handler              
00003123  NMI_Handler                    
00003123  PCM_IRQHandler                 
00003123  PORT1_IRQHandler               
00003123  PORT3_IRQHandler               
00003123  PORT4_IRQHandler               
00003123  PORT5_IRQHandler               
00003123  PORT6_IRQHandler               
00003123  PSS_IRQHandler                 
00003123  PendSV_Handler                 
00003123  RTC_C_IRQHandler               
00003123  SVC_Handler                    
00003123  SysTick_Handler                
00003123  T32_INT1_IRQHandler            
00003123  T32_INT2_IRQHandler            
00003123  T32_INTC_IRQHandler            
00003123  TA1_0_IRQHandler               
00003123  TA2_0_IRQHandler               
00003123  TA2_N_IRQHandler               
00003123  TA3_0_IRQHandler               
00003123  TA3_N_IRQHandler               
00003123  UsageFault_Handler             
00003123  WDT_A_IRQHandler               
00003125  __TI_zero_init                 
00003131  _system_pre_init               
00003135  _system_post_cinit             
00003194  __TI_Handler_Table_Base        
000031a0  __TI_Handler_Table_Limit       
000031a8  __TI_CINIT_Base                
000031b8  __TI_CINIT_Limit               
20000068  __TI_cleanup_ptr               
2000006c  __TI_dtors_ptr                 
20000070  __TI_enable_exit_profile_output
20000080  _lock                          
20000084  _unlock                        
20000088  freq                           
2000008a  edge                           
20000090  main_func_sp                   
20000094  SystemCoreClock                
20000098  flag                           
20000099  key                            
2000fe00  __stack                        
20010000  __STACK_END                    
4000480c  WDTCTL_SYM                     
ffffffff  __TI_pprof_out_hndl            
ffffffff  __TI_prof_data_size            
ffffffff  __TI_prof_data_start           
ffffffff  __binit__                      
ffffffff  __c_args__                     
ffffffff  binit                          
UNDEFED   SHT$$INIT_ARRAY$$Base          
UNDEFED   SHT$$INIT_ARRAY$$Limit         

[136 symbols]
