******************************************************************************
                  TI ARM Linker PC v16.9.7                     
******************************************************************************
>> Linked Mon May 14 18:47:56 2018

OUTPUT FILE NAME:   <CPE329-P3tmp.out>
ENTRY POINT SYMBOL: "_c_int00"  address: 00002785


MEMORY CONFIGURATION

         name            origin    length      used     unused   attr    fill
----------------------  --------  ---------  --------  --------  ----  --------
  MAIN                  00000000   00040000  00002bf5  0003d40b  R  X
  INFO                  00200000   00004000  00000000  00004000  R  X
  SRAM_CODE             01000000   00010000  0000036b  0000fc95  RW X
  SRAM_DATA             20000000   00010000  0000036b  0000fc95  RW  


SEGMENT ALLOCATION MAP

run origin  load origin   length   init length attrs members
----------  ----------- ---------- ----------- ----- -------
00000000    00000000    00002bf8   00002bf8    r-x
  00000000    00000000    000000e4   000000e4    r-- .intvecs
  000000e4    000000e4    00002998   00002998    r-x .text
  00002a7c    00002a7c    00000101   00000101    r-- .const
  00002b80    00002b80    00000078   00000078    r-- .cinit
20000000    20000000    0000016c   00000000    rw-
  20000000    20000000    00000169   00000000    rw- .data
  2000016a    2000016a    00000002   00000000    rw- .bss
2000fe00    2000fe00    00000200   00000000    rw-
  2000fe00    2000fe00    00000200   00000000    rw- .stack


SECTION ALLOCATION MAP

 output                                  attributes/
section   page    origin      length       input sections
--------  ----  ----------  ----------   ----------------
.intvecs   0    00000000    000000e4     
                  00000000    000000e4     startup_msp432p401r_ccs.obj (.intvecs:retain)

.binit     0    00000000    00000000     

.text      0    000000e4    00002998     
                  000000e4    0000113e     rtsv7M4_T_le_v4SPD16_eabi.lib : _printfi.obj (.text)
                  00001222    00000002                                   : mpu_init.obj (.text)
                  00001224    00000334     system_msp432p401r.obj (.text)
                  00001558    0000024c     gpio.obj (.text)
                  000017a4    00000228     uart.obj (.text)
                  000019cc    000001f4     rtsv7M4_T_le_v4SPD16_eabi.lib : ull_div_t2.obj (.text)
                  00001bc0    000001b6                                   : fd_add_t2.obj (.text)
                  00001d76    00000002                                   : startup.obj (.text)
                  00001d78    00000164     delay.obj (.text)
                  00001edc    0000014c     interrupt.obj (.text)
                  00002028    00000136     rtsv7M4_T_le_v4SPD16_eabi.lib : fd_div_t2.obj (.text)
                  0000215e    000000fc                                   : fd_mul_t2.obj (.text)
                  0000225a    00000002     --HOLE-- [fill = 0]
                  0000225c    000000fc                                   : s_scalbn.obj (.text)
                  00002358    0000009c                                   : memcpy_t2.obj (.text)
                  000023f4    00000086                                   : fd_cmp_t2.obj (.text:__aeabi_cdcmple)
                  0000247a    00000086                                   : fd_cmp_t2.obj (.text:__aeabi_cdrcmple)
                  00002500    0000007a                                   : memset_t2.obj (.text)
                  0000257a    00000002     --HOLE-- [fill = 0]
                  0000257c    00000070                                   : autoinit.obj (.text)
                  000025ec    00000070                                   : printf.obj (.text)
                  0000265c    00000068                                   : copy_decompress_lzss.obj (.text:decompress:lzss)
                  000026c4    00000064                                   : s_frexp.obj (.text)
                  00002728    0000005c     main.obj (.text)
                  00002784    00000054     rtsv7M4_T_le_v4SPD16_eabi.lib : boot.obj (.text)
                  000027d8    00000054                                   : exit.obj (.text)
                  0000282c    00000054                                   : ltoa.obj (.text)
                  00002880    0000004c                                   : atoi.obj (.text)
                  000028cc    0000004c                                   : cpy_tbl.obj (.text)
                  00002918    00000048                                   : fd_toi_t2.obj (.text)
                  00002960    00000038                                   : fs_tod_t2.obj (.text)
                  00002998    0000002e                                   : i_tofd_t2.obj (.text)
                  000029c6    0000001c                                   : memccpy.obj (.text)
                  000029e2    00000002     --HOLE-- [fill = 0]
                  000029e4    00000018                                   : args_main.obj (.text)
                  000029fc    00000016                                   : strchr.obj (.text)
                  00002a12    00000002     --HOLE-- [fill = 0]
                  00002a14    00000014                                   : _lock.obj (.text)
                  00002a28    00000014                                   : s_copysign.obj (.text)
                  00002a3c    00000014                                   : strlen.obj (.text)
                  00002a50    0000000e                                   : copy_decompress_none.obj (.text:decompress:none)
                  00002a5e    0000000e     startup_msp432p401r_ccs.obj (.text)
                  00002a6c    0000000c     rtsv7M4_T_le_v4SPD16_eabi.lib : copy_zero_init.obj (.text:decompress:ZI)
                  00002a78    00000004                                   : pre_init.obj (.text)

.const     0    00002a7c    00000101     
                  00002a7c    00000101     rtsv7M4_T_le_v4SPD16_eabi.lib : ctype.obj (.const:.string:_ctypes_)

.cinit     0    00002b80    00000078     
                  00002b80    00000051     (.cinit..data.load) [load image, compression = lzss]
                  00002bd1    00000003     --HOLE-- [fill = 0]
                  00002bd4    0000000c     (__TI_handler_table)
                  00002be0    00000008     (.cinit..bss.load) [load image, compression = zero_init]
                  00002be8    00000010     (__TI_cinit_table)

.init_array 
*          0    00000000    00000000     UNINITIALIZED

.data      0    20000000    00000169     UNINITIALIZED
                  20000000    000000f0     rtsv7M4_T_le_v4SPD16_eabi.lib : defs.obj (.data:_ftable)
                  200000f0    0000002c     gpio.obj (.data:GPIO_PORT_TO_BASE)
                  2000011c    0000002c     interrupt.obj (.data:GPIO_PORT_TO_BASE)
                  20000148    0000000c     rtsv7M4_T_le_v4SPD16_eabi.lib : exit.obj (.data:$O1$$)
                  20000154    00000008                                   : _lock.obj (.data:$O1$$)
                  2000015c    00000004                                   : errno.obj (.data)
                  20000160    00000004                                   : stkdepth_vars.obj (.data)
                  20000164    00000004     system_msp432p401r.obj (.data)
                  20000168    00000001     uart.obj (.data)

.bss       0    2000016a    00000002     UNINITIALIZED
                  2000016a    00000002     (.common:result)

.stack     0    2000fe00    00000200     UNINITIALIZED
                  2000fe00    00000200     --HOLE--

MODULE SUMMARY

       Module                        code    ro data   rw data
       ------                        ----    -------   -------
    .\
       system_msp432p401r.obj        820     0         8      
       gpio.obj                      588     0         88     
       uart.obj                      552     0         6      
       interrupt.obj                 332     0         88     
       delay.obj                     356     0         0      
       startup_msp432p401r_ccs.obj   14      228       0      
       main.obj                      92      0         0      
    +--+-----------------------------+-------+---------+---------+
       Total:                        2754    228       190    
                                                              
    C:\ti\ccsv7\tools\compiler\ti-cgt-arm_16.9.7.LTS\lib\rtsv7M4_T_le_v4SPD16_eabi.lib
       _printfi.obj                  4414    0         0      
       ull_div_t2.obj                500     0         0      
       defs.obj                      0       0         480    
       fd_add_t2.obj                 438     0         0      
       fd_div_t2.obj                 310     0         0      
       fd_cmp_t2.obj                 268     0         0      
       ctype.obj                     0       257       0      
       fd_mul_t2.obj                 252     0         0      
       s_scalbn.obj                  252     0         0      
       memcpy_t2.obj                 156     0         0      
       memset_t2.obj                 122     0         0      
       autoinit.obj                  112     0         0      
       printf.obj                    112     0         0      
       exit.obj                      84      0         24     
       copy_decompress_lzss.obj      104     0         0      
       s_frexp.obj                   100     0         0      
       boot.obj                      84      0         0      
       ltoa.obj                      84      0         0      
       atoi.obj                      76      0         0      
       cpy_tbl.obj                   76      0         0      
       fd_toi_t2.obj                 72      0         0      
       fs_tod_t2.obj                 56      0         0      
       i_tofd_t2.obj                 46      0         0      
       _lock.obj                     20      0         16     
       memccpy.obj                   28      0         0      
       args_main.obj                 24      0         0      
       strchr.obj                    22      0         0      
       s_copysign.obj                20      0         0      
       strlen.obj                    20      0         0      
       copy_decompress_none.obj      14      0         0      
       copy_zero_init.obj            12      0         0      
       errno.obj                     0       0         8      
       stkdepth_vars.obj             0       0         8      
       pre_init.obj                  4       0         0      
       mpu_init.obj                  2       0         0      
       startup.obj                   2       0         0      
    +--+-----------------------------+-------+---------+---------+
       Total:                        7886    257       536    
                                                              
       Stack:                        0       0         1024   
       Linker Generated:             0       117       0      
    +--+-----------------------------+-------+---------+---------+
       Grand Total:                  10640   602       1750   


LINKER GENERATED COPY TABLES

__TI_cinit_table @ 00002be8 records: 2, size/record: 8, table size: 16
	.data: load addr=00002b80, load size=00000051 bytes, run addr=20000000, run size=00000169 bytes, compression=lzss
	.bss: load addr=00002be0, load size=00000008 bytes, run addr=2000016a, run size=00000002 bytes, compression=zero_init


LINKER GENERATED HANDLER TABLE

__TI_handler_table @ 00002bd4 records: 3, size/record: 4, table size: 12
	index: 0, handler: __TI_decompress_lzss
	index: 1, handler: __TI_decompress_none
	index: 2, handler: __TI_zero_init


GLOBAL SYMBOLS: SORTED ALPHABETICALLY BY Name 

address   name                           
-------   ----                           
00002a6b  ADC14_IRQHandler               
00002a6b  AES256_IRQHandler              
00002a6b  BusFault_Handler               
000027d9  C$$EXIT                        
00002a6b  COMP_E0_IRQHandler             
00002a6b  COMP_E1_IRQHandler             
00002a6b  CS_IRQHandler                  
00002a6b  DMA_ERR_IRQHandler             
00002a6b  DMA_INT0_IRQHandler            
00002a6b  DMA_INT1_IRQHandler            
00002a6b  DMA_INT2_IRQHandler            
00002a6b  DMA_INT3_IRQHandler            
00002a6b  DebugMon_Handler               
00002a6b  Default_Handler                
000018ff  EUSCIA0_IRQHandler             
000018ff  EUSCIA0_IRQHandler             
00002a6b  EUSCIA1_IRQHandler             
00002a6b  EUSCIA2_IRQHandler             
00002a6b  EUSCIA3_IRQHandler             
00002a6b  EUSCIB0_IRQHandler             
00002a6b  EUSCIB1_IRQHandler             
00002a6b  EUSCIB2_IRQHandler             
00002a6b  EUSCIB3_IRQHandler             
00002a6b  FLCTL_IRQHandler               
00002a6b  FPU_IRQHandler                 
00002a6b  HardFault_Handler              
00002a6b  MemManage_Handler              
00002a6b  NMI_Handler                    
00002a6b  PCM_IRQHandler                 
00002a6b  PORT1_IRQHandler               
00002a6b  PORT2_IRQHandler               
00002a6b  PORT3_IRQHandler               
00002a6b  PORT4_IRQHandler               
00002a6b  PORT5_IRQHandler               
00002a6b  PORT6_IRQHandler               
00002a6b  PSS_IRQHandler                 
00002a6b  PendSV_Handler                 
00002a6b  RTC_C_IRQHandler               
00002a5f  Reset_Handler                  
UNDEFED   SHT$$INIT_ARRAY$$Base          
UNDEFED   SHT$$INIT_ARRAY$$Limit         
00002a6b  SVC_Handler                    
00002a6b  SysTick_Handler                
20000164  SystemCoreClock                
00001225  SystemCoreClockUpdate          
0000149d  SystemInit                     
00002a6b  T32_INT1_IRQHandler            
00002a6b  T32_INT2_IRQHandler            
00002a6b  T32_INTC_IRQHandler            
00002a6b  TA0_0_IRQHandler               
00002a6b  TA0_N_IRQHandler               
00002a6b  TA1_0_IRQHandler               
00002a6b  TA1_N_IRQHandler               
00002a6b  TA2_0_IRQHandler               
00002a6b  TA2_N_IRQHandler               
00002a6b  TA3_0_IRQHandler               
00002a6b  TA3_N_IRQHandler               
00002a6b  UsageFault_Handler             
4000480c  WDTCTL_SYM                     
00002a6b  WDT_A_IRQHandler               
20010000  __STACK_END                    
00000200  __STACK_SIZE                   
00002be8  __TI_CINIT_Base                
00002bf8  __TI_CINIT_Limit               
00002bd4  __TI_Handler_Table_Base        
00002be0  __TI_Handler_Table_Limit       
0000257d  __TI_auto_init                 
20000148  __TI_cleanup_ptr               
0000265d  __TI_decompress_lzss           
00002a51  __TI_decompress_none           
2000014c  __TI_dtors_ptr                 
20000150  __TI_enable_exit_profile_output
ffffffff  __TI_pprof_out_hndl            
00000929  __TI_printfi                   
ffffffff  __TI_prof_data_size            
ffffffff  __TI_prof_data_start           
00000000  __TI_static_base__             
00002a6d  __TI_zero_init                 
000023f5  __aeabi_cdcmpeq                
000023f5  __aeabi_cdcmple                
0000247b  __aeabi_cdrcmple               
00002919  __aeabi_d2iz                   
00001bcb  __aeabi_dadd                   
00002029  __aeabi_ddiv                   
0000215f  __aeabi_dmul                   
00001bc1  __aeabi_dsub                   
00002961  __aeabi_f2d                    
00002999  __aeabi_i2d                    
00002501  __aeabi_memclr                 
00002501  __aeabi_memclr4                
00002501  __aeabi_memclr8                
00002359  __aeabi_memcpy                 
00002359  __aeabi_memcpy4                
00002359  __aeabi_memcpy8                
00002503  __aeabi_memset                 
00002503  __aeabi_memset4                
00002503  __aeabi_memset8                
000019cd  __aeabi_uldivmod               
ffffffff  __binit__                      
ffffffff  __c_args__                     
00001223  __mpu_init                     
2000fe00  __stack                        
000029e5  _args_main                     
00002785  _c_int00                       
00002a7c  _ctypes_                       
20000000  _ftable                        
20000154  _lock                          
00002a23  _nop                           
00002a1b  _register_lock                 
00002a15  _register_unlock               
00001d77  _system_post_cinit             
00002a79  _system_pre_init               
20000158  _unlock                        
000027dd  abort                          
00002881  atoi                           
ffffffff  binit                          
00001805  checkCR                        
000028cd  copy_in                        
00002a29  copysign                       
00002a29  copysignl                      
00001f47  disableExtInt                  
00001fe7  disableNVIC                    
00001f1b  enableExtInt                   
2000015c  errno                          
000027e5  exit                           
00001963  fputc                          
00001975  fputs                          
000026c5  frexp                          
000026c5  frexpl                         
0000157b  gpioClear                      
000015bf  gpioRead                       
00001559  gpioSet                        
0000159d  gpioToggle                     
000015df  gpio_init                      
00001d79  initClock                      
00001edd  initExtInt                     
00001fb9  initNVIC                       
00000000  interruptVectors               
0000225d  ldexp                          
0000225d  ldexpl                         
0000282d  ltoa                           
00002729  main                           
20000160  main_func_sp                   
000029c7  memccpy                        
00002359  memcpy                         
00002509  memset                         
000025f5  printf                         
00001f93  readIFG                        
2000016a  result                         
0000225d  scalbn                         
0000225d  scalbnl                        
00001df7  set_DCO                        
000029fd  strchr                         
00002a3d  strlen                         
000017a5  uartInit                       
00001831  uartWrite                      
000018e3  uartWriteByte                  
20000168  uartflag                       
00001f6d  writeIFG                       


GLOBAL SYMBOLS: SORTED BY Symbol Address 

address   name                           
-------   ----                           
00000000  __TI_static_base__             
00000000  interruptVectors               
00000200  __STACK_SIZE                   
00000929  __TI_printfi                   
00001223  __mpu_init                     
00001225  SystemCoreClockUpdate          
0000149d  SystemInit                     
00001559  gpioSet                        
0000157b  gpioClear                      
0000159d  gpioToggle                     
000015bf  gpioRead                       
000015df  gpio_init                      
000017a5  uartInit                       
00001805  checkCR                        
00001831  uartWrite                      
000018e3  uartWriteByte                  
000018ff  EUSCIA0_IRQHandler             
000018ff  EUSCIA0_IRQHandler             
00001963  fputc                          
00001975  fputs                          
000019cd  __aeabi_uldivmod               
00001bc1  __aeabi_dsub                   
00001bcb  __aeabi_dadd                   
00001d77  _system_post_cinit             
00001d79  initClock                      
00001df7  set_DCO                        
00001edd  initExtInt                     
00001f1b  enableExtInt                   
00001f47  disableExtInt                  
00001f6d  writeIFG                       
00001f93  readIFG                        
00001fb9  initNVIC                       
00001fe7  disableNVIC                    
00002029  __aeabi_ddiv                   
0000215f  __aeabi_dmul                   
0000225d  ldexp                          
0000225d  ldexpl                         
0000225d  scalbn                         
0000225d  scalbnl                        
00002359  __aeabi_memcpy                 
00002359  __aeabi_memcpy4                
00002359  __aeabi_memcpy8                
00002359  memcpy                         
000023f5  __aeabi_cdcmpeq                
000023f5  __aeabi_cdcmple                
0000247b  __aeabi_cdrcmple               
00002501  __aeabi_memclr                 
00002501  __aeabi_memclr4                
00002501  __aeabi_memclr8                
00002503  __aeabi_memset                 
00002503  __aeabi_memset4                
00002503  __aeabi_memset8                
00002509  memset                         
0000257d  __TI_auto_init                 
000025f5  printf                         
0000265d  __TI_decompress_lzss           
000026c5  frexp                          
000026c5  frexpl                         
00002729  main                           
00002785  _c_int00                       
000027d9  C$$EXIT                        
000027dd  abort                          
000027e5  exit                           
0000282d  ltoa                           
00002881  atoi                           
000028cd  copy_in                        
00002919  __aeabi_d2iz                   
00002961  __aeabi_f2d                    
00002999  __aeabi_i2d                    
000029c7  memccpy                        
000029e5  _args_main                     
000029fd  strchr                         
00002a15  _register_unlock               
00002a1b  _register_lock                 
00002a23  _nop                           
00002a29  copysign                       
00002a29  copysignl                      
00002a3d  strlen                         
00002a51  __TI_decompress_none           
00002a5f  Reset_Handler                  
00002a6b  ADC14_IRQHandler               
00002a6b  AES256_IRQHandler              
00002a6b  BusFault_Handler               
00002a6b  COMP_E0_IRQHandler             
00002a6b  COMP_E1_IRQHandler             
00002a6b  CS_IRQHandler                  
00002a6b  DMA_ERR_IRQHandler             
00002a6b  DMA_INT0_IRQHandler            
00002a6b  DMA_INT1_IRQHandler            
00002a6b  DMA_INT2_IRQHandler            
00002a6b  DMA_INT3_IRQHandler            
00002a6b  DebugMon_Handler               
00002a6b  Default_Handler                
00002a6b  EUSCIA1_IRQHandler             
00002a6b  EUSCIA2_IRQHandler             
00002a6b  EUSCIA3_IRQHandler             
00002a6b  EUSCIB0_IRQHandler             
00002a6b  EUSCIB1_IRQHandler             
00002a6b  EUSCIB2_IRQHandler             
00002a6b  EUSCIB3_IRQHandler             
00002a6b  FLCTL_IRQHandler               
00002a6b  FPU_IRQHandler                 
00002a6b  HardFault_Handler              
00002a6b  MemManage_Handler              
00002a6b  NMI_Handler                    
00002a6b  PCM_IRQHandler                 
00002a6b  PORT1_IRQHandler               
00002a6b  PORT2_IRQHandler               
00002a6b  PORT3_IRQHandler               
00002a6b  PORT4_IRQHandler               
00002a6b  PORT5_IRQHandler               
00002a6b  PORT6_IRQHandler               
00002a6b  PSS_IRQHandler                 
00002a6b  PendSV_Handler                 
00002a6b  RTC_C_IRQHandler               
00002a6b  SVC_Handler                    
00002a6b  SysTick_Handler                
00002a6b  T32_INT1_IRQHandler            
00002a6b  T32_INT2_IRQHandler            
00002a6b  T32_INTC_IRQHandler            
00002a6b  TA0_0_IRQHandler               
00002a6b  TA0_N_IRQHandler               
00002a6b  TA1_0_IRQHandler               
00002a6b  TA1_N_IRQHandler               
00002a6b  TA2_0_IRQHandler               
00002a6b  TA2_N_IRQHandler               
00002a6b  TA3_0_IRQHandler               
00002a6b  TA3_N_IRQHandler               
00002a6b  UsageFault_Handler             
00002a6b  WDT_A_IRQHandler               
00002a6d  __TI_zero_init                 
00002a79  _system_pre_init               
00002a7c  _ctypes_                       
00002bd4  __TI_Handler_Table_Base        
00002be0  __TI_Handler_Table_Limit       
00002be8  __TI_CINIT_Base                
00002bf8  __TI_CINIT_Limit               
20000000  _ftable                        
20000148  __TI_cleanup_ptr               
2000014c  __TI_dtors_ptr                 
20000150  __TI_enable_exit_profile_output
20000154  _lock                          
20000158  _unlock                        
2000015c  errno                          
20000160  main_func_sp                   
20000164  SystemCoreClock                
20000168  uartflag                       
2000016a  result                         
2000fe00  __stack                        
20010000  __STACK_END                    
4000480c  WDTCTL_SYM                     
ffffffff  __TI_pprof_out_hndl            
ffffffff  __TI_prof_data_size            
ffffffff  __TI_prof_data_start           
ffffffff  __binit__                      
ffffffff  __c_args__                     
ffffffff  binit                          
UNDEFED   SHT$$INIT_ARRAY$$Base          
UNDEFED   SHT$$INIT_ARRAY$$Limit         

[159 symbols]
