******************************************************************************
                  TI ARM Linker PC v16.9.7                     
******************************************************************************
>> Linked Mon May 14 20:28:55 2018

OUTPUT FILE NAME:   <CPE329-P3.out>
ENTRY POINT SYMBOL: "_c_int00"  address: 00002729


MEMORY CONFIGURATION

         name            origin    length      used     unused   attr    fill
----------------------  --------  ---------  --------  --------  ----  --------
  MAIN                  00000000   00040000  00002bb9  0003d447  R  X
  INFO                  00200000   00004000  00000000  00004000  R  X
  SRAM_CODE             01000000   00010000  0000036b  0000fc95  RW X
  SRAM_DATA             20000000   00010000  0000036b  0000fc95  RW  


SEGMENT ALLOCATION MAP

run origin  load origin   length   init length attrs members
----------  ----------- ---------- ----------- ----- -------
00000000    00000000    00002bc0   00002bc0    r-x
  00000000    00000000    000000e4   000000e4    r-- .intvecs
  000000e4    000000e4    0000295c   0000295c    r-x .text
  00002a40    00002a40    00000101   00000101    r-- .const
  00002b48    00002b48    00000078   00000078    r-- .cinit
20000000    20000000    0000016c   00000000    rw-
  20000000    20000000    00000169   00000000    rw- .data
  2000016a    2000016a    00000002   00000000    rw- .bss
2000fe00    2000fe00    00000200   00000000    rw-
  2000fe00    2000fe00    00000200   00000000    rw- .stack


SECTION ALLOCATION MAP

 output                                  attributes/
section   page    origin      length       input sections
--------  ----  ----------  ----------   ----------------
.intvecs   0    00000000    000000e4     
                  00000000    000000e4     startup_msp432p401r_ccs.obj (.intvecs:retain)

.binit     0    00000000    00000000     

.text      0    000000e4    0000295c     
                  000000e4    0000113e     rtsv7M4_T_le_v4SPD16_eabi.lib : _printfi.obj (.text)
                  00001222    00000002                                   : mpu_init.obj (.text)
                  00001224    00000334     system_msp432p401r.obj (.text)
                  00001558    0000024c     gpio.obj (.text)
                  000017a4    00000228     uart.obj (.text)
                  000019cc    000001f4     rtsv7M4_T_le_v4SPD16_eabi.lib : ull_div_t2.obj (.text)
                  00001bc0    000001b6                                   : fd_add_t2.obj (.text)
                  00001d76    00000002                                   : startup.obj (.text)
                  00001d78    00000164     delay.obj (.text)
                  00001edc    0000014c     interrupt.obj (.text)
                  00002028    00000136     rtsv7M4_T_le_v4SPD16_eabi.lib : fd_div_t2.obj (.text)
                  0000215e    000000fc                                   : fd_mul_t2.obj (.text)
                  0000225a    00000002     --HOLE-- [fill = 0]
                  0000225c    000000fc                                   : s_scalbn.obj (.text)
                  00002358    0000009c                                   : memcpy_t2.obj (.text)
                  000023f4    00000086                                   : fd_cmp_t2.obj (.text:__aeabi_cdcmple)
                  0000247a    00000086                                   : fd_cmp_t2.obj (.text:__aeabi_cdrcmple)
                  00002500    0000007a                                   : memset_t2.obj (.text)
                  0000257a    00000002     --HOLE-- [fill = 0]
                  0000257c    00000070                                   : autoinit.obj (.text)
                  000025ec    00000070                                   : printf.obj (.text)
                  0000265c    00000068                                   : copy_decompress_lzss.obj (.text:decompress:lzss)
                  000026c4    00000064                                   : s_frexp.obj (.text)
                  00002728    00000054                                   : boot.obj (.text)
                  0000277c    00000054                                   : exit.obj (.text)
                  000027d0    00000054                                   : ltoa.obj (.text)
                  00002824    0000004c                                   : atoi.obj (.text)
                  00002870    0000004c                                   : cpy_tbl.obj (.text)
                  000028bc    0000004a     term.obj (.text)
                  00002906    00000048     rtsv7M4_T_le_v4SPD16_eabi.lib : fd_toi_t2.obj (.text)
                  0000294e    0000002e                                   : i_tofd_t2.obj (.text)
                  0000297c    0000001c                                   : memccpy.obj (.text)
                  00002998    00000018                                   : args_main.obj (.text)
                  000029b0    00000016                                   : strchr.obj (.text)
                  000029c6    00000002     --HOLE-- [fill = 0]
                  000029c8    00000014                                   : _lock.obj (.text)
                  000029dc    00000014                                   : s_copysign.obj (.text)
                  000029f0    00000014                                   : strlen.obj (.text)
                  00002a04    00000010     main.obj (.text)
                  00002a14    0000000e     rtsv7M4_T_le_v4SPD16_eabi.lib : copy_decompress_none.obj (.text:decompress:none)
                  00002a22    0000000e     startup_msp432p401r_ccs.obj (.text)
                  00002a30    0000000c     rtsv7M4_T_le_v4SPD16_eabi.lib : copy_zero_init.obj (.text:decompress:ZI)
                  00002a3c    00000004                                   : pre_init.obj (.text)

.const     0    00002a40    00000101     
                  00002a40    00000101     rtsv7M4_T_le_v4SPD16_eabi.lib : ctype.obj (.const:.string:_ctypes_)

.cinit     0    00002b48    00000078     
                  00002b48    00000051     (.cinit..data.load) [load image, compression = lzss]
                  00002b99    00000003     --HOLE-- [fill = 0]
                  00002b9c    0000000c     (__TI_handler_table)
                  00002ba8    00000008     (.cinit..bss.load) [load image, compression = zero_init]
                  00002bb0    00000010     (__TI_cinit_table)

.init_array 
*          0    00000000    00000000     UNINITIALIZED

.data      0    20000000    00000169     UNINITIALIZED
                  20000000    000000f0     rtsv7M4_T_le_v4SPD16_eabi.lib : defs.obj (.data:_ftable)
                  200000f0    0000002c     gpio.obj (.data:GPIO_PORT_TO_BASE)
                  2000011c    0000002c     interrupt.obj (.data:GPIO_PORT_TO_BASE)
                  20000148    0000000c     rtsv7M4_T_le_v4SPD16_eabi.lib : exit.obj (.data:$O1$$)
                  20000154    00000008                                   : _lock.obj (.data:$O1$$)
                  2000015c    00000004                                   : errno.obj (.data)
                  20000160    00000004                                   : stkdepth_vars.obj (.data)
                  20000164    00000004     system_msp432p401r.obj (.data)
                  20000168    00000001     uart.obj (.data)

.bss       0    2000016a    00000002     UNINITIALIZED
                  2000016a    00000002     (.common:result)

.stack     0    2000fe00    00000200     UNINITIALIZED
                  2000fe00    00000200     --HOLE--

MODULE SUMMARY

       Module                        code    ro data   rw data
       ------                        ----    -------   -------
    .\
       system_msp432p401r.obj        820     0         8      
       gpio.obj                      588     0         88     
       uart.obj                      552     0         6      
       interrupt.obj                 332     0         88     
       delay.obj                     356     0         0      
       startup_msp432p401r_ccs.obj   14      228       0      
       term.obj                      74      0         0      
       main.obj                      16      0         0      
    +--+-----------------------------+-------+---------+---------+
       Total:                        2752    228       190    
                                                              
    C:\ti\ccsv7\tools\compiler\ti-cgt-arm_16.9.7.LTS\lib\rtsv7M4_T_le_v4SPD16_eabi.lib
       _printfi.obj                  4414    0         0      
       ull_div_t2.obj                500     0         0      
       defs.obj                      0       0         480    
       fd_add_t2.obj                 438     0         0      
       fd_div_t2.obj                 310     0         0      
       fd_cmp_t2.obj                 268     0         0      
       ctype.obj                     0       257       0      
       fd_mul_t2.obj                 252     0         0      
       s_scalbn.obj                  252     0         0      
       memcpy_t2.obj                 156     0         0      
       memset_t2.obj                 122     0         0      
       autoinit.obj                  112     0         0      
       printf.obj                    112     0         0      
       exit.obj                      84      0         24     
       copy_decompress_lzss.obj      104     0         0      
       s_frexp.obj                   100     0         0      
       boot.obj                      84      0         0      
       ltoa.obj                      84      0         0      
       atoi.obj                      76      0         0      
       cpy_tbl.obj                   76      0         0      
       fd_toi_t2.obj                 72      0         0      
       i_tofd_t2.obj                 46      0         0      
       _lock.obj                     20      0         16     
       memccpy.obj                   28      0         0      
       args_main.obj                 24      0         0      
       strchr.obj                    22      0         0      
       s_copysign.obj                20      0         0      
       strlen.obj                    20      0         0      
       copy_decompress_none.obj      14      0         0      
       copy_zero_init.obj            12      0         0      
       errno.obj                     0       0         8      
       stkdepth_vars.obj             0       0         8      
       pre_init.obj                  4       0         0      
       mpu_init.obj                  2       0         0      
       startup.obj                   2       0         0      
    +--+-----------------------------+-------+---------+---------+
       Total:                        7830    257       536    
                                                              
       Stack:                        0       0         1024   
       Linker Generated:             0       117       0      
    +--+-----------------------------+-------+---------+---------+
       Grand Total:                  10582   602       1750   


LINKER GENERATED COPY TABLES

__TI_cinit_table @ 00002bb0 records: 2, size/record: 8, table size: 16
	.data: load addr=00002b48, load size=00000051 bytes, run addr=20000000, run size=00000169 bytes, compression=lzss
	.bss: load addr=00002ba8, load size=00000008 bytes, run addr=2000016a, run size=00000002 bytes, compression=zero_init


LINKER GENERATED HANDLER TABLE

__TI_handler_table @ 00002b9c records: 3, size/record: 4, table size: 12
	index: 0, handler: __TI_decompress_lzss
	index: 1, handler: __TI_decompress_none
	index: 2, handler: __TI_zero_init


GLOBAL SYMBOLS: SORTED ALPHABETICALLY BY Name 

address   name                           
-------   ----                           
00002a2f  ADC14_IRQHandler               
00002a2f  AES256_IRQHandler              
00002a2f  BusFault_Handler               
0000277d  C$$EXIT                        
00002a2f  COMP_E0_IRQHandler             
00002a2f  COMP_E1_IRQHandler             
00002a2f  CS_IRQHandler                  
00002a2f  DMA_ERR_IRQHandler             
00002a2f  DMA_INT0_IRQHandler            
00002a2f  DMA_INT1_IRQHandler            
00002a2f  DMA_INT2_IRQHandler            
00002a2f  DMA_INT3_IRQHandler            
00002a2f  DebugMon_Handler               
00002a2f  Default_Handler                
000018ff  EUSCIA0_IRQHandler             
000018ff  EUSCIA0_IRQHandler             
00002a2f  EUSCIA1_IRQHandler             
00002a2f  EUSCIA2_IRQHandler             
00002a2f  EUSCIA3_IRQHandler             
00002a2f  EUSCIB0_IRQHandler             
00002a2f  EUSCIB1_IRQHandler             
00002a2f  EUSCIB2_IRQHandler             
00002a2f  EUSCIB3_IRQHandler             
00002a2f  FLCTL_IRQHandler               
00002a2f  FPU_IRQHandler                 
00002a2f  HardFault_Handler              
00002a2f  MemManage_Handler              
00002a2f  NMI_Handler                    
00002a2f  PCM_IRQHandler                 
00002a2f  PORT1_IRQHandler               
00002a2f  PORT2_IRQHandler               
00002a2f  PORT3_IRQHandler               
00002a2f  PORT4_IRQHandler               
00002a2f  PORT5_IRQHandler               
00002a2f  PORT6_IRQHandler               
00002a2f  PSS_IRQHandler                 
00002a2f  PendSV_Handler                 
00002a2f  RTC_C_IRQHandler               
00002a23  Reset_Handler                  
UNDEFED   SHT$$INIT_ARRAY$$Base          
UNDEFED   SHT$$INIT_ARRAY$$Limit         
00002a2f  SVC_Handler                    
00002a2f  SysTick_Handler                
20000164  SystemCoreClock                
00001225  SystemCoreClockUpdate          
0000149d  SystemInit                     
00002a2f  T32_INT1_IRQHandler            
00002a2f  T32_INT2_IRQHandler            
00002a2f  T32_INTC_IRQHandler            
00002a2f  TA0_0_IRQHandler               
00002a2f  TA0_N_IRQHandler               
00002a2f  TA1_0_IRQHandler               
00002a2f  TA1_N_IRQHandler               
00002a2f  TA2_0_IRQHandler               
00002a2f  TA2_N_IRQHandler               
00002a2f  TA3_0_IRQHandler               
00002a2f  TA3_N_IRQHandler               
00002a2f  UsageFault_Handler             
4000480c  WDTCTL_SYM                     
00002a2f  WDT_A_IRQHandler               
20010000  __STACK_END                    
00000200  __STACK_SIZE                   
00002bb0  __TI_CINIT_Base                
00002bc0  __TI_CINIT_Limit               
00002b9c  __TI_Handler_Table_Base        
00002ba8  __TI_Handler_Table_Limit       
0000257d  __TI_auto_init                 
20000148  __TI_cleanup_ptr               
0000265d  __TI_decompress_lzss           
00002a15  __TI_decompress_none           
2000014c  __TI_dtors_ptr                 
20000150  __TI_enable_exit_profile_output
ffffffff  __TI_pprof_out_hndl            
00000929  __TI_printfi                   
ffffffff  __TI_prof_data_size            
ffffffff  __TI_prof_data_start           
00000000  __TI_static_base__             
00002a31  __TI_zero_init                 
000023f5  __aeabi_cdcmpeq                
000023f5  __aeabi_cdcmple                
0000247b  __aeabi_cdrcmple               
00002907  __aeabi_d2iz                   
00001bcb  __aeabi_dadd                   
00002029  __aeabi_ddiv                   
0000215f  __aeabi_dmul                   
00001bc1  __aeabi_dsub                   
0000294f  __aeabi_i2d                    
00002501  __aeabi_memclr                 
00002501  __aeabi_memclr4                
00002501  __aeabi_memclr8                
00002359  __aeabi_memcpy                 
00002359  __aeabi_memcpy4                
00002359  __aeabi_memcpy8                
00002503  __aeabi_memset                 
00002503  __aeabi_memset4                
00002503  __aeabi_memset8                
000019cd  __aeabi_uldivmod               
ffffffff  __binit__                      
ffffffff  __c_args__                     
00001223  __mpu_init                     
2000fe00  __stack                        
00002999  _args_main                     
00002729  _c_int00                       
00002a40  _ctypes_                       
20000000  _ftable                        
20000154  _lock                          
000029d7  _nop                           
000029cf  _register_lock                 
000029c9  _register_unlock               
00001d77  _system_post_cinit             
00002a3d  _system_pre_init               
20000158  _unlock                        
00002781  abort                          
00002825  atoi                           
ffffffff  binit                          
00001805  checkCR                        
00002871  copy_in                        
000029dd  copysign                       
000029dd  copysignl                      
00001f47  disableExtInt                  
00001fe7  disableNVIC                    
00001f1b  enableExtInt                   
2000015c  errno                          
00002789  exit                           
00001963  fputc                          
00001975  fputs                          
000026c5  frexp                          
000026c5  frexpl                         
0000157b  gpioClear                      
000015bf  gpioRead                       
00001559  gpioSet                        
0000159d  gpioToggle                     
000015df  gpio_init                      
00001d79  initClock                      
00001edd  initExtInt                     
00001fb9  initNVIC                       
00000000  interruptVectors               
0000225d  ldexp                          
0000225d  ldexpl                         
000027d1  ltoa                           
00002a05  main                           
20000160  main_func_sp                   
0000297d  memccpy                        
00002359  memcpy                         
00002509  memset                         
000025f5  printf                         
00001f93  readIFG                        
2000016a  result                         
0000225d  scalbn                         
0000225d  scalbnl                        
00001df7  set_DCO                        
000029b1  strchr                         
000029f1  strlen                         
000028e3  termDmmAC                      
000028e5  termDmmBargraph                
000028e1  termDmmDC                      
000028bd  termDmmSplash                  
000017a5  uartInit                       
00001831  uartWrite                      
000018e3  uartWriteByte                  
20000168  uartflag                       
00001f6d  writeIFG                       


GLOBAL SYMBOLS: SORTED BY Symbol Address 

address   name                           
-------   ----                           
00000000  __TI_static_base__             
00000000  interruptVectors               
00000200  __STACK_SIZE                   
00000929  __TI_printfi                   
00001223  __mpu_init                     
00001225  SystemCoreClockUpdate          
0000149d  SystemInit                     
00001559  gpioSet                        
0000157b  gpioClear                      
0000159d  gpioToggle                     
000015bf  gpioRead                       
000015df  gpio_init                      
000017a5  uartInit                       
00001805  checkCR                        
00001831  uartWrite                      
000018e3  uartWriteByte                  
000018ff  EUSCIA0_IRQHandler             
000018ff  EUSCIA0_IRQHandler             
00001963  fputc                          
00001975  fputs                          
000019cd  __aeabi_uldivmod               
00001bc1  __aeabi_dsub                   
00001bcb  __aeabi_dadd                   
00001d77  _system_post_cinit             
00001d79  initClock                      
00001df7  set_DCO                        
00001edd  initExtInt                     
00001f1b  enableExtInt                   
00001f47  disableExtInt                  
00001f6d  writeIFG                       
00001f93  readIFG                        
00001fb9  initNVIC                       
00001fe7  disableNVIC                    
00002029  __aeabi_ddiv                   
0000215f  __aeabi_dmul                   
0000225d  ldexp                          
0000225d  ldexpl                         
0000225d  scalbn                         
0000225d  scalbnl                        
00002359  __aeabi_memcpy                 
00002359  __aeabi_memcpy4                
00002359  __aeabi_memcpy8                
00002359  memcpy                         
000023f5  __aeabi_cdcmpeq                
000023f5  __aeabi_cdcmple                
0000247b  __aeabi_cdrcmple               
00002501  __aeabi_memclr                 
00002501  __aeabi_memclr4                
00002501  __aeabi_memclr8                
00002503  __aeabi_memset                 
00002503  __aeabi_memset4                
00002503  __aeabi_memset8                
00002509  memset                         
0000257d  __TI_auto_init                 
000025f5  printf                         
0000265d  __TI_decompress_lzss           
000026c5  frexp                          
000026c5  frexpl                         
00002729  _c_int00                       
0000277d  C$$EXIT                        
00002781  abort                          
00002789  exit                           
000027d1  ltoa                           
00002825  atoi                           
00002871  copy_in                        
000028bd  termDmmSplash                  
000028e1  termDmmDC                      
000028e3  termDmmAC                      
000028e5  termDmmBargraph                
00002907  __aeabi_d2iz                   
0000294f  __aeabi_i2d                    
0000297d  memccpy                        
00002999  _args_main                     
000029b1  strchr                         
000029c9  _register_unlock               
000029cf  _register_lock                 
000029d7  _nop                           
000029dd  copysign                       
000029dd  copysignl                      
000029f1  strlen                         
00002a05  main                           
00002a15  __TI_decompress_none           
00002a23  Reset_Handler                  
00002a2f  ADC14_IRQHandler               
00002a2f  AES256_IRQHandler              
00002a2f  BusFault_Handler               
00002a2f  COMP_E0_IRQHandler             
00002a2f  COMP_E1_IRQHandler             
00002a2f  CS_IRQHandler                  
00002a2f  DMA_ERR_IRQHandler             
00002a2f  DMA_INT0_IRQHandler            
00002a2f  DMA_INT1_IRQHandler            
00002a2f  DMA_INT2_IRQHandler            
00002a2f  DMA_INT3_IRQHandler            
00002a2f  DebugMon_Handler               
00002a2f  Default_Handler                
00002a2f  EUSCIA1_IRQHandler             
00002a2f  EUSCIA2_IRQHandler             
00002a2f  EUSCIA3_IRQHandler             
00002a2f  EUSCIB0_IRQHandler             
00002a2f  EUSCIB1_IRQHandler             
00002a2f  EUSCIB2_IRQHandler             
00002a2f  EUSCIB3_IRQHandler             
00002a2f  FLCTL_IRQHandler               
00002a2f  FPU_IRQHandler                 
00002a2f  HardFault_Handler              
00002a2f  MemManage_Handler              
00002a2f  NMI_Handler                    
00002a2f  PCM_IRQHandler                 
00002a2f  PORT1_IRQHandler               
00002a2f  PORT2_IRQHandler               
00002a2f  PORT3_IRQHandler               
00002a2f  PORT4_IRQHandler               
00002a2f  PORT5_IRQHandler               
00002a2f  PORT6_IRQHandler               
00002a2f  PSS_IRQHandler                 
00002a2f  PendSV_Handler                 
00002a2f  RTC_C_IRQHandler               
00002a2f  SVC_Handler                    
00002a2f  SysTick_Handler                
00002a2f  T32_INT1_IRQHandler            
00002a2f  T32_INT2_IRQHandler            
00002a2f  T32_INTC_IRQHandler            
00002a2f  TA0_0_IRQHandler               
00002a2f  TA0_N_IRQHandler               
00002a2f  TA1_0_IRQHandler               
00002a2f  TA1_N_IRQHandler               
00002a2f  TA2_0_IRQHandler               
00002a2f  TA2_N_IRQHandler               
00002a2f  TA3_0_IRQHandler               
00002a2f  TA3_N_IRQHandler               
00002a2f  UsageFault_Handler             
00002a2f  WDT_A_IRQHandler               
00002a31  __TI_zero_init                 
00002a3d  _system_pre_init               
00002a40  _ctypes_                       
00002b9c  __TI_Handler_Table_Base        
00002ba8  __TI_Handler_Table_Limit       
00002bb0  __TI_CINIT_Base                
00002bc0  __TI_CINIT_Limit               
20000000  _ftable                        
20000148  __TI_cleanup_ptr               
2000014c  __TI_dtors_ptr                 
20000150  __TI_enable_exit_profile_output
20000154  _lock                          
20000158  _unlock                        
2000015c  errno                          
20000160  main_func_sp                   
20000164  SystemCoreClock                
20000168  uartflag                       
2000016a  result                         
2000fe00  __stack                        
20010000  __STACK_END                    
4000480c  WDTCTL_SYM                     
ffffffff  __TI_pprof_out_hndl            
ffffffff  __TI_prof_data_size            
ffffffff  __TI_prof_data_start           
ffffffff  __binit__                      
ffffffff  __c_args__                     
ffffffff  binit                          
UNDEFED   SHT$$INIT_ARRAY$$Base          
UNDEFED   SHT$$INIT_ARRAY$$Limit         

[162 symbols]
