******************************************************************************
                  TI ARM Linker PC v16.9.7                     
******************************************************************************
>> Linked Mon Jun 04 00:15:32 2018

OUTPUT FILE NAME:   <CPE329-A3.out>
ENTRY POINT SYMBOL: "_c_int00"  address: 000026b1


MEMORY CONFIGURATION

         name            origin    length      used     unused   attr    fill
----------------------  --------  ---------  --------  --------  ----  --------
  MAIN                  00000000   00040000  00002b49  0003d4b7  R  X
  INFO                  00200000   00004000  00000000  00004000  R  X
  SRAM_CODE             01000000   00010000  00000266  0000fd9a  RW X
  SRAM_DATA             20000000   00010000  00000266  0000fd9a  RW  


SEGMENT ALLOCATION MAP

run origin  load origin   length   init length attrs members
----------  ----------- ---------- ----------- ----- -------
00000000    00000000    00002b4c   00002b4c    r-x
  00000000    00000000    000000e4   000000e4    r-- .intvecs
  000000e4    000000e4    00002900   00002900    r-x .text
  000029e4    000029e4    00000101   00000101    r-- .const
  00002ae8    00002ae8    00000064   00000064    r-- .cinit
20000000    20000000    00000066   00000000    rw-
  20000000    20000000    00000066   00000000    rw- .data
2000fe00    2000fe00    00000200   00000000    rw-
  2000fe00    2000fe00    00000200   00000000    rw- .stack


SECTION ALLOCATION MAP

 output                                  attributes/
section   page    origin      length       input sections
--------  ----  ----------  ----------   ----------------
.intvecs   0    00000000    000000e4     
                  00000000    000000e4     startup_msp432p401r_ccs.obj (.intvecs:retain)

.binit     0    00000000    00000000     

.text      0    000000e4    00002900     
                  000000e4    0000113e     rtsv7M4_T_le_v4SPD16_eabi.lib : _printfi.obj (.text)
                  00001222    00000002                                   : mpu_init.obj (.text)
                  00001224    00000334     system_msp432p401r.obj (.text)
                  00001558    0000030c     lcd.obj (.text)
                  00001864    0000024c     gpio.obj (.text)
                  00001ab0    000001f4     rtsv7M4_T_le_v4SPD16_eabi.lib : ull_div_t2.obj (.text)
                  00001ca4    000001b6                                   : fd_add_t2.obj (.text)
                  00001e5a    00000002                                   : startup.obj (.text)
                  00001e5c    00000164     delay.obj (.text)
                  00001fc0    00000136     rtsv7M4_T_le_v4SPD16_eabi.lib : fd_div_t2.obj (.text)
                  000020f6    000000fc                                   : fd_mul_t2.obj (.text)
                  000021f2    00000002     --HOLE-- [fill = 0]
                  000021f4    000000fc                                   : s_scalbn.obj (.text)
                  000022f0    0000009c                                   : memcpy_t2.obj (.text)
                  0000238c    00000086                                   : fd_cmp_t2.obj (.text:__aeabi_cdcmple)
                  00002412    00000086                                   : fd_cmp_t2.obj (.text:__aeabi_cdrcmple)
                  00002498    0000007a                                   : memset_t2.obj (.text)
                  00002512    00000002     --HOLE-- [fill = 0]
                  00002514    00000070                                   : autoinit.obj (.text)
                  00002584    00000068                                   : copy_decompress_lzss.obj (.text:decompress:lzss)
                  000025ec    00000064                                   : s_frexp.obj (.text)
                  00002650    00000060                                   : sprintf.obj (.text)
                  000026b0    00000054                                   : boot.obj (.text)
                  00002704    00000054                                   : exit.obj (.text)
                  00002758    00000054                                   : ltoa.obj (.text)
                  000027ac    0000004c                                   : atoi.obj (.text)
                  000027f8    0000004c                                   : cpy_tbl.obj (.text)
                  00002844    00000048                                   : fd_toi_t2.obj (.text)
                  0000288c    00000032     main.obj (.text)
                  000028be    0000002e     rtsv7M4_T_le_v4SPD16_eabi.lib : i_tofd_t2.obj (.text)
                  000028ec    0000002c     delay.obj (.text:delay_us)
                  00002918    00000024     delay.obj (.text:delay_ms)
                  0000293c    0000001c     rtsv7M4_T_le_v4SPD16_eabi.lib : memccpy.obj (.text)
                  00002958    00000018                                   : args_main.obj (.text)
                  00002970    00000016                                   : strchr.obj (.text)
                  00002986    00000002     --HOLE-- [fill = 0]
                  00002988    00000014                                   : _lock.obj (.text)
                  0000299c    00000014                                   : s_copysign.obj (.text)
                  000029b0    00000014                                   : strlen.obj (.text)
                  000029c4    0000000e                                   : copy_decompress_none.obj (.text:decompress:none)
                  000029d2    0000000e     startup_msp432p401r_ccs.obj (.text)
                  000029e0    00000004     rtsv7M4_T_le_v4SPD16_eabi.lib : pre_init.obj (.text)

.const     0    000029e4    00000101     
                  000029e4    00000101     rtsv7M4_T_le_v4SPD16_eabi.lib : ctype.obj (.const:.string:_ctypes_)

.cinit     0    00002ae8    00000064     
                  00002ae8    00000051     (.cinit..data.load) [load image, compression = lzss]
                  00002b39    00000003     --HOLE-- [fill = 0]
                  00002b3c    00000008     (__TI_handler_table)
                  00002b44    00000008     (__TI_cinit_table)

.init_array 
*          0    00000000    00000000     UNINITIALIZED

.data      0    20000000    00000066     UNINITIALIZED
                  20000000    0000002c     gpio.obj (.data:GPIO_PORT_TO_BASE)
                  2000002c    0000000c     rtsv7M4_T_le_v4SPD16_eabi.lib : exit.obj (.data:$O1$$)
                  20000038    00000008                                   : _lock.obj (.data:$O1$$)
                  20000040    00000008     lcd.obj (.data:cstchar1)
                  20000048    00000008     lcd.obj (.data:cstchar2)
                  20000050    00000008     lcd.obj (.data:cstchar3)
                  20000058    00000004     rtsv7M4_T_le_v4SPD16_eabi.lib : errno.obj (.data)
                  2000005c    00000004                                   : stkdepth_vars.obj (.data)
                  20000060    00000004     system_msp432p401r.obj (.data)
                  20000064    00000002     lcd.obj (.data:colStartIndex)

.stack     0    2000fe00    00000200     UNINITIALIZED
                  2000fe00    00000200     --HOLE--

MODULE SUMMARY

       Module                        code    ro data   rw data
       ------                        ----    -------   -------
    .\
       lcd.obj                       780     0         52     
       system_msp432p401r.obj        820     0         8      
       gpio.obj                      588     0         88     
       delay.obj                     436     0         0      
       startup_msp432p401r_ccs.obj   14      228       0      
       main.obj                      50      0         0      
    +--+-----------------------------+-------+---------+---------+
       Total:                        2688    228       148    
                                                              
    C:\ti\ccsv7\tools\compiler\ti-cgt-arm_16.9.7.LTS\lib\rtsv7M4_T_le_v4SPD16_eabi.lib
       _printfi.obj                  4414    0         0      
       ull_div_t2.obj                500     0         0      
       fd_add_t2.obj                 438     0         0      
       fd_div_t2.obj                 310     0         0      
       fd_cmp_t2.obj                 268     0         0      
       ctype.obj                     0       257       0      
       fd_mul_t2.obj                 252     0         0      
       s_scalbn.obj                  252     0         0      
       memcpy_t2.obj                 156     0         0      
       memset_t2.obj                 122     0         0      
       autoinit.obj                  112     0         0      
       exit.obj                      84      0         24     
       copy_decompress_lzss.obj      104     0         0      
       s_frexp.obj                   100     0         0      
       sprintf.obj                   96      0         0      
       boot.obj                      84      0         0      
       ltoa.obj                      84      0         0      
       atoi.obj                      76      0         0      
       cpy_tbl.obj                   76      0         0      
       fd_toi_t2.obj                 72      0         0      
       i_tofd_t2.obj                 46      0         0      
       _lock.obj                     20      0         16     
       memccpy.obj                   28      0         0      
       args_main.obj                 24      0         0      
       strchr.obj                    22      0         0      
       s_copysign.obj                20      0         0      
       strlen.obj                    20      0         0      
       copy_decompress_none.obj      14      0         0      
       errno.obj                     0       0         8      
       stkdepth_vars.obj             0       0         8      
       pre_init.obj                  4       0         0      
       mpu_init.obj                  2       0         0      
       startup.obj                   2       0         0      
    +--+-----------------------------+-------+---------+---------+
       Total:                        7802    257       56     
                                                              
       Stack:                        0       0         1024   
       Linker Generated:             0       97        0      
    +--+-----------------------------+-------+---------+---------+
       Grand Total:                  10490   582       1228   


LINKER GENERATED COPY TABLES

__TI_cinit_table @ 00002b44 records: 1, size/record: 8, table size: 8
	.data: load addr=00002ae8, load size=00000051 bytes, run addr=20000000, run size=00000066 bytes, compression=lzss


LINKER GENERATED HANDLER TABLE

__TI_handler_table @ 00002b3c records: 2, size/record: 4, table size: 8
	index: 0, handler: __TI_decompress_lzss
	index: 1, handler: __TI_decompress_none


GLOBAL SYMBOLS: SORTED ALPHABETICALLY BY Name 

address   name                           
-------   ----                           
000029df  ADC14_IRQHandler               
000029df  AES256_IRQHandler              
000029df  BusFault_Handler               
00002705  C$$EXIT                        
000029df  COMP_E0_IRQHandler             
000029df  COMP_E1_IRQHandler             
000029df  CS_IRQHandler                  
000029df  DMA_ERR_IRQHandler             
000029df  DMA_INT0_IRQHandler            
000029df  DMA_INT1_IRQHandler            
000029df  DMA_INT2_IRQHandler            
000029df  DMA_INT3_IRQHandler            
000029df  DebugMon_Handler               
000029df  Default_Handler                
000029df  EUSCIA0_IRQHandler             
000029df  EUSCIA1_IRQHandler             
000029df  EUSCIA2_IRQHandler             
000029df  EUSCIA3_IRQHandler             
000029df  EUSCIB0_IRQHandler             
000029df  EUSCIB1_IRQHandler             
000029df  EUSCIB2_IRQHandler             
000029df  EUSCIB3_IRQHandler             
000029df  FLCTL_IRQHandler               
000029df  FPU_IRQHandler                 
000029df  HardFault_Handler              
000029df  MemManage_Handler              
000029df  NMI_Handler                    
000029df  PCM_IRQHandler                 
000029df  PORT1_IRQHandler               
000029df  PORT2_IRQHandler               
000029df  PORT3_IRQHandler               
000029df  PORT4_IRQHandler               
000029df  PORT5_IRQHandler               
000029df  PORT6_IRQHandler               
000029df  PSS_IRQHandler                 
000029df  PendSV_Handler                 
000029df  RTC_C_IRQHandler               
000029d3  Reset_Handler                  
UNDEFED   SHT$$INIT_ARRAY$$Base          
UNDEFED   SHT$$INIT_ARRAY$$Limit         
000029df  SVC_Handler                    
000029df  SysTick_Handler                
20000060  SystemCoreClock                
00001225  SystemCoreClockUpdate          
0000149d  SystemInit                     
000029df  T32_INT1_IRQHandler            
000029df  T32_INT2_IRQHandler            
000029df  T32_INTC_IRQHandler            
000029df  TA0_0_IRQHandler               
000029df  TA0_N_IRQHandler               
000029df  TA1_0_IRQHandler               
000029df  TA1_N_IRQHandler               
000029df  TA2_0_IRQHandler               
000029df  TA2_N_IRQHandler               
000029df  TA3_0_IRQHandler               
000029df  TA3_N_IRQHandler               
000029df  UsageFault_Handler             
4000480c  WDTCTL_SYM                     
000029df  WDT_A_IRQHandler               
20010000  __STACK_END                    
00000200  __STACK_SIZE                   
00002b44  __TI_CINIT_Base                
00002b4c  __TI_CINIT_Limit               
00002b3c  __TI_Handler_Table_Base        
00002b44  __TI_Handler_Table_Limit       
00002515  __TI_auto_init                 
2000002c  __TI_cleanup_ptr               
00002585  __TI_decompress_lzss           
000029c5  __TI_decompress_none           
20000030  __TI_dtors_ptr                 
20000034  __TI_enable_exit_profile_output
ffffffff  __TI_pprof_out_hndl            
00000929  __TI_printfi                   
ffffffff  __TI_prof_data_size            
ffffffff  __TI_prof_data_start           
00000000  __TI_static_base__             
0000238d  __aeabi_cdcmpeq                
0000238d  __aeabi_cdcmple                
00002413  __aeabi_cdrcmple               
00002845  __aeabi_d2iz                   
00001caf  __aeabi_dadd                   
00001fc1  __aeabi_ddiv                   
000020f7  __aeabi_dmul                   
00001ca5  __aeabi_dsub                   
000028bf  __aeabi_i2d                    
00002499  __aeabi_memclr                 
00002499  __aeabi_memclr4                
00002499  __aeabi_memclr8                
000022f1  __aeabi_memcpy                 
000022f1  __aeabi_memcpy4                
000022f1  __aeabi_memcpy8                
0000249b  __aeabi_memset                 
0000249b  __aeabi_memset4                
0000249b  __aeabi_memset8                
00001ab1  __aeabi_uldivmod               
ffffffff  __binit__                      
ffffffff  __c_args__                     
00001223  __mpu_init                     
2000fe00  __stack                        
00002959  _args_main                     
000026b1  _c_int00                       
000029e4  _ctypes_                       
20000038  _lock                          
00002997  _nop                           
0000298f  _register_lock                 
00002989  _register_unlock               
00001e5b  _system_post_cinit             
000029e1  _system_pre_init               
2000003c  _unlock                        
00002709  abort                          
000027ad  atoi                           
ffffffff  binit                          
000015e9  checkBF                        
20000064  colStartIndex                  
000027f9  copy_in                        
0000299d  copysign                       
0000299d  copysignl                      
00001801  createChar                     
20000040  cstchar1                       
20000048  cstchar2                       
20000050  cstchar3                       
00002919  delay_ms                       
000028ed  delay_us                       
20000058  errno                          
00002711  exit                           
000025ed  frexp                          
000025ed  frexpl                         
00001887  gpioClear                      
000018cb  gpioRead                       
00001865  gpioSet                        
000018a9  gpioToggle                     
000018eb  gpio_init                      
00001e5d  initClock                      
00000000  interruptVectors               
00001559  lcdInit                        
000021f5  ldexp                          
000021f5  ldexpl                         
00002759  ltoa                           
0000288d  main                           
2000005c  main_func_sp                   
0000293d  memccpy                        
000022f1  memcpy                         
000024a1  memset                         
000017dd  moveCursor                     
000021f5  scalbn                         
000021f5  scalbnl                        
000016f9  sendCharacter                  
00001715  sendCharacterXY                
00001697  sendChrNib                     
00001659  sendCmdNib                     
000016dd  sendCommand                    
00001791  sendInteger                    
000017ad  sendIntegerXY                  
00001745  sendString                     
00001761  sendStringXY                   
00001edb  set_DCO                        
00002651  sprintf                        
00002971  strchr                         
000029b1  strlen                         


GLOBAL SYMBOLS: SORTED BY Symbol Address 

address   name                           
-------   ----                           
00000000  __TI_static_base__             
00000000  interruptVectors               
00000200  __STACK_SIZE                   
00000929  __TI_printfi                   
00001223  __mpu_init                     
00001225  SystemCoreClockUpdate          
0000149d  SystemInit                     
00001559  lcdInit                        
000015e9  checkBF                        
00001659  sendCmdNib                     
00001697  sendChrNib                     
000016dd  sendCommand                    
000016f9  sendCharacter                  
00001715  sendCharacterXY                
00001745  sendString                     
00001761  sendStringXY                   
00001791  sendInteger                    
000017ad  sendIntegerXY                  
000017dd  moveCursor                     
00001801  createChar                     
00001865  gpioSet                        
00001887  gpioClear                      
000018a9  gpioToggle                     
000018cb  gpioRead                       
000018eb  gpio_init                      
00001ab1  __aeabi_uldivmod               
00001ca5  __aeabi_dsub                   
00001caf  __aeabi_dadd                   
00001e5b  _system_post_cinit             
00001e5d  initClock                      
00001edb  set_DCO                        
00001fc1  __aeabi_ddiv                   
000020f7  __aeabi_dmul                   
000021f5  ldexp                          
000021f5  ldexpl                         
000021f5  scalbn                         
000021f5  scalbnl                        
000022f1  __aeabi_memcpy                 
000022f1  __aeabi_memcpy4                
000022f1  __aeabi_memcpy8                
000022f1  memcpy                         
0000238d  __aeabi_cdcmpeq                
0000238d  __aeabi_cdcmple                
00002413  __aeabi_cdrcmple               
00002499  __aeabi_memclr                 
00002499  __aeabi_memclr4                
00002499  __aeabi_memclr8                
0000249b  __aeabi_memset                 
0000249b  __aeabi_memset4                
0000249b  __aeabi_memset8                
000024a1  memset                         
00002515  __TI_auto_init                 
00002585  __TI_decompress_lzss           
000025ed  frexp                          
000025ed  frexpl                         
00002651  sprintf                        
000026b1  _c_int00                       
00002705  C$$EXIT                        
00002709  abort                          
00002711  exit                           
00002759  ltoa                           
000027ad  atoi                           
000027f9  copy_in                        
00002845  __aeabi_d2iz                   
0000288d  main                           
000028bf  __aeabi_i2d                    
000028ed  delay_us                       
00002919  delay_ms                       
0000293d  memccpy                        
00002959  _args_main                     
00002971  strchr                         
00002989  _register_unlock               
0000298f  _register_lock                 
00002997  _nop                           
0000299d  copysign                       
0000299d  copysignl                      
000029b1  strlen                         
000029c5  __TI_decompress_none           
000029d3  Reset_Handler                  
000029df  ADC14_IRQHandler               
000029df  AES256_IRQHandler              
000029df  BusFault_Handler               
000029df  COMP_E0_IRQHandler             
000029df  COMP_E1_IRQHandler             
000029df  CS_IRQHandler                  
000029df  DMA_ERR_IRQHandler             
000029df  DMA_INT0_IRQHandler            
000029df  DMA_INT1_IRQHandler            
000029df  DMA_INT2_IRQHandler            
000029df  DMA_INT3_IRQHandler            
000029df  DebugMon_Handler               
000029df  Default_Handler                
000029df  EUSCIA0_IRQHandler             
000029df  EUSCIA1_IRQHandler             
000029df  EUSCIA2_IRQHandler             
000029df  EUSCIA3_IRQHandler             
000029df  EUSCIB0_IRQHandler             
000029df  EUSCIB1_IRQHandler             
000029df  EUSCIB2_IRQHandler             
000029df  EUSCIB3_IRQHandler             
000029df  FLCTL_IRQHandler               
000029df  FPU_IRQHandler                 
000029df  HardFault_Handler              
000029df  MemManage_Handler              
000029df  NMI_Handler                    
000029df  PCM_IRQHandler                 
000029df  PORT1_IRQHandler               
000029df  PORT2_IRQHandler               
000029df  PORT3_IRQHandler               
000029df  PORT4_IRQHandler               
000029df  PORT5_IRQHandler               
000029df  PORT6_IRQHandler               
000029df  PSS_IRQHandler                 
000029df  PendSV_Handler                 
000029df  RTC_C_IRQHandler               
000029df  SVC_Handler                    
000029df  SysTick_Handler                
000029df  T32_INT1_IRQHandler            
000029df  T32_INT2_IRQHandler            
000029df  T32_INTC_IRQHandler            
000029df  TA0_0_IRQHandler               
000029df  TA0_N_IRQHandler               
000029df  TA1_0_IRQHandler               
000029df  TA1_N_IRQHandler               
000029df  TA2_0_IRQHandler               
000029df  TA2_N_IRQHandler               
000029df  TA3_0_IRQHandler               
000029df  TA3_N_IRQHandler               
000029df  UsageFault_Handler             
000029df  WDT_A_IRQHandler               
000029e1  _system_pre_init               
000029e4  _ctypes_                       
00002b3c  __TI_Handler_Table_Base        
00002b44  __TI_CINIT_Base                
00002b44  __TI_Handler_Table_Limit       
00002b4c  __TI_CINIT_Limit               
2000002c  __TI_cleanup_ptr               
20000030  __TI_dtors_ptr                 
20000034  __TI_enable_exit_profile_output
20000038  _lock                          
2000003c  _unlock                        
20000040  cstchar1                       
20000048  cstchar2                       
20000050  cstchar3                       
20000058  errno                          
2000005c  main_func_sp                   
20000060  SystemCoreClock                
20000064  colStartIndex                  
2000fe00  __stack                        
20010000  __STACK_END                    
4000480c  WDTCTL_SYM                     
ffffffff  __TI_pprof_out_hndl            
ffffffff  __TI_prof_data_size            
ffffffff  __TI_prof_data_start           
ffffffff  __binit__                      
ffffffff  __c_args__                     
ffffffff  binit                          
UNDEFED   SHT$$INIT_ARRAY$$Base          
UNDEFED   SHT$$INIT_ARRAY$$Limit         

[159 symbols]
