******************************************************************************
                  TI ARM Linker PC v16.9.7                     
******************************************************************************
>> Linked Fri May 04 21:57:22 2018

OUTPUT FILE NAME:   <CPE329-A3.out>
ENTRY POINT SYMBOL: "_c_int00"  address: 0000269d


MEMORY CONFIGURATION

         name            origin    length      used     unused   attr    fill
----------------------  --------  ---------  --------  --------  ----  --------
  MAIN                  00000000   00040000  00002b3d  0003d4c3  R  X
  INFO                  00200000   00004000  00000000  00004000  R  X
  SRAM_CODE             01000000   00010000  00000266  0000fd9a  RW X
  SRAM_DATA             20000000   00010000  00000266  0000fd9a  RW  


SEGMENT ALLOCATION MAP

run origin  load origin   length   init length attrs members
----------  ----------- ---------- ----------- ----- -------
00000000    00000000    00002b44   00002b44    r-x
  00000000    00000000    000000e4   000000e4    r-- .intvecs
  000000e4    000000e4    000028f4   000028f4    r-x .text
  000029d8    000029d8    00000101   00000101    r-- .const
  00002ae0    00002ae0    00000064   00000064    r-- .cinit
20000000    20000000    00000066   00000000    rw-
  20000000    20000000    00000066   00000000    rw- .data
2000fe00    2000fe00    00000200   00000000    rw-
  2000fe00    2000fe00    00000200   00000000    rw- .stack


SECTION ALLOCATION MAP

 output                                  attributes/
section   page    origin      length       input sections
--------  ----  ----------  ----------   ----------------
.intvecs   0    00000000    000000e4     
                  00000000    000000e4     startup_msp432p401r_ccs.obj (.intvecs:retain)

.binit     0    00000000    00000000     

.text      0    000000e4    000028f4     
                  000000e4    0000113e     rtsv7M4_T_le_v4SPD16_eabi.lib : _printfi.obj (.text)
                  00001222    00000002                                   : mpu_init.obj (.text)
                  00001224    00000334     system_msp432p401r.obj (.text)
                  00001558    000002f8     lcd.obj (.text)
                  00001850    0000024c     gpio.obj (.text)
                  00001a9c    000001f4     rtsv7M4_T_le_v4SPD16_eabi.lib : ull_div_t2.obj (.text)
                  00001c90    000001b6                                   : fd_add_t2.obj (.text)
                  00001e46    00000002                                   : startup.obj (.text)
                  00001e48    00000164     delay.obj (.text)
                  00001fac    00000136     rtsv7M4_T_le_v4SPD16_eabi.lib : fd_div_t2.obj (.text)
                  000020e2    000000fc                                   : fd_mul_t2.obj (.text)
                  000021de    00000002     --HOLE-- [fill = 0]
                  000021e0    000000fc                                   : s_scalbn.obj (.text)
                  000022dc    0000009c                                   : memcpy_t2.obj (.text)
                  00002378    00000086                                   : fd_cmp_t2.obj (.text:__aeabi_cdcmple)
                  000023fe    00000086                                   : fd_cmp_t2.obj (.text:__aeabi_cdrcmple)
                  00002484    0000007a                                   : memset_t2.obj (.text)
                  000024fe    00000002     --HOLE-- [fill = 0]
                  00002500    00000070                                   : autoinit.obj (.text)
                  00002570    00000068                                   : copy_decompress_lzss.obj (.text:decompress:lzss)
                  000025d8    00000064                                   : s_frexp.obj (.text)
                  0000263c    00000060                                   : sprintf.obj (.text)
                  0000269c    00000054                                   : boot.obj (.text)
                  000026f0    00000054                                   : exit.obj (.text)
                  00002744    00000054                                   : ltoa.obj (.text)
                  00002798    0000004c                                   : atoi.obj (.text)
                  000027e4    0000004c                                   : cpy_tbl.obj (.text)
                  00002830    00000048                                   : fd_toi_t2.obj (.text)
                  00002878    0000003a     main.obj (.text)
                  000028b2    0000002e     rtsv7M4_T_le_v4SPD16_eabi.lib : i_tofd_t2.obj (.text)
                  000028e0    0000002c     delay.obj (.text:delay_us)
                  0000290c    00000024     delay.obj (.text:delay_ms)
                  00002930    0000001c     rtsv7M4_T_le_v4SPD16_eabi.lib : memccpy.obj (.text)
                  0000294c    00000018                                   : args_main.obj (.text)
                  00002964    00000016                                   : strchr.obj (.text)
                  0000297a    00000002     --HOLE-- [fill = 0]
                  0000297c    00000014                                   : _lock.obj (.text)
                  00002990    00000014                                   : s_copysign.obj (.text)
                  000029a4    00000014                                   : strlen.obj (.text)
                  000029b8    0000000e                                   : copy_decompress_none.obj (.text:decompress:none)
                  000029c6    0000000e     startup_msp432p401r_ccs.obj (.text)
                  000029d4    00000004     rtsv7M4_T_le_v4SPD16_eabi.lib : pre_init.obj (.text)

.const     0    000029d8    00000101     
                  000029d8    00000101     rtsv7M4_T_le_v4SPD16_eabi.lib : ctype.obj (.const:.string:_ctypes_)

.cinit     0    00002ae0    00000064     
                  00002ae0    00000051     (.cinit..data.load) [load image, compression = lzss]
                  00002b31    00000003     --HOLE-- [fill = 0]
                  00002b34    00000008     (__TI_handler_table)
                  00002b3c    00000008     (__TI_cinit_table)

.init_array 
*          0    00000000    00000000     UNINITIALIZED

.data      0    20000000    00000066     UNINITIALIZED
                  20000000    0000002c     gpio.obj (.data:GPIO_PORT_TO_BASE)
                  2000002c    0000000c     rtsv7M4_T_le_v4SPD16_eabi.lib : exit.obj (.data:$O1$$)
                  20000038    00000008                                   : _lock.obj (.data:$O1$$)
                  20000040    00000008     lcd.obj (.data:cstchar1)
                  20000048    00000008     lcd.obj (.data:cstchar2)
                  20000050    00000008     lcd.obj (.data:cstchar3)
                  20000058    00000004     rtsv7M4_T_le_v4SPD16_eabi.lib : errno.obj (.data)
                  2000005c    00000004                                   : stkdepth_vars.obj (.data)
                  20000060    00000004     system_msp432p401r.obj (.data)
                  20000064    00000002     lcd.obj (.data:colStartIndex)

.stack     0    2000fe00    00000200     UNINITIALIZED
                  2000fe00    00000200     --HOLE--

MODULE SUMMARY

       Module                        code    ro data   rw data
       ------                        ----    -------   -------
    .\
       system_msp432p401r.obj        820     0         8      
       lcd.obj                       760     0         52     
       gpio.obj                      588     0         88     
       delay.obj                     436     0         0      
       startup_msp432p401r_ccs.obj   14      228       0      
       main.obj                      58      0         0      
    +--+-----------------------------+-------+---------+---------+
       Total:                        2676    228       148    
                                                              
    C:\ti\ccsv7\tools\compiler\ti-cgt-arm_16.9.7.LTS\lib\rtsv7M4_T_le_v4SPD16_eabi.lib
       _printfi.obj                  4414    0         0      
       ull_div_t2.obj                500     0         0      
       fd_add_t2.obj                 438     0         0      
       fd_div_t2.obj                 310     0         0      
       fd_cmp_t2.obj                 268     0         0      
       ctype.obj                     0       257       0      
       fd_mul_t2.obj                 252     0         0      
       s_scalbn.obj                  252     0         0      
       memcpy_t2.obj                 156     0         0      
       memset_t2.obj                 122     0         0      
       autoinit.obj                  112     0         0      
       exit.obj                      84      0         24     
       copy_decompress_lzss.obj      104     0         0      
       s_frexp.obj                   100     0         0      
       sprintf.obj                   96      0         0      
       boot.obj                      84      0         0      
       ltoa.obj                      84      0         0      
       atoi.obj                      76      0         0      
       cpy_tbl.obj                   76      0         0      
       fd_toi_t2.obj                 72      0         0      
       i_tofd_t2.obj                 46      0         0      
       _lock.obj                     20      0         16     
       memccpy.obj                   28      0         0      
       args_main.obj                 24      0         0      
       strchr.obj                    22      0         0      
       s_copysign.obj                20      0         0      
       strlen.obj                    20      0         0      
       copy_decompress_none.obj      14      0         0      
       errno.obj                     0       0         8      
       stkdepth_vars.obj             0       0         8      
       pre_init.obj                  4       0         0      
       mpu_init.obj                  2       0         0      
       startup.obj                   2       0         0      
    +--+-----------------------------+-------+---------+---------+
       Total:                        7802    257       56     
                                                              
       Stack:                        0       0         1024   
       Linker Generated:             0       97        0      
    +--+-----------------------------+-------+---------+---------+
       Grand Total:                  10478   582       1228   


LINKER GENERATED COPY TABLES

__TI_cinit_table @ 00002b3c records: 1, size/record: 8, table size: 8
	.data: load addr=00002ae0, load size=00000051 bytes, run addr=20000000, run size=00000066 bytes, compression=lzss


LINKER GENERATED HANDLER TABLE

__TI_handler_table @ 00002b34 records: 2, size/record: 4, table size: 8
	index: 0, handler: __TI_decompress_lzss
	index: 1, handler: __TI_decompress_none


GLOBAL SYMBOLS: SORTED ALPHABETICALLY BY Name 

address   name                           
-------   ----                           
000029d3  ADC14_IRQHandler               
000029d3  AES256_IRQHandler              
000029d3  BusFault_Handler               
000026f1  C$$EXIT                        
000029d3  COMP_E0_IRQHandler             
000029d3  COMP_E1_IRQHandler             
000029d3  CS_IRQHandler                  
000029d3  DMA_ERR_IRQHandler             
000029d3  DMA_INT0_IRQHandler            
000029d3  DMA_INT1_IRQHandler            
000029d3  DMA_INT2_IRQHandler            
000029d3  DMA_INT3_IRQHandler            
000029d3  DebugMon_Handler               
000029d3  Default_Handler                
000029d3  EUSCIA0_IRQHandler             
000029d3  EUSCIA1_IRQHandler             
000029d3  EUSCIA2_IRQHandler             
000029d3  EUSCIA3_IRQHandler             
000029d3  EUSCIB0_IRQHandler             
000029d3  EUSCIB1_IRQHandler             
000029d3  EUSCIB2_IRQHandler             
000029d3  EUSCIB3_IRQHandler             
000029d3  FLCTL_IRQHandler               
000029d3  FPU_IRQHandler                 
000029d3  HardFault_Handler              
000029d3  MemManage_Handler              
000029d3  NMI_Handler                    
000029d3  PCM_IRQHandler                 
000029d3  PORT1_IRQHandler               
000029d3  PORT2_IRQHandler               
000029d3  PORT3_IRQHandler               
000029d3  PORT4_IRQHandler               
000029d3  PORT5_IRQHandler               
000029d3  PORT6_IRQHandler               
000029d3  PSS_IRQHandler                 
000029d3  PendSV_Handler                 
000029d3  RTC_C_IRQHandler               
000029c7  Reset_Handler                  
UNDEFED   SHT$$INIT_ARRAY$$Base          
UNDEFED   SHT$$INIT_ARRAY$$Limit         
000029d3  SVC_Handler                    
000029d3  SysTick_Handler                
20000060  SystemCoreClock                
00001225  SystemCoreClockUpdate          
0000149d  SystemInit                     
000029d3  T32_INT1_IRQHandler            
000029d3  T32_INT2_IRQHandler            
000029d3  T32_INTC_IRQHandler            
000029d3  TA0_0_IRQHandler               
000029d3  TA0_N_IRQHandler               
000029d3  TA1_0_IRQHandler               
000029d3  TA1_N_IRQHandler               
000029d3  TA2_0_IRQHandler               
000029d3  TA2_N_IRQHandler               
000029d3  TA3_0_IRQHandler               
000029d3  TA3_N_IRQHandler               
000029d3  UsageFault_Handler             
4000480c  WDTCTL_SYM                     
000029d3  WDT_A_IRQHandler               
20010000  __STACK_END                    
00000200  __STACK_SIZE                   
00002b3c  __TI_CINIT_Base                
00002b44  __TI_CINIT_Limit               
00002b34  __TI_Handler_Table_Base        
00002b3c  __TI_Handler_Table_Limit       
00002501  __TI_auto_init                 
2000002c  __TI_cleanup_ptr               
00002571  __TI_decompress_lzss           
000029b9  __TI_decompress_none           
20000030  __TI_dtors_ptr                 
20000034  __TI_enable_exit_profile_output
ffffffff  __TI_pprof_out_hndl            
00000929  __TI_printfi                   
ffffffff  __TI_prof_data_size            
ffffffff  __TI_prof_data_start           
00000000  __TI_static_base__             
00002379  __aeabi_cdcmpeq                
00002379  __aeabi_cdcmple                
000023ff  __aeabi_cdrcmple               
00002831  __aeabi_d2iz                   
00001c9b  __aeabi_dadd                   
00001fad  __aeabi_ddiv                   
000020e3  __aeabi_dmul                   
00001c91  __aeabi_dsub                   
000028b3  __aeabi_i2d                    
00002485  __aeabi_memclr                 
00002485  __aeabi_memclr4                
00002485  __aeabi_memclr8                
000022dd  __aeabi_memcpy                 
000022dd  __aeabi_memcpy4                
000022dd  __aeabi_memcpy8                
00002487  __aeabi_memset                 
00002487  __aeabi_memset4                
00002487  __aeabi_memset8                
00001a9d  __aeabi_uldivmod               
ffffffff  __binit__                      
ffffffff  __c_args__                     
00001223  __mpu_init                     
2000fe00  __stack                        
0000294d  _args_main                     
0000269d  _c_int00                       
000029d8  _ctypes_                       
20000038  _lock                          
0000298b  _nop                           
00002983  _register_lock                 
0000297d  _register_unlock               
00001e47  _system_post_cinit             
000029d5  _system_pre_init               
2000003c  _unlock                        
000026f5  abort                          
00002799  atoi                           
ffffffff  binit                          
000015e3  checkBF                        
20000064  colStartIndex                  
000027e5  copy_in                        
00002991  copysign                       
00002991  copysignl                      
000017ef  createChar                     
20000040  cstchar1                       
20000048  cstchar2                       
20000050  cstchar3                       
0000290d  delay_ms                       
000028e1  delay_us                       
20000058  errno                          
000026fd  exit                           
000025d9  frexp                          
000025d9  frexpl                         
00001873  gpioClear                      
000018b7  gpioRead                       
00001851  gpioSet                        
00001895  gpioToggle                     
000018d7  gpio_init                      
00001e49  initClock                      
00000000  interruptVectors               
00001559  lcdInit                        
000021e1  ldexp                          
000021e1  ldexpl                         
00002745  ltoa                           
00002879  main                           
2000005c  main_func_sp                   
00002931  memccpy                        
000022dd  memcpy                         
0000248d  memset                         
000017cb  moveCursor                     
000021e1  scalbn                         
000021e1  scalbnl                        
000016e7  sendCharacter                  
00001703  sendCharacterXY                
00001685  sendChrNib                     
00001647  sendCmdNib                     
000016cb  sendCommand                    
0000177f  sendInteger                    
0000179b  sendIntegerXY                  
00001733  sendString                     
0000174f  sendStringXY                   
00001ec7  set_DCO                        
0000263d  sprintf                        
00002965  strchr                         
000029a5  strlen                         


GLOBAL SYMBOLS: SORTED BY Symbol Address 

address   name                           
-------   ----                           
00000000  __TI_static_base__             
00000000  interruptVectors               
00000200  __STACK_SIZE                   
00000929  __TI_printfi                   
00001223  __mpu_init                     
00001225  SystemCoreClockUpdate          
0000149d  SystemInit                     
00001559  lcdInit                        
000015e3  checkBF                        
00001647  sendCmdNib                     
00001685  sendChrNib                     
000016cb  sendCommand                    
000016e7  sendCharacter                  
00001703  sendCharacterXY                
00001733  sendString                     
0000174f  sendStringXY                   
0000177f  sendInteger                    
0000179b  sendIntegerXY                  
000017cb  moveCursor                     
000017ef  createChar                     
00001851  gpioSet                        
00001873  gpioClear                      
00001895  gpioToggle                     
000018b7  gpioRead                       
000018d7  gpio_init                      
00001a9d  __aeabi_uldivmod               
00001c91  __aeabi_dsub                   
00001c9b  __aeabi_dadd                   
00001e47  _system_post_cinit             
00001e49  initClock                      
00001ec7  set_DCO                        
00001fad  __aeabi_ddiv                   
000020e3  __aeabi_dmul                   
000021e1  ldexp                          
000021e1  ldexpl                         
000021e1  scalbn                         
000021e1  scalbnl                        
000022dd  __aeabi_memcpy                 
000022dd  __aeabi_memcpy4                
000022dd  __aeabi_memcpy8                
000022dd  memcpy                         
00002379  __aeabi_cdcmpeq                
00002379  __aeabi_cdcmple                
000023ff  __aeabi_cdrcmple               
00002485  __aeabi_memclr                 
00002485  __aeabi_memclr4                
00002485  __aeabi_memclr8                
00002487  __aeabi_memset                 
00002487  __aeabi_memset4                
00002487  __aeabi_memset8                
0000248d  memset                         
00002501  __TI_auto_init                 
00002571  __TI_decompress_lzss           
000025d9  frexp                          
000025d9  frexpl                         
0000263d  sprintf                        
0000269d  _c_int00                       
000026f1  C$$EXIT                        
000026f5  abort                          
000026fd  exit                           
00002745  ltoa                           
00002799  atoi                           
000027e5  copy_in                        
00002831  __aeabi_d2iz                   
00002879  main                           
000028b3  __aeabi_i2d                    
000028e1  delay_us                       
0000290d  delay_ms                       
00002931  memccpy                        
0000294d  _args_main                     
00002965  strchr                         
0000297d  _register_unlock               
00002983  _register_lock                 
0000298b  _nop                           
00002991  copysign                       
00002991  copysignl                      
000029a5  strlen                         
000029b9  __TI_decompress_none           
000029c7  Reset_Handler                  
000029d3  ADC14_IRQHandler               
000029d3  AES256_IRQHandler              
000029d3  BusFault_Handler               
000029d3  COMP_E0_IRQHandler             
000029d3  COMP_E1_IRQHandler             
000029d3  CS_IRQHandler                  
000029d3  DMA_ERR_IRQHandler             
000029d3  DMA_INT0_IRQHandler            
000029d3  DMA_INT1_IRQHandler            
000029d3  DMA_INT2_IRQHandler            
000029d3  DMA_INT3_IRQHandler            
000029d3  DebugMon_Handler               
000029d3  Default_Handler                
000029d3  EUSCIA0_IRQHandler             
000029d3  EUSCIA1_IRQHandler             
000029d3  EUSCIA2_IRQHandler             
000029d3  EUSCIA3_IRQHandler             
000029d3  EUSCIB0_IRQHandler             
000029d3  EUSCIB1_IRQHandler             
000029d3  EUSCIB2_IRQHandler             
000029d3  EUSCIB3_IRQHandler             
000029d3  FLCTL_IRQHandler               
000029d3  FPU_IRQHandler                 
000029d3  HardFault_Handler              
000029d3  MemManage_Handler              
000029d3  NMI_Handler                    
000029d3  PCM_IRQHandler                 
000029d3  PORT1_IRQHandler               
000029d3  PORT2_IRQHandler               
000029d3  PORT3_IRQHandler               
000029d3  PORT4_IRQHandler               
000029d3  PORT5_IRQHandler               
000029d3  PORT6_IRQHandler               
000029d3  PSS_IRQHandler                 
000029d3  PendSV_Handler                 
000029d3  RTC_C_IRQHandler               
000029d3  SVC_Handler                    
000029d3  SysTick_Handler                
000029d3  T32_INT1_IRQHandler            
000029d3  T32_INT2_IRQHandler            
000029d3  T32_INTC_IRQHandler            
000029d3  TA0_0_IRQHandler               
000029d3  TA0_N_IRQHandler               
000029d3  TA1_0_IRQHandler               
000029d3  TA1_N_IRQHandler               
000029d3  TA2_0_IRQHandler               
000029d3  TA2_N_IRQHandler               
000029d3  TA3_0_IRQHandler               
000029d3  TA3_N_IRQHandler               
000029d3  UsageFault_Handler             
000029d3  WDT_A_IRQHandler               
000029d5  _system_pre_init               
000029d8  _ctypes_                       
00002b34  __TI_Handler_Table_Base        
00002b3c  __TI_CINIT_Base                
00002b3c  __TI_Handler_Table_Limit       
00002b44  __TI_CINIT_Limit               
2000002c  __TI_cleanup_ptr               
20000030  __TI_dtors_ptr                 
20000034  __TI_enable_exit_profile_output
20000038  _lock                          
2000003c  _unlock                        
20000040  cstchar1                       
20000048  cstchar2                       
20000050  cstchar3                       
20000058  errno                          
2000005c  main_func_sp                   
20000060  SystemCoreClock                
20000064  colStartIndex                  
2000fe00  __stack                        
20010000  __STACK_END                    
4000480c  WDTCTL_SYM                     
ffffffff  __TI_pprof_out_hndl            
ffffffff  __TI_prof_data_size            
ffffffff  __TI_prof_data_start           
ffffffff  __binit__                      
ffffffff  __c_args__                     
ffffffff  binit                          
UNDEFED   SHT$$INIT_ARRAY$$Base          
UNDEFED   SHT$$INIT_ARRAY$$Limit         

[159 symbols]
