******************************************************************************
                  TI ARM Linker PC v16.9.7                     
******************************************************************************
>> Linked Mon May 21 23:52:19 2018

OUTPUT FILE NAME:   <CPE329-A10.out>
ENTRY POINT SYMBOL: "_c_int00"  address: 00000841


MEMORY CONFIGURATION

         name            origin    length      used     unused   attr    fill
----------------------  --------  ---------  --------  --------  ----  --------
  MAIN                  00000000   00040000  000009f2  0003f60e  R  X
  INFO                  00200000   00004000  00000000  00004000  R  X
  SRAM_CODE             01000000   00010000  0000041e  0000fbe2  RW X
  SRAM_DATA             20000000   00010000  0000041e  0000fbe2  RW  


SEGMENT ALLOCATION MAP

run origin  load origin   length   init length attrs members
----------  ----------- ---------- ----------- ----- -------
00000000    00000000    000009f8   000009f8    r-x
  00000000    00000000    000000e4   000000e4    r-- .intvecs
  000000e4    000000e4    000008ce   000008ce    r-x .text
  000009b8    000009b8    00000040   00000040    r-- .cinit
20000000    20000000    0000021e   00000000    rw-
  20000000    20000000    00000200   00000000    rw- .bss
  20000200    20000200    0000001e   00000000    rw- .data
2000fe00    2000fe00    00000200   00000000    rw-
  2000fe00    2000fe00    00000200   00000000    rw- .stack


SECTION ALLOCATION MAP

 output                                  attributes/
section   page    origin      length       input sections
--------  ----  ----------  ----------   ----------------
.intvecs   0    00000000    000000e4     
                  00000000    000000e4     startup_msp432p401r_ccs.obj (.intvecs:retain)

.binit     0    00000000    00000000     

.text      0    000000e4    000008ce     
                  000000e4    00000334     system_msp432p401r.obj (.text)
                  00000418    00000238     main.obj (.text)
                  00000650    0000009c     rtsv7M4_T_le_v4SPD16_eabi.lib : memcpy_t2.obj (.text)
                  000006ec    0000007a                                   : memset_t2.obj (.text)
                  00000766    00000002                                   : mpu_init.obj (.text)
                  00000768    00000070                                   : autoinit.obj (.text)
                  000007d8    00000068                                   : copy_decompress_lzss.obj (.text:decompress:lzss)
                  00000840    00000054                                   : boot.obj (.text)
                  00000894    00000054                                   : exit.obj (.text)
                  000008e8    0000004c                                   : cpy_tbl.obj (.text)
                  00000934    00000024     delay.obj (.text:delay_ms)
                  00000958    00000018     rtsv7M4_T_le_v4SPD16_eabi.lib : args_main.obj (.text)
                  00000970    00000014                                   : _lock.obj (.text)
                  00000984    0000000e                                   : copy_decompress_none.obj (.text:decompress:none)
                  00000992    0000000e     startup_msp432p401r_ccs.obj (.text)
                  000009a0    0000000c     rtsv7M4_T_le_v4SPD16_eabi.lib : copy_zero_init.obj (.text:decompress:ZI)
                  000009ac    00000004                                   : pre_init.obj (.text)
                  000009b0    00000002                                   : startup.obj (.text)

.cinit     0    000009b8    00000040     
                  000009b8    00000016     (.cinit..data.load) [load image, compression = lzss]
                  000009ce    00000002     --HOLE-- [fill = 0]
                  000009d0    0000000c     (__TI_handler_table)
                  000009dc    00000004     --HOLE-- [fill = 0]
                  000009e0    00000008     (.cinit..bss.load) [load image, compression = zero_init]
                  000009e8    00000010     (__TI_cinit_table)

.init_array 
*          0    00000000    00000000     UNINITIALIZED

.bss       0    20000000    00000200     UNINITIALIZED
                  20000000    00000100     (.common:RXData)
                  20000100    00000100     (.common:TXData)

.data      0    20000200    0000001e     UNINITIALIZED
                  20000200    0000000c     rtsv7M4_T_le_v4SPD16_eabi.lib : exit.obj (.data:$O1$$)
                  2000020c    00000008                                   : _lock.obj (.data:$O1$$)
                  20000214    00000004                                   : stkdepth_vars.obj (.data)
                  20000218    00000004     system_msp432p401r.obj (.data)
                  2000021c    00000002     main.obj (.data)

.stack     0    2000fe00    00000200     UNINITIALIZED
                  2000fe00    00000200     --HOLE--

MODULE SUMMARY

       Module                        code   ro data   rw data
       ------                        ----   -------   -------
    .\
       main.obj                      568    0         1028   
       system_msp432p401r.obj        820    0         8      
       startup_msp432p401r_ccs.obj   14     228       0      
       delay.obj                     36     0         0      
    +--+-----------------------------+------+---------+---------+
       Total:                        1438   228       1036   
                                                             
    C:\ti\ccsv7\tools\compiler\ti-cgt-arm_16.9.7.LTS\lib\rtsv7M4_T_le_v4SPD16_eabi.lib
       memcpy_t2.obj                 156    0         0      
       memset_t2.obj                 122    0         0      
       autoinit.obj                  112    0         0      
       exit.obj                      84     0         24     
       copy_decompress_lzss.obj      104    0         0      
       boot.obj                      84     0         0      
       cpy_tbl.obj                   76     0         0      
       _lock.obj                     20     0         16     
       args_main.obj                 24     0         0      
       copy_decompress_none.obj      14     0         0      
       copy_zero_init.obj            12     0         0      
       stkdepth_vars.obj             0      0         8      
       pre_init.obj                  4      0         0      
       mpu_init.obj                  2      0         0      
       startup.obj                   2      0         0      
    +--+-----------------------------+------+---------+---------+
       Total:                        816    0         48     
                                                             
       Stack:                        0      0         1024   
       Linker Generated:             0      58        0      
    +--+-----------------------------+------+---------+---------+
       Grand Total:                  2254   286       2108   


LINKER GENERATED COPY TABLES

__TI_cinit_table @ 000009e8 records: 2, size/record: 8, table size: 16
	.data: load addr=000009b8, load size=00000016 bytes, run addr=20000200, run size=0000001e bytes, compression=lzss
	.bss: load addr=000009e0, load size=00000008 bytes, run addr=20000000, run size=00000200 bytes, compression=zero_init


LINKER GENERATED HANDLER TABLE

__TI_handler_table @ 000009d0 records: 3, size/record: 4, table size: 12
	index: 0, handler: __TI_decompress_lzss
	index: 1, handler: __TI_decompress_none
	index: 2, handler: __TI_zero_init


GLOBAL SYMBOLS: SORTED ALPHABETICALLY BY Name 

address   name                           
-------   ----                           
0000099f  ADC14_IRQHandler               
0000099f  AES256_IRQHandler              
0000099f  BusFault_Handler               
00000895  C$$EXIT                        
0000099f  COMP_E0_IRQHandler             
0000099f  COMP_E1_IRQHandler             
0000099f  CS_IRQHandler                  
0000099f  DMA_ERR_IRQHandler             
0000099f  DMA_INT0_IRQHandler            
0000099f  DMA_INT1_IRQHandler            
0000099f  DMA_INT2_IRQHandler            
0000099f  DMA_INT3_IRQHandler            
0000099f  DebugMon_Handler               
0000099f  Default_Handler                
0000099f  EUSCIA0_IRQHandler             
0000099f  EUSCIA1_IRQHandler             
0000099f  EUSCIA2_IRQHandler             
0000099f  EUSCIA3_IRQHandler             
000004b1  EUSCIB0_IRQHandler             
000004b1  EUSCIB0_IRQHandler             
0000099f  EUSCIB1_IRQHandler             
0000099f  EUSCIB2_IRQHandler             
0000099f  EUSCIB3_IRQHandler             
0000099f  FLCTL_IRQHandler               
0000099f  FPU_IRQHandler                 
0000099f  HardFault_Handler              
0000099f  MemManage_Handler              
0000099f  NMI_Handler                    
0000099f  PCM_IRQHandler                 
0000099f  PORT1_IRQHandler               
0000099f  PORT2_IRQHandler               
0000099f  PORT3_IRQHandler               
0000099f  PORT4_IRQHandler               
0000099f  PORT5_IRQHandler               
0000099f  PORT6_IRQHandler               
0000099f  PSS_IRQHandler                 
0000099f  PendSV_Handler                 
0000099f  RTC_C_IRQHandler               
20000000  RXData                         
00000993  Reset_Handler                  
UNDEFED   SHT$$INIT_ARRAY$$Base          
UNDEFED   SHT$$INIT_ARRAY$$Limit         
0000099f  SVC_Handler                    
0000099f  SysTick_Handler                
20000218  SystemCoreClock                
000000e5  SystemCoreClockUpdate          
0000035d  SystemInit                     
0000099f  T32_INT1_IRQHandler            
0000099f  T32_INT2_IRQHandler            
0000099f  T32_INTC_IRQHandler            
0000099f  TA0_0_IRQHandler               
0000099f  TA0_N_IRQHandler               
0000099f  TA1_0_IRQHandler               
0000099f  TA1_N_IRQHandler               
0000099f  TA2_0_IRQHandler               
0000099f  TA2_N_IRQHandler               
0000099f  TA3_0_IRQHandler               
0000099f  TA3_N_IRQHandler               
20000100  TXData                         
0000099f  UsageFault_Handler             
4000480c  WDTCTL_SYM                     
0000099f  WDT_A_IRQHandler               
20010000  __STACK_END                    
00000200  __STACK_SIZE                   
000009e8  __TI_CINIT_Base                
000009f8  __TI_CINIT_Limit               
000009d0  __TI_Handler_Table_Base        
000009dc  __TI_Handler_Table_Limit       
00000769  __TI_auto_init                 
20000200  __TI_cleanup_ptr               
000007d9  __TI_decompress_lzss           
00000985  __TI_decompress_none           
20000204  __TI_dtors_ptr                 
20000208  __TI_enable_exit_profile_output
ffffffff  __TI_pprof_out_hndl            
ffffffff  __TI_prof_data_size            
ffffffff  __TI_prof_data_start           
00000000  __TI_static_base__             
000009a1  __TI_zero_init                 
000006ed  __aeabi_memclr                 
000006ed  __aeabi_memclr4                
000006ed  __aeabi_memclr8                
00000651  __aeabi_memcpy                 
00000651  __aeabi_memcpy4                
00000651  __aeabi_memcpy8                
000006ef  __aeabi_memset                 
000006ef  __aeabi_memset4                
000006ef  __aeabi_memset8                
ffffffff  __binit__                      
ffffffff  __c_args__                     
00000767  __mpu_init                     
2000fe00  __stack                        
00000959  _args_main                     
00000841  _c_int00                       
2000020c  _lock                          
0000097f  _nop                           
00000977  _register_lock                 
00000971  _register_unlock               
000009b1  _system_post_cinit             
000009ad  _system_pre_init               
20000210  _unlock                        
00000899  abort                          
ffffffff  binit                          
000008e9  copy_in                        
00000935  delay_ms                       
000008a1  exit                           
2000021c  flag                           
000005a7  i2cRead                        
0000054d  i2cWrite                       
00000000  interruptVectors               
00000419  main                           
20000214  main_func_sp                   
00000651  memcpy                         
000006f5  memset                         


GLOBAL SYMBOLS: SORTED BY Symbol Address 

address   name                           
-------   ----                           
00000000  __TI_static_base__             
00000000  interruptVectors               
000000e5  SystemCoreClockUpdate          
00000200  __STACK_SIZE                   
0000035d  SystemInit                     
00000419  main                           
000004b1  EUSCIB0_IRQHandler             
000004b1  EUSCIB0_IRQHandler             
0000054d  i2cWrite                       
000005a7  i2cRead                        
00000651  __aeabi_memcpy                 
00000651  __aeabi_memcpy4                
00000651  __aeabi_memcpy8                
00000651  memcpy                         
000006ed  __aeabi_memclr                 
000006ed  __aeabi_memclr4                
000006ed  __aeabi_memclr8                
000006ef  __aeabi_memset                 
000006ef  __aeabi_memset4                
000006ef  __aeabi_memset8                
000006f5  memset                         
00000767  __mpu_init                     
00000769  __TI_auto_init                 
000007d9  __TI_decompress_lzss           
00000841  _c_int00                       
00000895  C$$EXIT                        
00000899  abort                          
000008a1  exit                           
000008e9  copy_in                        
00000935  delay_ms                       
00000959  _args_main                     
00000971  _register_unlock               
00000977  _register_lock                 
0000097f  _nop                           
00000985  __TI_decompress_none           
00000993  Reset_Handler                  
0000099f  ADC14_IRQHandler               
0000099f  AES256_IRQHandler              
0000099f  BusFault_Handler               
0000099f  COMP_E0_IRQHandler             
0000099f  COMP_E1_IRQHandler             
0000099f  CS_IRQHandler                  
0000099f  DMA_ERR_IRQHandler             
0000099f  DMA_INT0_IRQHandler            
0000099f  DMA_INT1_IRQHandler            
0000099f  DMA_INT2_IRQHandler            
0000099f  DMA_INT3_IRQHandler            
0000099f  DebugMon_Handler               
0000099f  Default_Handler                
0000099f  EUSCIA0_IRQHandler             
0000099f  EUSCIA1_IRQHandler             
0000099f  EUSCIA2_IRQHandler             
0000099f  EUSCIA3_IRQHandler             
0000099f  EUSCIB1_IRQHandler             
0000099f  EUSCIB2_IRQHandler             
0000099f  EUSCIB3_IRQHandler             
0000099f  FLCTL_IRQHandler               
0000099f  FPU_IRQHandler                 
0000099f  HardFault_Handler              
0000099f  MemManage_Handler              
0000099f  NMI_Handler                    
0000099f  PCM_IRQHandler                 
0000099f  PORT1_IRQHandler               
0000099f  PORT2_IRQHandler               
0000099f  PORT3_IRQHandler               
0000099f  PORT4_IRQHandler               
0000099f  PORT5_IRQHandler               
0000099f  PORT6_IRQHandler               
0000099f  PSS_IRQHandler                 
0000099f  PendSV_Handler                 
0000099f  RTC_C_IRQHandler               
0000099f  SVC_Handler                    
0000099f  SysTick_Handler                
0000099f  T32_INT1_IRQHandler            
0000099f  T32_INT2_IRQHandler            
0000099f  T32_INTC_IRQHandler            
0000099f  TA0_0_IRQHandler               
0000099f  TA0_N_IRQHandler               
0000099f  TA1_0_IRQHandler               
0000099f  TA1_N_IRQHandler               
0000099f  TA2_0_IRQHandler               
0000099f  TA2_N_IRQHandler               
0000099f  TA3_0_IRQHandler               
0000099f  TA3_N_IRQHandler               
0000099f  UsageFault_Handler             
0000099f  WDT_A_IRQHandler               
000009a1  __TI_zero_init                 
000009ad  _system_pre_init               
000009b1  _system_post_cinit             
000009d0  __TI_Handler_Table_Base        
000009dc  __TI_Handler_Table_Limit       
000009e8  __TI_CINIT_Base                
000009f8  __TI_CINIT_Limit               
20000000  RXData                         
20000100  TXData                         
20000200  __TI_cleanup_ptr               
20000204  __TI_dtors_ptr                 
20000208  __TI_enable_exit_profile_output
2000020c  _lock                          
20000210  _unlock                        
20000214  main_func_sp                   
20000218  SystemCoreClock                
2000021c  flag                           
2000fe00  __stack                        
20010000  __STACK_END                    
4000480c  WDTCTL_SYM                     
ffffffff  __TI_pprof_out_hndl            
ffffffff  __TI_prof_data_size            
ffffffff  __TI_prof_data_start           
ffffffff  __binit__                      
ffffffff  __c_args__                     
ffffffff  binit                          
UNDEFED   SHT$$INIT_ARRAY$$Base          
UNDEFED   SHT$$INIT_ARRAY$$Limit         

[114 symbols]
