******************************************************************************
                  TI ARM Linker Unix v18.1.3                   
******************************************************************************
>> Linked Sat Nov  3 10:36:45 2018

OUTPUT FILE NAME:   <CPE329-A10.out>
ENTRY POINT SYMBOL: "_c_int00_noargs"  address: 0000079d


MEMORY CONFIGURATION

         name            origin    length      used     unused   attr    fill
----------------------  --------  ---------  --------  --------  ----  --------
  MAIN                  00000000   00040000  0000085e  0003f7a2  R  X
  INFO                  00200000   00004000  00000000  00004000  R  X
  SRAM_CODE             01000000   00010000  00000406  0000fbfa  RW X
  SRAM_DATA             20000000   00010000  00000406  0000fbfa  RW  


SEGMENT ALLOCATION MAP

run origin  load origin   length   init length attrs members
----------  ----------- ---------- ----------- ----- -------
00000000    00000000    00000860   00000860    r-x
  00000000    00000000    000000e4   000000e4    r-- .intvecs
  000000e4    000000e4    0000074a   0000074a    r-x .text
  00000830    00000830    00000030   00000030    r-- .cinit
20000000    20000000    00000206   00000000    rw-
  20000000    20000000    00000200   00000000    rw- .bss
  20000200    20000200    00000006   00000000    rw- .data
2000fe00    2000fe00    00000200   00000000    rw-
  2000fe00    2000fe00    00000200   00000000    rw- .stack


SECTION ALLOCATION MAP

 output                                  attributes/
section   page    origin      length       input sections
--------  ----  ----------  ----------   ----------------
.intvecs   0    00000000    000000e4     
                  00000000    000000e4     startup_msp432p401r_ccs.obj (.intvecs:retain)

.text      0    000000e4    0000074a     
                  000000e4    00000334     system_msp432p401r.obj (.text)
                  00000418    0000023c     main.obj (.text)
                  00000654    0000009c     rtsv7M4_T_le_v4SPD16_eabi.lib : memcpy_t2.asm.obj (.text)
                  000006f0    00000068                                   : copy_decompress_lzss.c.obj (.text:decompress:lzss:__TI_decompress_lzss)
                  00000758    00000044                                   : autoinit.c.obj (.text:__TI_auto_init_nobinit_nopinit:__TI_auto_init_nobinit_nopinit)
                  0000079c    00000038                                   : boot_cortex_m.c.obj (.text:_c_int00_noargs:_c_int00_noargs)
                  000007d4    00000024     delay.obj (.text:delay_ms)
                  000007f8    00000012     rtsv7M4_T_le_v4SPD16_eabi.lib : copy_zero_init.c.obj (.text:decompress:ZI:__TI_zero_init_nomemset:__TI_zero_init_nomemset)
                  0000080a    0000000e                                   : copy_decompress_none.c.obj (.text:decompress:none:__TI_decompress_none)
                  00000818    0000000e     startup_msp432p401r_ccs.obj (.text)
                  00000826    00000004     rtsv7M4_T_le_v4SPD16_eabi.lib : pre_init.c.obj (.text:_system_pre_init)
                  0000082a    00000004                                   : exit.c.obj (.text:abort:abort)

.cinit     0    00000830    00000030     
                  00000830    0000000c     (__TI_handler_table)
                  0000083c    0000000a     (.cinit..data.load) [load image, compression = lzss]
                  00000846    00000002     --HOLE-- [fill = 0]
                  00000848    00000008     (.cinit..bss.load) [load image, compression = zero_init]
                  00000850    00000010     (__TI_cinit_table)

.init_array 
*          0    00000000    00000000     UNINITIALIZED

.binit     0    00000000    00000000     

.bss       0    20000000    00000200     UNINITIALIZED
                  20000000    00000100     (.common:RXData)
                  20000100    00000100     (.common:TXData)

.data      0    20000200    00000006     UNINITIALIZED
                  20000200    00000004     system_msp432p401r.obj (.data)
                  20000204    00000002     main.obj (.data)

.stack     0    2000fe00    00000200     UNINITIALIZED
                  2000fe00    00000004     rtsv7M4_T_le_v4SPD16_eabi.lib : boot_cortex_m.c.obj (.stack)
                  2000fe04    000001fc     --HOLE--

MODULE SUMMARY

       Module                        code   ro data   rw data
       ------                        ----   -------   -------
    ./
       main.obj                      572    0         1028   
       system_msp432p401r.obj        820    0         8      
       startup_msp432p401r_ccs.obj   14     228       0      
       delay.obj                     36     0         0      
    +--+-----------------------------+------+---------+---------+
       Total:                        1442   228       1036   
                                                             
    /opt/ti/ccsv8/tools/compiler/ti-cgt-arm_18.1.3.LTS/lib/rtsv7M4_T_le_v4SPD16_eabi.lib
       memcpy_t2.asm.obj             156    0         0      
       copy_decompress_lzss.c.obj    104    0         0      
       autoinit.c.obj                68     0         0      
       boot_cortex_m.c.obj           56     0         0      
       copy_zero_init.c.obj          18     0         0      
       copy_decompress_none.c.obj    14     0         0      
       exit.c.obj                    4      0         0      
       pre_init.c.obj                4      0         0      
    +--+-----------------------------+------+---------+---------+
       Total:                        424    0         0      
                                                             
       Stack:                        0      0         1024   
       Linker Generated:             0      46        0      
    +--+-----------------------------+------+---------+---------+
       Grand Total:                  1866   274       2060   


LINKER GENERATED COPY TABLES

__TI_cinit_table @ 00000850 records: 2, size/record: 8, table size: 16
	.data: load addr=0000083c, load size=0000000a bytes, run addr=20000200, run size=00000006 bytes, compression=lzss
	.bss: load addr=00000848, load size=00000008 bytes, run addr=20000000, run size=00000200 bytes, compression=zero_init


LINKER GENERATED HANDLER TABLE

__TI_handler_table @ 00000830 records: 3, size/record: 4, table size: 12
	index: 0, handler: __TI_decompress_lzss
	index: 1, handler: __TI_decompress_none
	index: 2, handler: __TI_zero_init


GLOBAL SYMBOLS: SORTED ALPHABETICALLY BY Name 

address   name                          
-------   ----                          
00000825  ADC14_IRQHandler              
00000825  AES256_IRQHandler             
00000825  BusFault_Handler              
0000082b  C$$EXIT                       
00000825  COMP_E0_IRQHandler            
00000825  COMP_E1_IRQHandler            
00000825  CS_IRQHandler                 
00000825  DMA_ERR_IRQHandler            
00000825  DMA_INT0_IRQHandler           
00000825  DMA_INT1_IRQHandler           
00000825  DMA_INT2_IRQHandler           
00000825  DMA_INT3_IRQHandler           
00000825  DebugMon_Handler              
00000825  Default_Handler               
00000825  EUSCIA0_IRQHandler            
00000825  EUSCIA1_IRQHandler            
00000825  EUSCIA2_IRQHandler            
00000825  EUSCIA3_IRQHandler            
000004b3  EUSCIB0_IRQHandler            
000004b3  EUSCIB0_IRQHandler            
00000825  EUSCIB1_IRQHandler            
00000825  EUSCIB2_IRQHandler            
00000825  EUSCIB3_IRQHandler            
00000825  FLCTL_IRQHandler              
00000825  FPU_IRQHandler                
00000825  HardFault_Handler             
00000825  MemManage_Handler             
00000825  NMI_Handler                   
00000825  PCM_IRQHandler                
00000825  PORT1_IRQHandler              
00000825  PORT2_IRQHandler              
00000825  PORT3_IRQHandler              
00000825  PORT4_IRQHandler              
00000825  PORT5_IRQHandler              
00000825  PORT6_IRQHandler              
00000825  PSS_IRQHandler                
00000825  PendSV_Handler                
00000825  RTC_C_IRQHandler              
20000000  RXData                        
00000819  Reset_Handler                 
00000825  SVC_Handler                   
00000825  SysTick_Handler               
20000200  SystemCoreClock               
000000e5  SystemCoreClockUpdate         
0000035d  SystemInit                    
00000825  T32_INT1_IRQHandler           
00000825  T32_INT2_IRQHandler           
00000825  T32_INTC_IRQHandler           
00000825  TA0_0_IRQHandler              
00000825  TA0_N_IRQHandler              
00000825  TA1_0_IRQHandler              
00000825  TA1_N_IRQHandler              
00000825  TA2_0_IRQHandler              
00000825  TA2_N_IRQHandler              
00000825  TA3_0_IRQHandler              
00000825  TA3_N_IRQHandler              
20000100  TXData                        
00000825  UsageFault_Handler            
4000480c  WDTCTL_SYM                    
00000825  WDT_A_IRQHandler              
20010000  __STACK_END                   
00000200  __STACK_SIZE                  
00000850  __TI_CINIT_Base               
00000860  __TI_CINIT_Limit              
00000830  __TI_Handler_Table_Base       
0000083c  __TI_Handler_Table_Limit      
00000759  __TI_auto_init_nobinit_nopinit
000006f1  __TI_decompress_lzss          
0000080b  __TI_decompress_none          
ffffffff  __TI_pprof_out_hndl           
ffffffff  __TI_prof_data_size           
ffffffff  __TI_prof_data_start          
00000000  __TI_static_base__            
000007f9  __TI_zero_init_nomemset       
00000655  __aeabi_memcpy                
00000655  __aeabi_memcpy4               
00000655  __aeabi_memcpy8               
ffffffff  __binit__                     
ffffffff  __c_args__                    
UNDEFED   __mpu_init                    
2000fe00  __stack                       
0000079d  _c_int00_noargs               
UNDEFED   _system_post_cinit            
00000827  _system_pre_init              
0000082b  abort                         
ffffffff  binit                         
000007d5  delay_ms                      
20000204  flag                          
000005a9  i2cRead                       
0000054f  i2cWrite                      
00000000  interruptVectors              
00000419  main                          
00000655  memcpy                        


GLOBAL SYMBOLS: SORTED BY Symbol Address 

address   name                          
-------   ----                          
00000000  __TI_static_base__            
00000000  interruptVectors              
000000e5  SystemCoreClockUpdate         
00000200  __STACK_SIZE                  
0000035d  SystemInit                    
00000419  main                          
000004b3  EUSCIB0_IRQHandler            
000004b3  EUSCIB0_IRQHandler            
0000054f  i2cWrite                      
000005a9  i2cRead                       
00000655  __aeabi_memcpy                
00000655  __aeabi_memcpy4               
00000655  __aeabi_memcpy8               
00000655  memcpy                        
000006f1  __TI_decompress_lzss          
00000759  __TI_auto_init_nobinit_nopinit
0000079d  _c_int00_noargs               
000007d5  delay_ms                      
000007f9  __TI_zero_init_nomemset       
0000080b  __TI_decompress_none          
00000819  Reset_Handler                 
00000825  ADC14_IRQHandler              
00000825  AES256_IRQHandler             
00000825  BusFault_Handler              
00000825  COMP_E0_IRQHandler            
00000825  COMP_E1_IRQHandler            
00000825  CS_IRQHandler                 
00000825  DMA_ERR_IRQHandler            
00000825  DMA_INT0_IRQHandler           
00000825  DMA_INT1_IRQHandler           
00000825  DMA_INT2_IRQHandler           
00000825  DMA_INT3_IRQHandler           
00000825  DebugMon_Handler              
00000825  Default_Handler               
00000825  EUSCIA0_IRQHandler            
00000825  EUSCIA1_IRQHandler            
00000825  EUSCIA2_IRQHandler            
00000825  EUSCIA3_IRQHandler            
00000825  EUSCIB1_IRQHandler            
00000825  EUSCIB2_IRQHandler            
00000825  EUSCIB3_IRQHandler            
00000825  FLCTL_IRQHandler              
00000825  FPU_IRQHandler                
00000825  HardFault_Handler             
00000825  MemManage_Handler             
00000825  NMI_Handler                   
00000825  PCM_IRQHandler                
00000825  PORT1_IRQHandler              
00000825  PORT2_IRQHandler              
00000825  PORT3_IRQHandler              
00000825  PORT4_IRQHandler              
00000825  PORT5_IRQHandler              
00000825  PORT6_IRQHandler              
00000825  PSS_IRQHandler                
00000825  PendSV_Handler                
00000825  RTC_C_IRQHandler              
00000825  SVC_Handler                   
00000825  SysTick_Handler               
00000825  T32_INT1_IRQHandler           
00000825  T32_INT2_IRQHandler           
00000825  T32_INTC_IRQHandler           
00000825  TA0_0_IRQHandler              
00000825  TA0_N_IRQHandler              
00000825  TA1_0_IRQHandler              
00000825  TA1_N_IRQHandler              
00000825  TA2_0_IRQHandler              
00000825  TA2_N_IRQHandler              
00000825  TA3_0_IRQHandler              
00000825  TA3_N_IRQHandler              
00000825  UsageFault_Handler            
00000825  WDT_A_IRQHandler              
00000827  _system_pre_init              
0000082b  C$$EXIT                       
0000082b  abort                         
00000830  __TI_Handler_Table_Base       
0000083c  __TI_Handler_Table_Limit      
00000850  __TI_CINIT_Base               
00000860  __TI_CINIT_Limit              
20000000  RXData                        
20000100  TXData                        
20000200  SystemCoreClock               
20000204  flag                          
2000fe00  __stack                       
20010000  __STACK_END                   
4000480c  WDTCTL_SYM                    
ffffffff  __TI_pprof_out_hndl           
ffffffff  __TI_prof_data_size           
ffffffff  __TI_prof_data_start          
ffffffff  __binit__                     
ffffffff  __c_args__                    
ffffffff  binit                         
UNDEFED   __mpu_init                    
UNDEFED   _system_post_cinit            

[93 symbols]
