<?xml version="1.0"?>
<link_info>
   <banner>TI ARM Linker PC v16.9.7.LTS</banner>
   <copyright>Copyright (c) 1996-2017 Texas Instruments Incorporated</copyright>
   <link_time>0x5af9feff</link_time>
   <link_errors>0x0</link_errors>
   <output_file>CPE329-A9.out</output_file>
   <entry_point>
      <name>_c_int00</name>
      <address>0xd9d</address>
   </entry_point>
   <input_file_list>
      <input_file id="fl-2">
         <path>.\</path>
         <kind>object</kind>
         <file>delay.obj</file>
         <name>delay.obj</name>
      </input_file>
      <input_file id="fl-3">
         <path>.\</path>
         <kind>object</kind>
         <file>gpio.obj</file>
         <name>gpio.obj</name>
      </input_file>
      <input_file id="fl-4">
         <path>.\</path>
         <kind>object</kind>
         <file>interrupt.obj</file>
         <name>interrupt.obj</name>
      </input_file>
      <input_file id="fl-5">
         <path>.\</path>
         <kind>object</kind>
         <file>main.obj</file>
         <name>main.obj</name>
      </input_file>
      <input_file id="fl-6">
         <path>.\</path>
         <kind>object</kind>
         <file>startup_msp432p401r_ccs.obj</file>
         <name>startup_msp432p401r_ccs.obj</name>
      </input_file>
      <input_file id="fl-7">
         <path>.\</path>
         <kind>object</kind>
         <file>system_msp432p401r.obj</file>
         <name>system_msp432p401r.obj</name>
      </input_file>
      <input_file id="fl-8">
         <path>.\</path>
         <kind>object</kind>
         <file>uart.obj</file>
         <name>uart.obj</name>
      </input_file>
      <input_file id="fl-c">
         <kind>object</kind>
         <file>&lt;internal&gt;</file>
         <name>&lt;internal&gt;</name>
      </input_file>
      <input_file id="fl-c2">
         <path>C:\ti\ccsv7\tools\compiler\ti-cgt-arm_16.9.7.LTS\lib\</path>
         <kind>archive</kind>
         <file>rtsv7M4_T_le_v4SPD16_eabi.lib</file>
         <name>boot.obj</name>
      </input_file>
      <input_file id="fl-c3">
         <path>C:\ti\ccsv7\tools\compiler\ti-cgt-arm_16.9.7.LTS\lib\</path>
         <kind>archive</kind>
         <file>rtsv7M4_T_le_v4SPD16_eabi.lib</file>
         <name>copy_decompress_lzss.obj</name>
      </input_file>
      <input_file id="fl-c4">
         <path>C:\ti\ccsv7\tools\compiler\ti-cgt-arm_16.9.7.LTS\lib\</path>
         <kind>archive</kind>
         <file>rtsv7M4_T_le_v4SPD16_eabi.lib</file>
         <name>copy_decompress_none.obj</name>
      </input_file>
      <input_file id="fl-c5">
         <path>C:\ti\ccsv7\tools\compiler\ti-cgt-arm_16.9.7.LTS\lib\</path>
         <kind>archive</kind>
         <file>rtsv7M4_T_le_v4SPD16_eabi.lib</file>
         <name>copy_zero_init.obj</name>
      </input_file>
      <input_file id="fl-c6">
         <path>C:\ti\ccsv7\tools\compiler\ti-cgt-arm_16.9.7.LTS\lib\</path>
         <kind>archive</kind>
         <file>rtsv7M4_T_le_v4SPD16_eabi.lib</file>
         <name>exit.obj</name>
      </input_file>
      <input_file id="fl-c7">
         <path>C:\ti\ccsv7\tools\compiler\ti-cgt-arm_16.9.7.LTS\lib\</path>
         <kind>archive</kind>
         <file>rtsv7M4_T_le_v4SPD16_eabi.lib</file>
         <name>memcpy_t2.obj</name>
      </input_file>
      <input_file id="fl-c8">
         <path>C:\ti\ccsv7\tools\compiler\ti-cgt-arm_16.9.7.LTS\lib\</path>
         <kind>archive</kind>
         <file>rtsv7M4_T_le_v4SPD16_eabi.lib</file>
         <name>memset_t2.obj</name>
      </input_file>
      <input_file id="fl-c9">
         <path>C:\ti\ccsv7\tools\compiler\ti-cgt-arm_16.9.7.LTS\lib\</path>
         <kind>archive</kind>
         <file>rtsv7M4_T_le_v4SPD16_eabi.lib</file>
         <name>mpu_init.obj</name>
      </input_file>
      <input_file id="fl-ca">
         <path>C:\ti\ccsv7\tools\compiler\ti-cgt-arm_16.9.7.LTS\lib\</path>
         <kind>archive</kind>
         <file>rtsv7M4_T_le_v4SPD16_eabi.lib</file>
         <name>pre_init.obj</name>
      </input_file>
      <input_file id="fl-cb">
         <path>C:\ti\ccsv7\tools\compiler\ti-cgt-arm_16.9.7.LTS\lib\</path>
         <kind>archive</kind>
         <file>rtsv7M4_T_le_v4SPD16_eabi.lib</file>
         <name>stkdepth_vars.obj</name>
      </input_file>
      <input_file id="fl-cc">
         <path>C:\ti\ccsv7\tools\compiler\ti-cgt-arm_16.9.7.LTS\lib\</path>
         <kind>archive</kind>
         <file>rtsv7M4_T_le_v4SPD16_eabi.lib</file>
         <name>_lock.obj</name>
      </input_file>
      <input_file id="fl-cd">
         <path>C:\ti\ccsv7\tools\compiler\ti-cgt-arm_16.9.7.LTS\lib\</path>
         <kind>archive</kind>
         <file>rtsv7M4_T_le_v4SPD16_eabi.lib</file>
         <name>args_main.obj</name>
      </input_file>
      <input_file id="fl-ce">
         <path>C:\ti\ccsv7\tools\compiler\ti-cgt-arm_16.9.7.LTS\lib\</path>
         <kind>archive</kind>
         <file>rtsv7M4_T_le_v4SPD16_eabi.lib</file>
         <name>autoinit.obj</name>
      </input_file>
      <input_file id="fl-cf">
         <path>C:\ti\ccsv7\tools\compiler\ti-cgt-arm_16.9.7.LTS\lib\</path>
         <kind>archive</kind>
         <file>rtsv7M4_T_le_v4SPD16_eabi.lib</file>
         <name>cpy_tbl.obj</name>
      </input_file>
      <input_file id="fl-d0">
         <path>C:\ti\ccsv7\tools\compiler\ti-cgt-arm_16.9.7.LTS\lib\</path>
         <kind>archive</kind>
         <file>rtsv7M4_T_le_v4SPD16_eabi.lib</file>
         <name>startup.obj</name>
      </input_file>
   </input_file_list>
   <object_component_list>
      <object_component id="oc-2c">
         <name>.intvecs:retain</name>
         <load_address>0x0</load_address>
         <run_address>0x0</run_address>
         <size>0xe4</size>
         <input_file_ref idref="fl-6"/>
      </object_component>
      <object_component id="oc-bd">
         <name>.text</name>
         <load_address>0xe4</load_address>
         <run_address>0xe4</run_address>
         <size>0x334</size>
         <input_file_ref idref="fl-7"/>
      </object_component>
      <object_component id="oc-c4">
         <name>.text</name>
         <load_address>0x418</load_address>
         <run_address>0x418</run_address>
         <size>0x24c</size>
         <input_file_ref idref="fl-3"/>
      </object_component>
      <object_component id="oc-7b">
         <name>.text</name>
         <load_address>0x664</load_address>
         <run_address>0x664</run_address>
         <size>0x1c8</size>
         <input_file_ref idref="fl-8"/>
      </object_component>
      <object_component id="oc-e1">
         <name>.text</name>
         <load_address>0x82c</load_address>
         <run_address>0x82c</run_address>
         <size>0x164</size>
         <input_file_ref idref="fl-2"/>
      </object_component>
      <object_component id="oc-ca">
         <name>.text</name>
         <load_address>0x990</load_address>
         <run_address>0x990</run_address>
         <size>0x14c</size>
         <input_file_ref idref="fl-4"/>
      </object_component>
      <object_component id="oc-81">
         <name>.text</name>
         <load_address>0xadc</load_address>
         <run_address>0xadc</run_address>
         <size>0xd0</size>
         <input_file_ref idref="fl-5"/>
      </object_component>
      <object_component id="oc-3b">
         <name>.text</name>
         <load_address>0xbac</load_address>
         <run_address>0xbac</run_address>
         <size>0x9c</size>
         <input_file_ref idref="fl-c7"/>
      </object_component>
      <object_component id="oc-47">
         <name>.text</name>
         <load_address>0xc48</load_address>
         <run_address>0xc48</run_address>
         <size>0x7a</size>
         <input_file_ref idref="fl-c8"/>
      </object_component>
      <object_component id="oc-53">
         <name>.text</name>
         <load_address>0xcc2</load_address>
         <run_address>0xcc2</run_address>
         <size>0x2</size>
         <input_file_ref idref="fl-c9"/>
      </object_component>
      <object_component id="oc-5f">
         <name>.text</name>
         <load_address>0xcc4</load_address>
         <run_address>0xcc4</run_address>
         <size>0x70</size>
         <input_file_ref idref="fl-ce"/>
      </object_component>
      <object_component id="oc-14">
         <name>.text:decompress:lzss</name>
         <load_address>0xd34</load_address>
         <run_address>0xd34</run_address>
         <size>0x68</size>
         <input_file_ref idref="fl-c3"/>
      </object_component>
      <object_component id="oc-26">
         <name>.text</name>
         <load_address>0xd9c</load_address>
         <run_address>0xd9c</run_address>
         <size>0x54</size>
         <input_file_ref idref="fl-c2"/>
      </object_component>
      <object_component id="oc-6b">
         <name>.text</name>
         <load_address>0xdf0</load_address>
         <run_address>0xdf0</run_address>
         <size>0x54</size>
         <input_file_ref idref="fl-c6"/>
      </object_component>
      <object_component id="oc-a2">
         <name>.text</name>
         <load_address>0xe44</load_address>
         <run_address>0xe44</run_address>
         <size>0x4c</size>
         <input_file_ref idref="fl-cf"/>
      </object_component>
      <object_component id="oc-e7">
         <name>.text:delay_ms</name>
         <load_address>0xe90</load_address>
         <run_address>0xe90</run_address>
         <size>0x24</size>
         <input_file_ref idref="fl-2"/>
      </object_component>
      <object_component id="oc-65">
         <name>.text</name>
         <load_address>0xeb4</load_address>
         <run_address>0xeb4</run_address>
         <size>0x18</size>
         <input_file_ref idref="fl-cd"/>
      </object_component>
      <object_component id="oc-110">
         <name>.text</name>
         <load_address>0xecc</load_address>
         <run_address>0xecc</run_address>
         <size>0x14</size>
         <input_file_ref idref="fl-cc"/>
      </object_component>
      <object_component id="oc-1a">
         <name>.text:decompress:none</name>
         <load_address>0xee0</load_address>
         <run_address>0xee0</run_address>
         <size>0xe</size>
         <input_file_ref idref="fl-c4"/>
      </object_component>
      <object_component id="oc-75">
         <name>.text</name>
         <load_address>0xeee</load_address>
         <run_address>0xeee</run_address>
         <size>0xe</size>
         <input_file_ref idref="fl-6"/>
      </object_component>
      <object_component id="oc-20">
         <name>.text:decompress:ZI</name>
         <load_address>0xefc</load_address>
         <run_address>0xefc</run_address>
         <size>0xc</size>
         <input_file_ref idref="fl-c5"/>
      </object_component>
      <object_component id="oc-59">
         <name>.text</name>
         <load_address>0xf08</load_address>
         <run_address>0xf08</run_address>
         <size>0x4</size>
         <input_file_ref idref="fl-ca"/>
      </object_component>
      <object_component id="oc-a8">
         <name>.text</name>
         <load_address>0xf0c</load_address>
         <run_address>0xf0c</run_address>
         <size>0x2</size>
         <input_file_ref idref="fl-d0"/>
      </object_component>
      <object_component id="oc-183">
         <name>.cinit..data.load</name>
         <load_address>0xf10</load_address>
         <run_address>0xf10</run_address>
         <size>0x3c</size>
      </object_component>
      <object_component id="oc-181">
         <name>__TI_handler_table</name>
         <load_address>0xf4c</load_address>
         <run_address>0xf4c</run_address>
         <size>0xc</size>
      </object_component>
      <object_component id="oc-184">
         <name>.cinit..bss.load</name>
         <load_address>0xf58</load_address>
         <run_address>0xf58</run_address>
         <size>0x8</size>
      </object_component>
      <object_component id="oc-182">
         <name>__TI_cinit_table</name>
         <load_address>0xf60</load_address>
         <run_address>0xf60</run_address>
         <size>0x10</size>
      </object_component>
      <object_component id="oc-15e">
         <name>.binit</name>
         <load_address>0x0</load_address>
         <run_address>0x0</run_address>
         <size>0x0</size>
      </object_component>
      <object_component id="oc-120">
         <name>.data:GPIO_PORT_TO_BASE</name>
         <load_address>0x20000000</load_address>
         <run_address>0x20000000</run_address>
         <size>0x2c</size>
         <input_file_ref idref="fl-3"/>
      </object_component>
      <object_component id="oc-125">
         <name>.data:GPIO_PORT_TO_BASE</name>
         <load_address>0x2000002c</load_address>
         <run_address>0x2000002c</run_address>
         <size>0x2c</size>
         <input_file_ref idref="fl-4"/>
      </object_component>
      <object_component id="oc-11c">
         <name>.data</name>
         <load_address>0x20000070</load_address>
         <run_address>0x20000070</run_address>
         <size>0x4</size>
         <input_file_ref idref="fl-7"/>
      </object_component>
      <object_component id="oc-d0">
         <name>.data</name>
         <load_address>0x20000074</load_address>
         <run_address>0x20000074</run_address>
         <size>0x1</size>
         <input_file_ref idref="fl-8"/>
      </object_component>
      <object_component id="oc-b2">
         <name>.data:$O1$$</name>
         <load_address>0x20000058</load_address>
         <run_address>0x20000058</run_address>
         <size>0xc</size>
         <input_file_ref idref="fl-c6"/>
      </object_component>
      <object_component id="oc-71">
         <name>.data</name>
         <load_address>0x2000006c</load_address>
         <run_address>0x2000006c</run_address>
         <size>0x4</size>
         <input_file_ref idref="fl-cb"/>
      </object_component>
      <object_component id="oc-b5">
         <name>.data:$O1$$</name>
         <load_address>0x20000064</load_address>
         <run_address>0x20000064</run_address>
         <size>0x8</size>
         <input_file_ref idref="fl-cc"/>
      </object_component>
      <object_component id="oc-f2">
         <name>.bss</name>
         <uninitialized>true</uninitialized>
         <run_address>0x20000076</run_address>
         <size>0x2</size>
         <input_file_ref idref="fl-5"/>
      </object_component>
      <object_component id="oc-ee">
         <name>.common:flago</name>
         <uninitialized>true</uninitialized>
         <run_address>0x2000007c</run_address>
         <size>0x1</size>
      </object_component>
      <object_component id="oc-f1">
         <name>.common:voltage</name>
         <uninitialized>true</uninitialized>
         <run_address>0x2000007a</run_address>
         <size>0x2</size>
      </object_component>
      <object_component id="oc-d3">
         <name>.common:result</name>
         <uninitialized>true</uninitialized>
         <run_address>0x20000078</run_address>
         <size>0x2</size>
      </object_component>
      <object_component id="oc-2f">
         <name>.stack</name>
         <uninitialized>true</uninitialized>
         <run_address>0x2000fe00</run_address>
         <size>0x0</size>
         <input_file_ref idref="fl-c2"/>
      </object_component>
      <object_component id="oc-185">
         <name>.stack</name>
         <uninitialized>true</uninitialized>
         <run_address>0x2000fe00</run_address>
         <size>0x0</size>
      </object_component>
      <object_component id="oc-152">
         <name>.debug_info</name>
         <load_address>0x0</load_address>
         <run_address>0x0</run_address>
         <size>0x53f</size>
         <input_file_ref idref="fl-2"/>
      </object_component>
      <object_component id="oc-e8">
         <name>.debug_info</name>
         <load_address>0x53f</load_address>
         <run_address>0x53f</run_address>
         <size>0x1b1</size>
         <input_file_ref idref="fl-2"/>
      </object_component>
      <object_component id="oc-e2">
         <name>.debug_info</name>
         <load_address>0x6f0</load_address>
         <run_address>0x6f0</run_address>
         <size>0x22e</size>
         <input_file_ref idref="fl-2"/>
      </object_component>
      <object_component id="oc-157">
         <name>.debug_info</name>
         <load_address>0x91e</load_address>
         <run_address>0x91e</run_address>
         <size>0x37e2</size>
         <input_file_ref idref="fl-2"/>
      </object_component>
      <object_component id="oc-132">
         <name>.debug_info</name>
         <load_address>0x4100</load_address>
         <run_address>0x4100</run_address>
         <size>0x1055</size>
         <input_file_ref idref="fl-2"/>
      </object_component>
      <object_component id="oc-36">
         <name>.debug_info</name>
         <load_address>0x5155</load_address>
         <run_address>0x5155</run_address>
         <size>0x84</size>
         <input_file_ref idref="fl-2"/>
      </object_component>
      <object_component id="oc-dc">
         <name>.debug_info</name>
         <load_address>0x51d9</load_address>
         <run_address>0x51d9</run_address>
         <size>0x18b</size>
         <input_file_ref idref="fl-2"/>
      </object_component>
      <object_component id="oc-124">
         <name>.debug_info</name>
         <load_address>0x5364</load_address>
         <run_address>0x5364</run_address>
         <size>0x550</size>
         <input_file_ref idref="fl-3"/>
      </object_component>
      <object_component id="oc-121">
         <name>.debug_info</name>
         <load_address>0x58b4</load_address>
         <run_address>0x58b4</run_address>
         <size>0x10a</size>
         <input_file_ref idref="fl-3"/>
      </object_component>
      <object_component id="oc-c5">
         <name>.debug_info</name>
         <load_address>0x59be</load_address>
         <run_address>0x59be</run_address>
         <size>0x624</size>
         <input_file_ref idref="fl-3"/>
      </object_component>
      <object_component id="oc-12d">
         <name>.debug_info</name>
         <load_address>0x5fe2</load_address>
         <run_address>0x5fe2</run_address>
         <size>0x37e2</size>
         <input_file_ref idref="fl-3"/>
      </object_component>
      <object_component id="oc-d7">
         <name>.debug_info</name>
         <load_address>0x97c4</load_address>
         <run_address>0x97c4</run_address>
         <size>0x162</size>
         <input_file_ref idref="fl-3"/>
      </object_component>
      <object_component id="oc-151">
         <name>.debug_info</name>
         <load_address>0x9926</load_address>
         <run_address>0x9926</run_address>
         <size>0x543</size>
         <input_file_ref idref="fl-4"/>
      </object_component>
      <object_component id="oc-126">
         <name>.debug_info</name>
         <load_address>0x9e69</load_address>
         <run_address>0x9e69</run_address>
         <size>0x10f</size>
         <input_file_ref idref="fl-4"/>
      </object_component>
      <object_component id="oc-cd">
         <name>.debug_info</name>
         <load_address>0x9f78</load_address>
         <run_address>0x9f78</run_address>
         <size>0x870</size>
         <input_file_ref idref="fl-4"/>
      </object_component>
      <object_component id="oc-ef">
         <name>.debug_info</name>
         <load_address>0xa7e8</load_address>
         <run_address>0xa7e8</run_address>
         <size>0x5eb</size>
         <input_file_ref idref="fl-5"/>
      </object_component>
      <object_component id="oc-82">
         <name>.debug_info</name>
         <load_address>0xadd3</load_address>
         <run_address>0xadd3</run_address>
         <size>0x199</size>
         <input_file_ref idref="fl-5"/>
      </object_component>
      <object_component id="oc-89">
         <name>.debug_info</name>
         <load_address>0xaf6c</load_address>
         <run_address>0xaf6c</run_address>
         <size>0x2b6</size>
         <input_file_ref idref="fl-6"/>
      </object_component>
      <object_component id="oc-2d">
         <name>.debug_info</name>
         <load_address>0xb222</load_address>
         <run_address>0xb222</run_address>
         <size>0xf4</size>
         <input_file_ref idref="fl-6"/>
      </object_component>
      <object_component id="oc-76">
         <name>.debug_info</name>
         <load_address>0xb316</load_address>
         <run_address>0xb316</run_address>
         <size>0x1bb</size>
         <input_file_ref idref="fl-6"/>
      </object_component>
      <object_component id="oc-11d">
         <name>.debug_info</name>
         <load_address>0xb4d1</load_address>
         <run_address>0xb4d1</run_address>
         <size>0xed</size>
         <input_file_ref idref="fl-7"/>
      </object_component>
      <object_component id="oc-be">
         <name>.debug_info</name>
         <load_address>0xb5be</load_address>
         <run_address>0xb5be</run_address>
         <size>0x25f</size>
         <input_file_ref idref="fl-7"/>
      </object_component>
      <object_component id="oc-d4">
         <name>.debug_info</name>
         <load_address>0xb81d</load_address>
         <run_address>0xb81d</run_address>
         <size>0x5d6</size>
         <input_file_ref idref="fl-8"/>
      </object_component>
      <object_component id="oc-d1">
         <name>.debug_info</name>
         <load_address>0xbdf3</load_address>
         <run_address>0xbdf3</run_address>
         <size>0xf1</size>
         <input_file_ref idref="fl-8"/>
      </object_component>
      <object_component id="oc-7f">
         <name>.debug_info</name>
         <load_address>0xbee4</load_address>
         <run_address>0xbee4</run_address>
         <size>0x401</size>
         <input_file_ref idref="fl-8"/>
      </object_component>
      <object_component id="oc-28">
         <name>.debug_info</name>
         <load_address>0xc2e5</load_address>
         <run_address>0xc2e5</run_address>
         <size>0x160</size>
         <input_file_ref idref="fl-c2"/>
      </object_component>
      <object_component id="oc-8f">
         <name>.debug_info</name>
         <load_address>0xc445</load_address>
         <run_address>0xc445</run_address>
         <size>0x293</size>
         <input_file_ref idref="fl-c3"/>
      </object_component>
      <object_component id="oc-16">
         <name>.debug_info</name>
         <load_address>0xc6d8</load_address>
         <run_address>0xc6d8</run_address>
         <size>0x245</size>
         <input_file_ref idref="fl-c3"/>
      </object_component>
      <object_component id="oc-31">
         <name>.debug_info</name>
         <load_address>0xc91d</load_address>
         <run_address>0xc91d</run_address>
         <size>0x60</size>
         <input_file_ref idref="fl-c3"/>
      </object_component>
      <object_component id="oc-8a">
         <name>.debug_info</name>
         <load_address>0xc97d</load_address>
         <run_address>0xc97d</run_address>
         <size>0x46</size>
         <input_file_ref idref="fl-c3"/>
      </object_component>
      <object_component id="oc-46">
         <name>.debug_info</name>
         <load_address>0xc9c3</load_address>
         <run_address>0xc9c3</run_address>
         <size>0x2da</size>
         <input_file_ref idref="fl-c4"/>
      </object_component>
      <object_component id="oc-1b">
         <name>.debug_info</name>
         <load_address>0xcc9d</load_address>
         <run_address>0xcc9d</run_address>
         <size>0x1df</size>
         <input_file_ref idref="fl-c4"/>
      </object_component>
      <object_component id="oc-41">
         <name>.debug_info</name>
         <load_address>0xce7c</load_address>
         <run_address>0xce7c</run_address>
         <size>0x46</size>
         <input_file_ref idref="fl-c4"/>
      </object_component>
      <object_component id="oc-91">
         <name>.debug_info</name>
         <load_address>0xcec2</load_address>
         <run_address>0xcec2</run_address>
         <size>0x2c</size>
         <input_file_ref idref="fl-c4"/>
      </object_component>
      <object_component id="oc-52">
         <name>.debug_info</name>
         <load_address>0xceee</load_address>
         <run_address>0xceee</run_address>
         <size>0x2c9</size>
         <input_file_ref idref="fl-c5"/>
      </object_component>
      <object_component id="oc-21">
         <name>.debug_info</name>
         <load_address>0xd1b7</load_address>
         <run_address>0xd1b7</run_address>
         <size>0x1aa</size>
         <input_file_ref idref="fl-c5"/>
      </object_component>
      <object_component id="oc-4d">
         <name>.debug_info</name>
         <load_address>0xd361</load_address>
         <run_address>0xd361</run_address>
         <size>0x46</size>
         <input_file_ref idref="fl-c5"/>
      </object_component>
      <object_component id="oc-99">
         <name>.debug_info</name>
         <load_address>0xd3a7</load_address>
         <run_address>0xd3a7</run_address>
         <size>0x2c</size>
         <input_file_ref idref="fl-c5"/>
      </object_component>
      <object_component id="oc-b9">
         <name>.debug_info</name>
         <load_address>0xd3d3</load_address>
         <run_address>0xd3d3</run_address>
         <size>0x3ce</size>
         <input_file_ref idref="fl-c6"/>
      </object_component>
      <object_component id="oc-b3">
         <name>.debug_info</name>
         <load_address>0xd7a1</load_address>
         <run_address>0xd7a1</run_address>
         <size>0x185</size>
         <input_file_ref idref="fl-c6"/>
      </object_component>
      <object_component id="oc-6f">
         <name>.debug_info</name>
         <load_address>0xd926</load_address>
         <run_address>0xd926</run_address>
         <size>0x214</size>
         <input_file_ref idref="fl-c6"/>
      </object_component>
      <object_component id="oc-3c">
         <name>.debug_info</name>
         <load_address>0xdb3a</load_address>
         <run_address>0xdb3a</run_address>
         <size>0x111</size>
         <input_file_ref idref="fl-c7"/>
      </object_component>
      <object_component id="oc-48">
         <name>.debug_info</name>
         <load_address>0xdc4b</load_address>
         <run_address>0xdc4b</run_address>
         <size>0x13f</size>
         <input_file_ref idref="fl-c8"/>
      </object_component>
      <object_component id="oc-54">
         <name>.debug_info</name>
         <load_address>0xdd8a</load_address>
         <run_address>0xdd8a</run_address>
         <size>0x138</size>
         <input_file_ref idref="fl-c9"/>
      </object_component>
      <object_component id="oc-5d">
         <name>.debug_info</name>
         <load_address>0xdec2</load_address>
         <run_address>0xdec2</run_address>
         <size>0x148</size>
         <input_file_ref idref="fl-ca"/>
      </object_component>
      <object_component id="oc-72">
         <name>.debug_info</name>
         <load_address>0xe00a</load_address>
         <run_address>0xe00a</run_address>
         <size>0x109</size>
         <input_file_ref idref="fl-cb"/>
      </object_component>
      <object_component id="oc-118">
         <name>.debug_info</name>
         <load_address>0xe113</load_address>
         <run_address>0xe113</run_address>
         <size>0x2be</size>
         <input_file_ref idref="fl-cc"/>
      </object_component>
      <object_component id="oc-b6">
         <name>.debug_info</name>
         <load_address>0xe3d1</load_address>
         <run_address>0xe3d1</run_address>
         <size>0x113</size>
         <input_file_ref idref="fl-cc"/>
      </object_component>
      <object_component id="oc-114">
         <name>.debug_info</name>
         <load_address>0xe4e4</load_address>
         <run_address>0xe4e4</run_address>
         <size>0x21f</size>
         <input_file_ref idref="fl-cc"/>
      </object_component>
      <object_component id="oc-b1">
         <name>.debug_info</name>
         <load_address>0xe703</load_address>
         <run_address>0xe703</run_address>
         <size>0x300</size>
         <input_file_ref idref="fl-cd"/>
      </object_component>
      <object_component id="oc-67">
         <name>.debug_info</name>
         <load_address>0xea03</load_address>
         <run_address>0xea03</run_address>
         <size>0x167</size>
         <input_file_ref idref="fl-cd"/>
      </object_component>
      <object_component id="oc-109">
         <name>.debug_info</name>
         <load_address>0xeb6a</load_address>
         <run_address>0xeb6a</run_address>
         <size>0x5e</size>
         <input_file_ref idref="fl-cd"/>
      </object_component>
      <object_component id="oc-af">
         <name>.debug_info</name>
         <load_address>0xebc8</load_address>
         <run_address>0xebc8</run_address>
         <size>0x483</size>
         <input_file_ref idref="fl-ce"/>
      </object_component>
      <object_component id="oc-61">
         <name>.debug_info</name>
         <load_address>0xf04b</load_address>
         <run_address>0xf04b</run_address>
         <size>0x190</size>
         <input_file_ref idref="fl-ce"/>
      </object_component>
      <object_component id="oc-fd">
         <name>.debug_info</name>
         <load_address>0xf1db</load_address>
         <run_address>0xf1db</run_address>
         <size>0x39</size>
         <input_file_ref idref="fl-ce"/>
      </object_component>
      <object_component id="oc-141">
         <name>.debug_info</name>
         <load_address>0xf214</load_address>
         <run_address>0xf214</run_address>
         <size>0x39</size>
         <input_file_ref idref="fl-ce"/>
      </object_component>
      <object_component id="oc-102">
         <name>.debug_info</name>
         <load_address>0xf24d</load_address>
         <run_address>0xf24d</run_address>
         <size>0xcd</size>
         <input_file_ref idref="fl-ce"/>
      </object_component>
      <object_component id="oc-f9">
         <name>.debug_info</name>
         <load_address>0xf31a</load_address>
         <run_address>0xf31a</run_address>
         <size>0x37a</size>
         <input_file_ref idref="fl-cf"/>
      </object_component>
      <object_component id="oc-a4">
         <name>.debug_info</name>
         <load_address>0xf694</load_address>
         <run_address>0xf694</run_address>
         <size>0x183</size>
         <input_file_ref idref="fl-cf"/>
      </object_component>
      <object_component id="oc-13c">
         <name>.debug_info</name>
         <load_address>0xf817</load_address>
         <run_address>0xf817</run_address>
         <size>0x2c</size>
         <input_file_ref idref="fl-cf"/>
      </object_component>
      <object_component id="oc-a9">
         <name>.debug_info</name>
         <load_address>0xf843</load_address>
         <run_address>0xf843</run_address>
         <size>0x145</size>
         <input_file_ref idref="fl-d0"/>
      </object_component>
      <object_component id="oc-186">
         <name>.debug_info</name>
         <load_address>0xf988</load_address>
         <run_address>0xf988</run_address>
         <size>0xa3</size>
      </object_component>
      <object_component id="oc-156">
         <name>.debug_line</name>
         <load_address>0x0</load_address>
         <run_address>0x0</run_address>
         <size>0x20</size>
         <input_file_ref idref="fl-2"/>
      </object_component>
      <object_component id="oc-eb">
         <name>.debug_line</name>
         <load_address>0x20</load_address>
         <run_address>0x20</run_address>
         <size>0x74</size>
         <input_file_ref idref="fl-2"/>
      </object_component>
      <object_component id="oc-e6">
         <name>.debug_line</name>
         <load_address>0x94</load_address>
         <run_address>0x94</run_address>
         <size>0xc4</size>
         <input_file_ref idref="fl-2"/>
      </object_component>
      <object_component id="oc-15a">
         <name>.debug_line</name>
         <load_address>0x158</load_address>
         <run_address>0x158</run_address>
         <size>0x52</size>
         <input_file_ref idref="fl-2"/>
      </object_component>
      <object_component id="oc-135">
         <name>.debug_line</name>
         <load_address>0x1aa</load_address>
         <run_address>0x1aa</run_address>
         <size>0x55</size>
         <input_file_ref idref="fl-2"/>
      </object_component>
      <object_component id="oc-39">
         <name>.debug_line</name>
         <load_address>0x1ff</load_address>
         <run_address>0x1ff</run_address>
         <size>0x20</size>
         <input_file_ref idref="fl-2"/>
      </object_component>
      <object_component id="oc-df">
         <name>.debug_line</name>
         <load_address>0x21f</load_address>
         <run_address>0x21f</run_address>
         <size>0x65</size>
         <input_file_ref idref="fl-2"/>
      </object_component>
      <object_component id="oc-14e">
         <name>.debug_line</name>
         <load_address>0x284</load_address>
         <run_address>0x284</run_address>
         <size>0x20</size>
         <input_file_ref idref="fl-3"/>
      </object_component>
      <object_component id="oc-14c">
         <name>.debug_line</name>
         <load_address>0x2a4</load_address>
         <run_address>0x2a4</run_address>
         <size>0x55</size>
         <input_file_ref idref="fl-3"/>
      </object_component>
      <object_component id="oc-c8">
         <name>.debug_line</name>
         <load_address>0x2f9</load_address>
         <run_address>0x2f9</run_address>
         <size>0x144</size>
         <input_file_ref idref="fl-3"/>
      </object_component>
      <object_component id="oc-130">
         <name>.debug_line</name>
         <load_address>0x43d</load_address>
         <run_address>0x43d</run_address>
         <size>0x52</size>
         <input_file_ref idref="fl-3"/>
      </object_component>
      <object_component id="oc-da">
         <name>.debug_line</name>
         <load_address>0x48f</load_address>
         <run_address>0x48f</run_address>
         <size>0x55</size>
         <input_file_ref idref="fl-3"/>
      </object_component>
      <object_component id="oc-154">
         <name>.debug_line</name>
         <load_address>0x4e4</load_address>
         <run_address>0x4e4</run_address>
         <size>0x20</size>
         <input_file_ref idref="fl-4"/>
      </object_component>
      <object_component id="oc-150">
         <name>.debug_line</name>
         <load_address>0x504</load_address>
         <run_address>0x504</run_address>
         <size>0x5a</size>
         <input_file_ref idref="fl-4"/>
      </object_component>
      <object_component id="oc-cb">
         <name>.debug_line</name>
         <load_address>0x55e</load_address>
         <run_address>0x55e</run_address>
         <size>0x136</size>
         <input_file_ref idref="fl-4"/>
      </object_component>
      <object_component id="oc-139">
         <name>.debug_line</name>
         <load_address>0x694</load_address>
         <run_address>0x694</run_address>
         <size>0x98</size>
         <input_file_ref idref="fl-5"/>
      </object_component>
      <object_component id="oc-85">
         <name>.debug_line</name>
         <load_address>0x72c</load_address>
         <run_address>0x72c</run_address>
         <size>0x76</size>
         <input_file_ref idref="fl-5"/>
      </object_component>
      <object_component id="oc-f5">
         <name>.debug_line</name>
         <load_address>0x7a2</load_address>
         <run_address>0x7a2</run_address>
         <size>0x40</size>
         <input_file_ref idref="fl-6"/>
      </object_component>
      <object_component id="oc-88">
         <name>.debug_line</name>
         <load_address>0x7e2</load_address>
         <run_address>0x7e2</run_address>
         <size>0x40</size>
         <input_file_ref idref="fl-6"/>
      </object_component>
      <object_component id="oc-7a">
         <name>.debug_line</name>
         <load_address>0x822</load_address>
         <run_address>0x822</run_address>
         <size>0x71</size>
         <input_file_ref idref="fl-6"/>
      </object_component>
      <object_component id="oc-14a">
         <name>.debug_line</name>
         <load_address>0x893</load_address>
         <run_address>0x893</run_address>
         <size>0x3b</size>
         <input_file_ref idref="fl-7"/>
      </object_component>
      <object_component id="oc-c1">
         <name>.debug_line</name>
         <load_address>0x8ce</load_address>
         <run_address>0x8ce</run_address>
         <size>0x159</size>
         <input_file_ref idref="fl-7"/>
      </object_component>
      <object_component id="oc-12c">
         <name>.debug_line</name>
         <load_address>0xa27</load_address>
         <run_address>0xa27</run_address>
         <size>0xc4</size>
         <input_file_ref idref="fl-8"/>
      </object_component>
      <object_component id="oc-12a">
         <name>.debug_line</name>
         <load_address>0xaeb</load_address>
         <run_address>0xaeb</run_address>
         <size>0x55</size>
         <input_file_ref idref="fl-8"/>
      </object_component>
      <object_component id="oc-7c">
         <name>.debug_line</name>
         <load_address>0xb40</load_address>
         <run_address>0xb40</run_address>
         <size>0x122</size>
         <input_file_ref idref="fl-8"/>
      </object_component>
      <object_component id="oc-27">
         <name>.debug_line</name>
         <load_address>0xc62</load_address>
         <run_address>0xc62</run_address>
         <size>0x53</size>
         <input_file_ref idref="fl-c2"/>
      </object_component>
      <object_component id="oc-f7">
         <name>.debug_line</name>
         <load_address>0xcb5</load_address>
         <run_address>0xcb5</run_address>
         <size>0x20</size>
         <input_file_ref idref="fl-c3"/>
      </object_component>
      <object_component id="oc-19">
         <name>.debug_line</name>
         <load_address>0xcd5</load_address>
         <run_address>0xcd5</run_address>
         <size>0xa9</size>
         <input_file_ref idref="fl-c3"/>
      </object_component>
      <object_component id="oc-34">
         <name>.debug_line</name>
         <load_address>0xd7e</load_address>
         <run_address>0xd7e</run_address>
         <size>0x3a</size>
         <input_file_ref idref="fl-c3"/>
      </object_component>
      <object_component id="oc-8d">
         <name>.debug_line</name>
         <load_address>0xdb8</load_address>
         <run_address>0xdb8</run_address>
         <size>0x8a</size>
         <input_file_ref idref="fl-c3"/>
      </object_component>
      <object_component id="oc-97">
         <name>.debug_line</name>
         <load_address>0xe42</load_address>
         <run_address>0xe42</run_address>
         <size>0x8a</size>
         <input_file_ref idref="fl-c4"/>
      </object_component>
      <object_component id="oc-1f">
         <name>.debug_line</name>
         <load_address>0xecc</load_address>
         <run_address>0xecc</run_address>
         <size>0x55</size>
         <input_file_ref idref="fl-c4"/>
      </object_component>
      <object_component id="oc-44">
         <name>.debug_line</name>
         <load_address>0xf21</load_address>
         <run_address>0xf21</run_address>
         <size>0x3a</size>
         <input_file_ref idref="fl-c4"/>
      </object_component>
      <object_component id="oc-94">
         <name>.debug_line</name>
         <load_address>0xf5b</load_address>
         <run_address>0xf5b</run_address>
         <size>0x8a</size>
         <input_file_ref idref="fl-c4"/>
      </object_component>
      <object_component id="oc-9f">
         <name>.debug_line</name>
         <load_address>0xfe5</load_address>
         <run_address>0xfe5</run_address>
         <size>0x8a</size>
         <input_file_ref idref="fl-c5"/>
      </object_component>
      <object_component id="oc-24">
         <name>.debug_line</name>
         <load_address>0x106f</load_address>
         <run_address>0x106f</run_address>
         <size>0x4f</size>
         <input_file_ref idref="fl-c5"/>
      </object_component>
      <object_component id="oc-50">
         <name>.debug_line</name>
         <load_address>0x10be</load_address>
         <run_address>0x10be</run_address>
         <size>0x34</size>
         <input_file_ref idref="fl-c5"/>
      </object_component>
      <object_component id="oc-9c">
         <name>.debug_line</name>
         <load_address>0x10f2</load_address>
         <run_address>0x10f2</run_address>
         <size>0x8a</size>
         <input_file_ref idref="fl-c5"/>
      </object_component>
      <object_component id="oc-11b">
         <name>.debug_line</name>
         <load_address>0x117c</load_address>
         <run_address>0x117c</run_address>
         <size>0xf2</size>
         <input_file_ref idref="fl-c6"/>
      </object_component>
      <object_component id="oc-10f">
         <name>.debug_line</name>
         <load_address>0x126e</load_address>
         <run_address>0x126e</run_address>
         <size>0x2a</size>
         <input_file_ref idref="fl-c6"/>
      </object_component>
      <object_component id="oc-6e">
         <name>.debug_line</name>
         <load_address>0x1298</load_address>
         <run_address>0x1298</run_address>
         <size>0x86</size>
         <input_file_ref idref="fl-c6"/>
      </object_component>
      <object_component id="oc-3f">
         <name>.debug_line</name>
         <load_address>0x131e</load_address>
         <run_address>0x131e</run_address>
         <size>0x88</size>
         <input_file_ref idref="fl-c7"/>
      </object_component>
      <object_component id="oc-4b">
         <name>.debug_line</name>
         <load_address>0x13a6</load_address>
         <run_address>0x13a6</run_address>
         <size>0x79</size>
         <input_file_ref idref="fl-c8"/>
      </object_component>
      <object_component id="oc-57">
         <name>.debug_line</name>
         <load_address>0x141f</load_address>
         <run_address>0x141f</run_address>
         <size>0x3d</size>
         <input_file_ref idref="fl-c9"/>
      </object_component>
      <object_component id="oc-5c">
         <name>.debug_line</name>
         <load_address>0x145c</load_address>
         <run_address>0x145c</run_address>
         <size>0x40</size>
         <input_file_ref idref="fl-ca"/>
      </object_component>
      <object_component id="oc-bc">
         <name>.debug_line</name>
         <load_address>0x149c</load_address>
         <run_address>0x149c</run_address>
         <size>0x33</size>
         <input_file_ref idref="fl-cb"/>
      </object_component>
      <object_component id="oc-148">
         <name>.debug_line</name>
         <load_address>0x14cf</load_address>
         <run_address>0x14cf</run_address>
         <size>0x20</size>
         <input_file_ref idref="fl-cc"/>
      </object_component>
      <object_component id="oc-117">
         <name>.debug_line</name>
         <load_address>0x14ef</load_address>
         <run_address>0x14ef</run_address>
         <size>0x2b</size>
         <input_file_ref idref="fl-cc"/>
      </object_component>
      <object_component id="oc-111">
         <name>.debug_line</name>
         <load_address>0x151a</load_address>
         <run_address>0x151a</run_address>
         <size>0x68</size>
         <input_file_ref idref="fl-cc"/>
      </object_component>
      <object_component id="oc-108">
         <name>.debug_line</name>
         <load_address>0x1582</load_address>
         <run_address>0x1582</run_address>
         <size>0x2b</size>
         <input_file_ref idref="fl-cd"/>
      </object_component>
      <object_component id="oc-6a">
         <name>.debug_line</name>
         <load_address>0x15ad</load_address>
         <run_address>0x15ad</run_address>
         <size>0x4a</size>
         <input_file_ref idref="fl-cd"/>
      </object_component>
      <object_component id="oc-10c">
         <name>.debug_line</name>
         <load_address>0x15f7</load_address>
         <run_address>0x15f7</run_address>
         <size>0x2b</size>
         <input_file_ref idref="fl-cd"/>
      </object_component>
      <object_component id="oc-fc">
         <name>.debug_line</name>
         <load_address>0x1622</load_address>
         <run_address>0x1622</run_address>
         <size>0xa9</size>
         <input_file_ref idref="fl-ce"/>
      </object_component>
      <object_component id="oc-60">
         <name>.debug_line</name>
         <load_address>0x16cb</load_address>
         <run_address>0x16cb</run_address>
         <size>0x8b</size>
         <input_file_ref idref="fl-ce"/>
      </object_component>
      <object_component id="oc-100">
         <name>.debug_line</name>
         <load_address>0x1756</load_address>
         <run_address>0x1756</run_address>
         <size>0x2e</size>
         <input_file_ref idref="fl-ce"/>
      </object_component>
      <object_component id="oc-144">
         <name>.debug_line</name>
         <load_address>0x1784</load_address>
         <run_address>0x1784</run_address>
         <size>0x8a</size>
         <input_file_ref idref="fl-ce"/>
      </object_component>
      <object_component id="oc-105">
         <name>.debug_line</name>
         <load_address>0x180e</load_address>
         <run_address>0x180e</run_address>
         <size>0x8b</size>
         <input_file_ref idref="fl-ce"/>
      </object_component>
      <object_component id="oc-13b">
         <name>.debug_line</name>
         <load_address>0x1899</load_address>
         <run_address>0x1899</run_address>
         <size>0x98</size>
         <input_file_ref idref="fl-cf"/>
      </object_component>
      <object_component id="oc-a3">
         <name>.debug_line</name>
         <load_address>0x1931</load_address>
         <run_address>0x1931</run_address>
         <size>0x68</size>
         <input_file_ref idref="fl-cf"/>
      </object_component>
      <object_component id="oc-13f">
         <name>.debug_line</name>
         <load_address>0x1999</load_address>
         <run_address>0x1999</run_address>
         <size>0x2e</size>
         <input_file_ref idref="fl-cf"/>
      </object_component>
      <object_component id="oc-ac">
         <name>.debug_line</name>
         <load_address>0x19c7</load_address>
         <run_address>0x19c7</run_address>
         <size>0x3c</size>
         <input_file_ref idref="fl-d0"/>
      </object_component>
      <object_component id="oc-ec">
         <name>.debug_frame</name>
         <load_address>0x0</load_address>
         <run_address>0x0</run_address>
         <size>0x58</size>
         <input_file_ref idref="fl-2"/>
      </object_component>
      <object_component id="oc-e5">
         <name>.debug_frame</name>
         <load_address>0x58</load_address>
         <run_address>0x58</run_address>
         <size>0x6c</size>
         <input_file_ref idref="fl-2"/>
      </object_component>
      <object_component id="oc-c9">
         <name>.debug_frame</name>
         <load_address>0xc4</load_address>
         <run_address>0xc4</run_address>
         <size>0xb8</size>
         <input_file_ref idref="fl-3"/>
      </object_component>
      <object_component id="oc-cc">
         <name>.debug_frame</name>
         <load_address>0x17c</load_address>
         <run_address>0x17c</run_address>
         <size>0xec</size>
         <input_file_ref idref="fl-4"/>
      </object_component>
      <object_component id="oc-86">
         <name>.debug_frame</name>
         <load_address>0x268</load_address>
         <run_address>0x268</run_address>
         <size>0x6c</size>
         <input_file_ref idref="fl-5"/>
      </object_component>
      <object_component id="oc-79">
         <name>.debug_frame</name>
         <load_address>0x2d4</load_address>
         <run_address>0x2d4</run_address>
         <size>0x6c</size>
         <input_file_ref idref="fl-6"/>
      </object_component>
      <object_component id="oc-c2">
         <name>.debug_frame</name>
         <load_address>0x340</load_address>
         <run_address>0x340</run_address>
         <size>0x70</size>
         <input_file_ref idref="fl-7"/>
      </object_component>
      <object_component id="oc-7d">
         <name>.debug_frame</name>
         <load_address>0x3b0</load_address>
         <run_address>0x3b0</run_address>
         <size>0xac</size>
         <input_file_ref idref="fl-8"/>
      </object_component>
      <object_component id="oc-18">
         <name>.debug_frame</name>
         <load_address>0x45c</load_address>
         <run_address>0x45c</run_address>
         <size>0x60</size>
         <input_file_ref idref="fl-c3"/>
      </object_component>
      <object_component id="oc-1e">
         <name>.debug_frame</name>
         <load_address>0x4bc</load_address>
         <run_address>0x4bc</run_address>
         <size>0x54</size>
         <input_file_ref idref="fl-c4"/>
      </object_component>
      <object_component id="oc-25">
         <name>.debug_frame</name>
         <load_address>0x510</load_address>
         <run_address>0x510</run_address>
         <size>0x54</size>
         <input_file_ref idref="fl-c5"/>
      </object_component>
      <object_component id="oc-6d">
         <name>.debug_frame</name>
         <load_address>0x564</load_address>
         <run_address>0x564</run_address>
         <size>0x88</size>
         <input_file_ref idref="fl-c6"/>
      </object_component>
      <object_component id="oc-58">
         <name>.debug_frame</name>
         <load_address>0x5ec</load_address>
         <run_address>0x5ec</run_address>
         <size>0x54</size>
         <input_file_ref idref="fl-c9"/>
      </object_component>
      <object_component id="oc-5b">
         <name>.debug_frame</name>
         <load_address>0x640</load_address>
         <run_address>0x640</run_address>
         <size>0x54</size>
         <input_file_ref idref="fl-ca"/>
      </object_component>
      <object_component id="oc-112">
         <name>.debug_frame</name>
         <load_address>0x694</load_address>
         <run_address>0x694</run_address>
         <size>0x7c</size>
         <input_file_ref idref="fl-cc"/>
      </object_component>
      <object_component id="oc-66">
         <name>.debug_frame</name>
         <load_address>0x710</load_address>
         <run_address>0x710</run_address>
         <size>0x54</size>
         <input_file_ref idref="fl-cd"/>
      </object_component>
      <object_component id="oc-64">
         <name>.debug_frame</name>
         <load_address>0x764</load_address>
         <run_address>0x764</run_address>
         <size>0x5c</size>
         <input_file_ref idref="fl-ce"/>
      </object_component>
      <object_component id="oc-a7">
         <name>.debug_frame</name>
         <load_address>0x7c0</load_address>
         <run_address>0x7c0</run_address>
         <size>0x60</size>
         <input_file_ref idref="fl-cf"/>
      </object_component>
      <object_component id="oc-ad">
         <name>.debug_frame</name>
         <load_address>0x820</load_address>
         <run_address>0x820</run_address>
         <size>0x54</size>
         <input_file_ref idref="fl-d0"/>
      </object_component>
      <object_component id="oc-155">
         <name>.debug_abbrev</name>
         <load_address>0x0</load_address>
         <run_address>0x0</run_address>
         <size>0x68</size>
         <input_file_ref idref="fl-2"/>
      </object_component>
      <object_component id="oc-ea">
         <name>.debug_abbrev</name>
         <load_address>0x68</load_address>
         <run_address>0x68</run_address>
         <size>0x6e</size>
         <input_file_ref idref="fl-2"/>
      </object_component>
      <object_component id="oc-137">
         <name>.debug_abbrev</name>
         <load_address>0xd6</load_address>
         <run_address>0xd6</run_address>
         <size>0x6c</size>
         <input_file_ref idref="fl-2"/>
      </object_component>
      <object_component id="oc-159">
         <name>.debug_abbrev</name>
         <load_address>0x142</load_address>
         <run_address>0x142</run_address>
         <size>0xbd</size>
         <input_file_ref idref="fl-2"/>
      </object_component>
      <object_component id="oc-134">
         <name>.debug_abbrev</name>
         <load_address>0x1ff</load_address>
         <run_address>0x1ff</run_address>
         <size>0x97</size>
         <input_file_ref idref="fl-2"/>
      </object_component>
      <object_component id="oc-38">
         <name>.debug_abbrev</name>
         <load_address>0x296</load_address>
         <run_address>0x296</run_address>
         <size>0x1f</size>
         <input_file_ref idref="fl-2"/>
      </object_component>
      <object_component id="oc-de">
         <name>.debug_abbrev</name>
         <load_address>0x2b5</load_address>
         <run_address>0x2b5</run_address>
         <size>0x35</size>
         <input_file_ref idref="fl-2"/>
      </object_component>
      <object_component id="oc-14d">
         <name>.debug_abbrev</name>
         <load_address>0x2ea</load_address>
         <run_address>0x2ea</run_address>
         <size>0x71</size>
         <input_file_ref idref="fl-3"/>
      </object_component>
      <object_component id="oc-14b">
         <name>.debug_abbrev</name>
         <load_address>0x35b</load_address>
         <run_address>0x35b</run_address>
         <size>0x27</size>
         <input_file_ref idref="fl-3"/>
      </object_component>
      <object_component id="oc-123">
         <name>.debug_abbrev</name>
         <load_address>0x382</load_address>
         <run_address>0x382</run_address>
         <size>0x9b</size>
         <input_file_ref idref="fl-3"/>
      </object_component>
      <object_component id="oc-12f">
         <name>.debug_abbrev</name>
         <load_address>0x41d</load_address>
         <run_address>0x41d</run_address>
         <size>0xbd</size>
         <input_file_ref idref="fl-3"/>
      </object_component>
      <object_component id="oc-d9">
         <name>.debug_abbrev</name>
         <load_address>0x4da</load_address>
         <run_address>0x4da</run_address>
         <size>0x81</size>
         <input_file_ref idref="fl-3"/>
      </object_component>
      <object_component id="oc-153">
         <name>.debug_abbrev</name>
         <load_address>0x55b</load_address>
         <run_address>0x55b</run_address>
         <size>0x68</size>
         <input_file_ref idref="fl-4"/>
      </object_component>
      <object_component id="oc-14f">
         <name>.debug_abbrev</name>
         <load_address>0x5c3</load_address>
         <run_address>0x5c3</run_address>
         <size>0x27</size>
         <input_file_ref idref="fl-4"/>
      </object_component>
      <object_component id="oc-128">
         <name>.debug_abbrev</name>
         <load_address>0x5ea</load_address>
         <run_address>0x5ea</run_address>
         <size>0xa9</size>
         <input_file_ref idref="fl-4"/>
      </object_component>
      <object_component id="oc-138">
         <name>.debug_abbrev</name>
         <load_address>0x693</load_address>
         <run_address>0x693</run_address>
         <size>0xd7</size>
         <input_file_ref idref="fl-5"/>
      </object_component>
      <object_component id="oc-f3">
         <name>.debug_abbrev</name>
         <load_address>0x76a</load_address>
         <run_address>0x76a</run_address>
         <size>0x9b</size>
         <input_file_ref idref="fl-5"/>
      </object_component>
      <object_component id="oc-f4">
         <name>.debug_abbrev</name>
         <load_address>0x805</load_address>
         <run_address>0x805</run_address>
         <size>0x73</size>
         <input_file_ref idref="fl-6"/>
      </object_component>
      <object_component id="oc-87">
         <name>.debug_abbrev</name>
         <load_address>0x878</load_address>
         <run_address>0x878</run_address>
         <size>0x29</size>
         <input_file_ref idref="fl-6"/>
      </object_component>
      <object_component id="oc-c3">
         <name>.debug_abbrev</name>
         <load_address>0x8a1</load_address>
         <run_address>0x8a1</run_address>
         <size>0x89</size>
         <input_file_ref idref="fl-6"/>
      </object_component>
      <object_component id="oc-149">
         <name>.debug_abbrev</name>
         <load_address>0x92a</load_address>
         <run_address>0x92a</run_address>
         <size>0x29</size>
         <input_file_ref idref="fl-7"/>
      </object_component>
      <object_component id="oc-11f">
         <name>.debug_abbrev</name>
         <load_address>0x953</load_address>
         <run_address>0x953</run_address>
         <size>0x8b</size>
         <input_file_ref idref="fl-7"/>
      </object_component>
      <object_component id="oc-12b">
         <name>.debug_abbrev</name>
         <load_address>0x9de</load_address>
         <run_address>0x9de</run_address>
         <size>0xbb</size>
         <input_file_ref idref="fl-8"/>
      </object_component>
      <object_component id="oc-129">
         <name>.debug_abbrev</name>
         <load_address>0xa99</load_address>
         <run_address>0xa99</run_address>
         <size>0x29</size>
         <input_file_ref idref="fl-8"/>
      </object_component>
      <object_component id="oc-d6">
         <name>.debug_abbrev</name>
         <load_address>0xac2</load_address>
         <run_address>0xac2</run_address>
         <size>0xb4</size>
         <input_file_ref idref="fl-8"/>
      </object_component>
      <object_component id="oc-74">
         <name>.debug_abbrev</name>
         <load_address>0xb76</load_address>
         <run_address>0xb76</run_address>
         <size>0x3e</size>
         <input_file_ref idref="fl-c2"/>
      </object_component>
      <object_component id="oc-f6">
         <name>.debug_abbrev</name>
         <load_address>0xbb4</load_address>
         <run_address>0xbb4</run_address>
         <size>0x37</size>
         <input_file_ref idref="fl-c3"/>
      </object_component>
      <object_component id="oc-30">
         <name>.debug_abbrev</name>
         <load_address>0xbeb</load_address>
         <run_address>0xbeb</run_address>
         <size>0x6f</size>
         <input_file_ref idref="fl-c3"/>
      </object_component>
      <object_component id="oc-33">
         <name>.debug_abbrev</name>
         <load_address>0xc5a</load_address>
         <run_address>0xc5a</run_address>
         <size>0x24</size>
         <input_file_ref idref="fl-c3"/>
      </object_component>
      <object_component id="oc-8c">
         <name>.debug_abbrev</name>
         <load_address>0xc7e</load_address>
         <run_address>0xc7e</run_address>
         <size>0x35</size>
         <input_file_ref idref="fl-c3"/>
      </object_component>
      <object_component id="oc-96">
         <name>.debug_abbrev</name>
         <load_address>0xcb3</load_address>
         <run_address>0xcb3</run_address>
         <size>0x5d</size>
         <input_file_ref idref="fl-c4"/>
      </object_component>
      <object_component id="oc-40">
         <name>.debug_abbrev</name>
         <load_address>0xd10</load_address>
         <run_address>0xd10</run_address>
         <size>0x74</size>
         <input_file_ref idref="fl-c4"/>
      </object_component>
      <object_component id="oc-43">
         <name>.debug_abbrev</name>
         <load_address>0xd84</load_address>
         <run_address>0xd84</run_address>
         <size>0x24</size>
         <input_file_ref idref="fl-c4"/>
      </object_component>
      <object_component id="oc-93">
         <name>.debug_abbrev</name>
         <load_address>0xda8</load_address>
         <run_address>0xda8</run_address>
         <size>0x24</size>
         <input_file_ref idref="fl-c4"/>
      </object_component>
      <object_component id="oc-9e">
         <name>.debug_abbrev</name>
         <load_address>0xdcc</load_address>
         <run_address>0xdcc</run_address>
         <size>0x5d</size>
         <input_file_ref idref="fl-c5"/>
      </object_component>
      <object_component id="oc-4c">
         <name>.debug_abbrev</name>
         <load_address>0xe29</load_address>
         <run_address>0xe29</run_address>
         <size>0x74</size>
         <input_file_ref idref="fl-c5"/>
      </object_component>
      <object_component id="oc-4f">
         <name>.debug_abbrev</name>
         <load_address>0xe9d</load_address>
         <run_address>0xe9d</run_address>
         <size>0x24</size>
         <input_file_ref idref="fl-c5"/>
      </object_component>
      <object_component id="oc-9b">
         <name>.debug_abbrev</name>
         <load_address>0xec1</load_address>
         <run_address>0xec1</run_address>
         <size>0x24</size>
         <input_file_ref idref="fl-c5"/>
      </object_component>
      <object_component id="oc-11a">
         <name>.debug_abbrev</name>
         <load_address>0xee5</load_address>
         <run_address>0xee5</run_address>
         <size>0xb3</size>
         <input_file_ref idref="fl-c6"/>
      </object_component>
      <object_component id="oc-10e">
         <name>.debug_abbrev</name>
         <load_address>0xf98</load_address>
         <run_address>0xf98</run_address>
         <size>0x29</size>
         <input_file_ref idref="fl-c6"/>
      </object_component>
      <object_component id="oc-b8">
         <name>.debug_abbrev</name>
         <load_address>0xfc1</load_address>
         <run_address>0xfc1</run_address>
         <size>0xba</size>
         <input_file_ref idref="fl-c6"/>
      </object_component>
      <object_component id="oc-90">
         <name>.debug_abbrev</name>
         <load_address>0x107b</load_address>
         <run_address>0x107b</run_address>
         <size>0x3e</size>
         <input_file_ref idref="fl-c7"/>
      </object_component>
      <object_component id="oc-98">
         <name>.debug_abbrev</name>
         <load_address>0x10b9</load_address>
         <run_address>0x10b9</run_address>
         <size>0x4f</size>
         <input_file_ref idref="fl-c8"/>
      </object_component>
      <object_component id="oc-a0">
         <name>.debug_abbrev</name>
         <load_address>0x1108</load_address>
         <run_address>0x1108</run_address>
         <size>0x53</size>
         <input_file_ref idref="fl-c9"/>
      </object_component>
      <object_component id="oc-a1">
         <name>.debug_abbrev</name>
         <load_address>0x115b</load_address>
         <run_address>0x115b</run_address>
         <size>0x55</size>
         <input_file_ref idref="fl-ca"/>
      </object_component>
      <object_component id="oc-bb">
         <name>.debug_abbrev</name>
         <load_address>0x11b0</load_address>
         <run_address>0x11b0</run_address>
         <size>0x27</size>
         <input_file_ref idref="fl-cb"/>
      </object_component>
      <object_component id="oc-147">
         <name>.debug_abbrev</name>
         <load_address>0x11d7</load_address>
         <run_address>0x11d7</run_address>
         <size>0x50</size>
         <input_file_ref idref="fl-cc"/>
      </object_component>
      <object_component id="oc-116">
         <name>.debug_abbrev</name>
         <load_address>0x1227</load_address>
         <run_address>0x1227</run_address>
         <size>0x29</size>
         <input_file_ref idref="fl-cc"/>
      </object_component>
      <object_component id="oc-146">
         <name>.debug_abbrev</name>
         <load_address>0x1250</load_address>
         <run_address>0x1250</run_address>
         <size>0x6f</size>
         <input_file_ref idref="fl-cc"/>
      </object_component>
      <object_component id="oc-107">
         <name>.debug_abbrev</name>
         <load_address>0x12bf</load_address>
         <run_address>0x12bf</run_address>
         <size>0x99</size>
         <input_file_ref idref="fl-cd"/>
      </object_component>
      <object_component id="oc-b0">
         <name>.debug_abbrev</name>
         <load_address>0x1358</load_address>
         <run_address>0x1358</run_address>
         <size>0x68</size>
         <input_file_ref idref="fl-cd"/>
      </object_component>
      <object_component id="oc-10b">
         <name>.debug_abbrev</name>
         <load_address>0x13c0</load_address>
         <run_address>0x13c0</run_address>
         <size>0x49</size>
         <input_file_ref idref="fl-cd"/>
      </object_component>
      <object_component id="oc-fb">
         <name>.debug_abbrev</name>
         <load_address>0x1409</load_address>
         <run_address>0x1409</run_address>
         <size>0xb9</size>
         <input_file_ref idref="fl-ce"/>
      </object_component>
      <object_component id="oc-ae">
         <name>.debug_abbrev</name>
         <load_address>0x14c2</load_address>
         <run_address>0x14c2</run_address>
         <size>0x7e</size>
         <input_file_ref idref="fl-ce"/>
      </object_component>
      <object_component id="oc-ff">
         <name>.debug_abbrev</name>
         <load_address>0x1540</load_address>
         <run_address>0x1540</run_address>
         <size>0x24</size>
         <input_file_ref idref="fl-ce"/>
      </object_component>
      <object_component id="oc-143">
         <name>.debug_abbrev</name>
         <load_address>0x1564</load_address>
         <run_address>0x1564</run_address>
         <size>0x24</size>
         <input_file_ref idref="fl-ce"/>
      </object_component>
      <object_component id="oc-104">
         <name>.debug_abbrev</name>
         <load_address>0x1588</load_address>
         <run_address>0x1588</run_address>
         <size>0x4b</size>
         <input_file_ref idref="fl-ce"/>
      </object_component>
      <object_component id="oc-13a">
         <name>.debug_abbrev</name>
         <load_address>0x15d3</load_address>
         <run_address>0x15d3</run_address>
         <size>0xa7</size>
         <input_file_ref idref="fl-cf"/>
      </object_component>
      <object_component id="oc-f8">
         <name>.debug_abbrev</name>
         <load_address>0x167a</load_address>
         <run_address>0x167a</run_address>
         <size>0x8c</size>
         <input_file_ref idref="fl-cf"/>
      </object_component>
      <object_component id="oc-13e">
         <name>.debug_abbrev</name>
         <load_address>0x1706</load_address>
         <run_address>0x1706</run_address>
         <size>0x24</size>
         <input_file_ref idref="fl-cf"/>
      </object_component>
      <object_component id="oc-fa">
         <name>.debug_abbrev</name>
         <load_address>0x172a</load_address>
         <run_address>0x172a</run_address>
         <size>0x53</size>
         <input_file_ref idref="fl-d0"/>
      </object_component>
      <object_component id="oc-187">
         <name>.debug_abbrev</name>
         <load_address>0x177d</load_address>
         <run_address>0x177d</run_address>
         <size>0xf</size>
      </object_component>
      <object_component id="oc-15b">
         <name>.debug_str</name>
         <load_address>0x0</load_address>
         <run_address>0x0</run_address>
         <size>0x15c4</size>
         <input_file_ref idref="fl-2"/>
      </object_component>
      <object_component id="oc-136">
         <name>.debug_str</name>
         <load_address>0x15c4</load_address>
         <run_address>0x15c4</run_address>
         <size>0x480</size>
         <input_file_ref idref="fl-2"/>
      </object_component>
      <object_component id="oc-3a">
         <name>.debug_str</name>
         <load_address>0x1a44</load_address>
         <run_address>0x1a44</run_address>
         <size>0xfa</size>
         <input_file_ref idref="fl-2"/>
      </object_component>
      <object_component id="oc-e0">
         <name>.debug_str</name>
         <load_address>0x1b3e</load_address>
         <run_address>0x1b3e</run_address>
         <size>0x21a</size>
         <input_file_ref idref="fl-2"/>
      </object_component>
      <object_component id="oc-131">
         <name>.debug_str</name>
         <load_address>0x1d58</load_address>
         <run_address>0x1d58</run_address>
         <size>0x15c4</size>
         <input_file_ref idref="fl-3"/>
      </object_component>
      <object_component id="oc-db">
         <name>.debug_str</name>
         <load_address>0x331c</load_address>
         <run_address>0x331c</run_address>
         <size>0x155</size>
         <input_file_ref idref="fl-3"/>
      </object_component>
      <object_component id="oc-35">
         <name>.debug_str</name>
         <load_address>0x3471</load_address>
         <run_address>0x3471</run_address>
         <size>0x10d</size>
         <input_file_ref idref="fl-c3"/>
      </object_component>
      <object_component id="oc-8e">
         <name>.debug_str</name>
         <load_address>0x357e</load_address>
         <run_address>0x357e</run_address>
         <size>0x14a</size>
         <input_file_ref idref="fl-c3"/>
      </object_component>
      <object_component id="oc-45">
         <name>.debug_str</name>
         <load_address>0x36c8</load_address>
         <run_address>0x36c8</run_address>
         <size>0x100</size>
         <input_file_ref idref="fl-c4"/>
      </object_component>
      <object_component id="oc-95">
         <name>.debug_str</name>
         <load_address>0x37c8</load_address>
         <run_address>0x37c8</run_address>
         <size>0x12d</size>
         <input_file_ref idref="fl-c4"/>
      </object_component>
      <object_component id="oc-51">
         <name>.debug_str</name>
         <load_address>0x38f5</load_address>
         <run_address>0x38f5</run_address>
         <size>0xfa</size>
         <input_file_ref idref="fl-c5"/>
      </object_component>
      <object_component id="oc-9d">
         <name>.debug_str</name>
         <load_address>0x39ef</load_address>
         <run_address>0x39ef</run_address>
         <size>0x12d</size>
         <input_file_ref idref="fl-c5"/>
      </object_component>
      <object_component id="oc-10d">
         <name>.debug_str</name>
         <load_address>0x3b1c</load_address>
         <run_address>0x3b1c</run_address>
         <size>0xd6</size>
         <input_file_ref idref="fl-cd"/>
      </object_component>
      <object_component id="oc-101">
         <name>.debug_str</name>
         <load_address>0x3bf2</load_address>
         <run_address>0x3bf2</run_address>
         <size>0xe2</size>
         <input_file_ref idref="fl-ce"/>
      </object_component>
      <object_component id="oc-145">
         <name>.debug_str</name>
         <load_address>0x3cd4</load_address>
         <run_address>0x3cd4</run_address>
         <size>0x138</size>
         <input_file_ref idref="fl-ce"/>
      </object_component>
      <object_component id="oc-106">
         <name>.debug_str</name>
         <load_address>0x3e0c</load_address>
         <run_address>0x3e0c</run_address>
         <size>0x184</size>
         <input_file_ref idref="fl-ce"/>
      </object_component>
      <object_component id="oc-140">
         <name>.debug_str</name>
         <load_address>0x3f90</load_address>
         <run_address>0x3f90</run_address>
         <size>0xd7</size>
         <input_file_ref idref="fl-cf"/>
      </object_component>
      <object_component id="oc-e9">
         <name>.debug_aranges</name>
         <load_address>0x0</load_address>
         <run_address>0x0</run_address>
         <size>0x20</size>
         <input_file_ref idref="fl-2"/>
      </object_component>
      <object_component id="oc-e3">
         <name>.debug_aranges</name>
         <load_address>0x20</load_address>
         <run_address>0x20</run_address>
         <size>0x28</size>
         <input_file_ref idref="fl-2"/>
      </object_component>
      <object_component id="oc-c6">
         <name>.debug_aranges</name>
         <load_address>0x48</load_address>
         <run_address>0x48</run_address>
         <size>0x40</size>
         <input_file_ref idref="fl-3"/>
      </object_component>
      <object_component id="oc-cf">
         <name>.debug_aranges</name>
         <load_address>0x88</load_address>
         <run_address>0x88</run_address>
         <size>0x50</size>
         <input_file_ref idref="fl-4"/>
      </object_component>
      <object_component id="oc-84">
         <name>.debug_aranges</name>
         <load_address>0xd8</load_address>
         <run_address>0xd8</run_address>
         <size>0x28</size>
         <input_file_ref idref="fl-5"/>
      </object_component>
      <object_component id="oc-78">
         <name>.debug_aranges</name>
         <load_address>0x100</load_address>
         <run_address>0x100</run_address>
         <size>0x28</size>
         <input_file_ref idref="fl-6"/>
      </object_component>
      <object_component id="oc-bf">
         <name>.debug_aranges</name>
         <load_address>0x128</load_address>
         <run_address>0x128</run_address>
         <size>0x28</size>
         <input_file_ref idref="fl-7"/>
      </object_component>
      <object_component id="oc-7e">
         <name>.debug_aranges</name>
         <load_address>0x150</load_address>
         <run_address>0x150</run_address>
         <size>0x38</size>
         <input_file_ref idref="fl-8"/>
      </object_component>
      <object_component id="oc-29">
         <name>.debug_aranges</name>
         <load_address>0x188</load_address>
         <run_address>0x188</run_address>
         <size>0x20</size>
         <input_file_ref idref="fl-c2"/>
      </object_component>
      <object_component id="oc-15">
         <name>.debug_aranges</name>
         <load_address>0x1a8</load_address>
         <run_address>0x1a8</run_address>
         <size>0x20</size>
         <input_file_ref idref="fl-c3"/>
      </object_component>
      <object_component id="oc-1c">
         <name>.debug_aranges</name>
         <load_address>0x1c8</load_address>
         <run_address>0x1c8</run_address>
         <size>0x20</size>
         <input_file_ref idref="fl-c4"/>
      </object_component>
      <object_component id="oc-22">
         <name>.debug_aranges</name>
         <load_address>0x1e8</load_address>
         <run_address>0x1e8</run_address>
         <size>0x20</size>
         <input_file_ref idref="fl-c5"/>
      </object_component>
      <object_component id="oc-6c">
         <name>.debug_aranges</name>
         <load_address>0x208</load_address>
         <run_address>0x208</run_address>
         <size>0x30</size>
         <input_file_ref idref="fl-c6"/>
      </object_component>
      <object_component id="oc-3d">
         <name>.debug_aranges</name>
         <load_address>0x238</load_address>
         <run_address>0x238</run_address>
         <size>0x20</size>
         <input_file_ref idref="fl-c7"/>
      </object_component>
      <object_component id="oc-4a">
         <name>.debug_aranges</name>
         <load_address>0x258</load_address>
         <run_address>0x258</run_address>
         <size>0x28</size>
         <input_file_ref idref="fl-c8"/>
      </object_component>
      <object_component id="oc-55">
         <name>.debug_aranges</name>
         <load_address>0x280</load_address>
         <run_address>0x280</run_address>
         <size>0x20</size>
         <input_file_ref idref="fl-c9"/>
      </object_component>
      <object_component id="oc-5a">
         <name>.debug_aranges</name>
         <load_address>0x2a0</load_address>
         <run_address>0x2a0</run_address>
         <size>0x20</size>
         <input_file_ref idref="fl-ca"/>
      </object_component>
      <object_component id="oc-113">
         <name>.debug_aranges</name>
         <load_address>0x2c0</load_address>
         <run_address>0x2c0</run_address>
         <size>0x30</size>
         <input_file_ref idref="fl-cc"/>
      </object_component>
      <object_component id="oc-68">
         <name>.debug_aranges</name>
         <load_address>0x2f0</load_address>
         <run_address>0x2f0</run_address>
         <size>0x20</size>
         <input_file_ref idref="fl-cd"/>
      </object_component>
      <object_component id="oc-62">
         <name>.debug_aranges</name>
         <load_address>0x310</load_address>
         <run_address>0x310</run_address>
         <size>0x20</size>
         <input_file_ref idref="fl-ce"/>
      </object_component>
      <object_component id="oc-a5">
         <name>.debug_aranges</name>
         <load_address>0x330</load_address>
         <run_address>0x330</run_address>
         <size>0x20</size>
         <input_file_ref idref="fl-cf"/>
      </object_component>
      <object_component id="oc-aa">
         <name>.debug_aranges</name>
         <load_address>0x350</load_address>
         <run_address>0x350</run_address>
         <size>0x20</size>
         <input_file_ref idref="fl-d0"/>
      </object_component>
      <object_component id="oc-ed">
         <name>.debug_pubnames</name>
         <load_address>0x0</load_address>
         <run_address>0x0</run_address>
         <size>0x1f</size>
         <input_file_ref idref="fl-2"/>
      </object_component>
      <object_component id="oc-e4">
         <name>.debug_pubnames</name>
         <load_address>0x1f</load_address>
         <run_address>0x1f</run_address>
         <size>0x2c</size>
         <input_file_ref idref="fl-2"/>
      </object_component>
      <object_component id="oc-122">
         <name>.debug_pubnames</name>
         <load_address>0x4b</load_address>
         <run_address>0x4b</run_address>
         <size>0x28</size>
         <input_file_ref idref="fl-3"/>
      </object_component>
      <object_component id="oc-c7">
         <name>.debug_pubnames</name>
         <load_address>0x73</load_address>
         <run_address>0x73</run_address>
         <size>0x56</size>
         <input_file_ref idref="fl-3"/>
      </object_component>
      <object_component id="oc-127">
         <name>.debug_pubnames</name>
         <load_address>0xc9</load_address>
         <run_address>0xc9</run_address>
         <size>0x28</size>
         <input_file_ref idref="fl-4"/>
      </object_component>
      <object_component id="oc-ce">
         <name>.debug_pubnames</name>
         <load_address>0xf1</load_address>
         <run_address>0xf1</run_address>
         <size>0x7a</size>
         <input_file_ref idref="fl-4"/>
      </object_component>
      <object_component id="oc-f0">
         <name>.debug_pubnames</name>
         <load_address>0x16b</load_address>
         <run_address>0x16b</run_address>
         <size>0x28</size>
         <input_file_ref idref="fl-5"/>
      </object_component>
      <object_component id="oc-83">
         <name>.debug_pubnames</name>
         <load_address>0x193</load_address>
         <run_address>0x193</run_address>
         <size>0x30</size>
         <input_file_ref idref="fl-5"/>
      </object_component>
      <object_component id="oc-2e">
         <name>.debug_pubnames</name>
         <load_address>0x1c3</load_address>
         <run_address>0x1c3</run_address>
         <size>0x27</size>
         <input_file_ref idref="fl-6"/>
      </object_component>
      <object_component id="oc-77">
         <name>.debug_pubnames</name>
         <load_address>0x1ea</load_address>
         <run_address>0x1ea</run_address>
         <size>0x38</size>
         <input_file_ref idref="fl-6"/>
      </object_component>
      <object_component id="oc-11e">
         <name>.debug_pubnames</name>
         <load_address>0x222</load_address>
         <run_address>0x222</run_address>
         <size>0x26</size>
         <input_file_ref idref="fl-7"/>
      </object_component>
      <object_component id="oc-c0">
         <name>.debug_pubnames</name>
         <load_address>0x248</load_address>
         <run_address>0x248</run_address>
         <size>0x3b</size>
         <input_file_ref idref="fl-7"/>
      </object_component>
      <object_component id="oc-d5">
         <name>.debug_pubnames</name>
         <load_address>0x283</load_address>
         <run_address>0x283</run_address>
         <size>0x1d</size>
         <input_file_ref idref="fl-8"/>
      </object_component>
      <object_component id="oc-d2">
         <name>.debug_pubnames</name>
         <load_address>0x2a0</load_address>
         <run_address>0x2a0</run_address>
         <size>0x1b</size>
[...]
               <size>0x200</size>
               <logical_group_ref idref="lg-11"/>
            </allocated_space>
         </usage_details>
      </memory_area>
      <memory_area display="yes" color="green">
         <name>SRAM_DATA</name>
         <page_id>0x0</page_id>
         <origin>0x20000000</origin>
         <length>0x10000</length>
         <used_space>0x27c</used_space>
         <unused_space>0xfd84</unused_space>
         <attributes>RW</attributes>
         <usage_details>
            <allocated_space>
               <start_address>0x20000000</start_address>
               <size>0x75</size>
               <logical_group_ref idref="lg-e"/>
            </allocated_space>
            <available_space>
               <start_address>0x20000075</start_address>
               <size>0x1</size>
            </available_space>
            <allocated_space>
               <start_address>0x20000076</start_address>
               <size>0x7</size>
               <logical_group_ref idref="lg-f"/>
            </allocated_space>
            <available_space>
               <start_address>0x2000007d</start_address>
               <size>0xfd83</size>
            </available_space>
            <allocated_space>
               <start_address>0x2000fe00</start_address>
               <size>0x200</size>
               <logical_group_ref idref="lg-11"/>
            </allocated_space>
         </usage_details>
      </memory_area>
   </placement_map>
   <cptbl_list>
      <cptbl>
         <name>__TI_cinit_table</name>
         <cprec>
            <name>.data</name>
            <load_address>0xf10</load_address>
            <load_size>0x3c</load_size>
            <run_address>0x20000000</run_address>
            <run_size>0x75</run_size>
            <compression>lzss</compression>
         </cprec>
         <cprec>
            <name>.bss</name>
            <load_address>0xf58</load_address>
            <load_size>0x8</load_size>
            <run_address>0x20000076</run_address>
            <run_size>0x7</run_size>
            <compression>zero_init</compression>
         </cprec>
      </cptbl>
   </cptbl_list>
   <handler_table>
      <handler_table_name>__TI_handler_table</handler_table_name>
      <handler>
         <index>0x0</index>
         <name>__TI_decompress_lzss</name>
      </handler>
      <handler>
         <index>0x1</index>
         <name>__TI_decompress_none</name>
      </handler>
      <handler>
         <index>0x2</index>
         <name>__TI_zero_init</name>
      </handler>
   </handler_table>
   <symbol_table>
      <symbol id="sm-1">
         <name>WDTCTL_SYM</name>
         <value>0x4000480c</value>
      </symbol>
      <symbol id="sm-2">
         <name>__TI_CINIT_Base</name>
         <value>0xf60</value>
      </symbol>
      <symbol id="sm-3">
         <name>__TI_CINIT_Limit</name>
         <value>0xf70</value>
      </symbol>
      <symbol id="sm-4">
         <name>__TI_Handler_Table_Base</name>
         <value>0xf4c</value>
      </symbol>
      <symbol id="sm-5">
         <name>__TI_Handler_Table_Limit</name>
         <value>0xf58</value>
      </symbol>
      <symbol id="sm-6">
         <name>binit</name>
         <value>0xffffffff</value>
      </symbol>
      <symbol id="sm-7">
         <name>__binit__</name>
         <value>0xffffffff</value>
      </symbol>
      <symbol id="sm-8">
         <name>__STACK_SIZE</name>
         <value>0x200</value>
      </symbol>
      <symbol id="sm-9">
         <name>__STACK_END</name>
         <value>0x20010000</value>
      </symbol>
      <symbol id="sm-a">
         <name>__c_args__</name>
         <value>0xffffffff</value>
      </symbol>
      <symbol id="sm-b">
         <name>__TI_pprof_out_hndl</name>
         <value>0xffffffff</value>
      </symbol>
      <symbol id="sm-c">
         <name>__TI_prof_data_start</name>
         <value>0xffffffff</value>
      </symbol>
      <symbol id="sm-d">
         <name>__TI_prof_data_size</name>
         <value>0xffffffff</value>
      </symbol>
      <symbol id="sm-6f">
         <name>delay_ms</name>
         <value>0xe91</value>
         <object_component_ref idref="oc-e7"/>
      </symbol>
      <symbol id="sm-70">
         <name>initClock</name>
         <value>0x82d</value>
         <object_component_ref idref="oc-e1"/>
      </symbol>
      <symbol id="sm-71">
         <name>set_DCO</name>
         <value>0x8ab</value>
         <object_component_ref idref="oc-e1"/>
      </symbol>
      <symbol id="sm-a0">
         <name>gpioToggle</name>
         <value>0x45d</value>
         <object_component_ref idref="oc-c4"/>
      </symbol>
      <symbol id="sm-a1">
         <name>gpio_init</name>
         <value>0x49f</value>
         <object_component_ref idref="oc-c4"/>
      </symbol>
      <symbol id="sm-a2">
         <name>gpioRead</name>
         <value>0x47f</value>
         <object_component_ref idref="oc-c4"/>
      </symbol>
      <symbol id="sm-a3">
         <name>gpioClear</name>
         <value>0x43b</value>
         <object_component_ref idref="oc-c4"/>
      </symbol>
      <symbol id="sm-a4">
         <name>gpioSet</name>
         <value>0x419</value>
         <object_component_ref idref="oc-c4"/>
      </symbol>
      <symbol id="sm-ca">
         <name>initExtInt</name>
         <value>0x991</value>
         <object_component_ref idref="oc-ca"/>
      </symbol>
      <symbol id="sm-cb">
         <name>readIFG</name>
         <value>0xa47</value>
         <object_component_ref idref="oc-ca"/>
      </symbol>
      <symbol id="sm-cc">
         <name>disableNVIC</name>
         <value>0xa9b</value>
         <object_component_ref idref="oc-ca"/>
      </symbol>
      <symbol id="sm-cd">
         <name>enableExtInt</name>
         <value>0x9cf</value>
         <object_component_ref idref="oc-ca"/>
      </symbol>
      <symbol id="sm-ce">
         <name>initNVIC</name>
         <value>0xa6d</value>
         <object_component_ref idref="oc-ca"/>
      </symbol>
      <symbol id="sm-cf">
         <name>disableExtInt</name>
         <value>0x9fb</value>
         <object_component_ref idref="oc-ca"/>
      </symbol>
      <symbol id="sm-d0">
         <name>writeIFG</name>
         <value>0xa21</value>
         <object_component_ref idref="oc-ca"/>
      </symbol>
      <symbol id="sm-f0">
         <name>flago</name>
         <value>0x2000007c</value>
      </symbol>
      <symbol id="sm-f1">
         <name>voltage</name>
         <value>0x2000007a</value>
      </symbol>
      <symbol id="sm-f2">
         <name>main</name>
         <value>0xadd</value>
         <object_component_ref idref="oc-81"/>
      </symbol>
      <symbol id="sm-f3">
         <name>ADC14_IRQHandler</name>
         <value>0xb55</value>
         <object_component_ref idref="oc-81"/>
      </symbol>
      <symbol id="sm-108">
         <name>Reset_Handler</name>
         <value>0xeef</value>
         <object_component_ref idref="oc-75"/>
      </symbol>
      <symbol id="sm-109">
         <name>Default_Handler</name>
         <value>0xefb</value>
         <object_component_ref idref="oc-75"/>
      </symbol>
      <symbol id="sm-10a">
         <name>interruptVectors</name>
         <value>0x0</value>
         <object_component_ref idref="oc-2c"/>
      </symbol>
      <symbol id="sm-152">
         <name>SystemInit</name>
         <value>0x35d</value>
         <object_component_ref idref="oc-bd"/>
      </symbol>
      <symbol id="sm-153">
         <name>SystemCoreClockUpdate</name>
         <value>0xe5</value>
         <object_component_ref idref="oc-bd"/>
      </symbol>
      <symbol id="sm-154">
         <name>SystemCoreClock</name>
         <value>0x20000070</value>
         <object_component_ref idref="oc-11c"/>
      </symbol>
      <symbol id="sm-182">
         <name>result</name>
         <value>0x20000078</value>
      </symbol>
      <symbol id="sm-183">
         <name>uartWrite</name>
         <value>0x6f1</value>
         <object_component_ref idref="oc-7b"/>
      </symbol>
      <symbol id="sm-184">
         <name>uartInit</name>
         <value>0x665</value>
         <object_component_ref idref="oc-7b"/>
      </symbol>
      <symbol id="sm-185">
         <name>EUSCIA0_IRQHandler</name>
         <value>0x7a3</value>
         <object_component_ref idref="oc-7b"/>
      </symbol>
      <symbol id="sm-186">
         <name>checkCR</name>
         <value>0x6c5</value>
         <object_component_ref idref="oc-7b"/>
      </symbol>
      <symbol id="sm-187">
         <name>flag</name>
         <value>0x20000074</value>
         <object_component_ref idref="oc-d0"/>
      </symbol>
      <symbol id="sm-198">
         <name>_c_int00</name>
         <value>0xd9d</value>
         <object_component_ref idref="oc-26"/>
      </symbol>
      <symbol id="sm-199">
         <name>__stack</name>
         <value>0x2000fe00</value>
         <object_component_ref idref="oc-2f"/>
      </symbol>
      <symbol id="sm-1b7">
         <name>__TI_decompress_lzss</name>
         <value>0xd35</value>
         <object_component_ref idref="oc-14"/>
      </symbol>
      <symbol id="sm-1ce">
         <name>__TI_decompress_none</name>
         <value>0xee1</value>
         <object_component_ref idref="oc-1a"/>
      </symbol>
      <symbol id="sm-1e5">
         <name>__TI_zero_init</name>
         <value>0xefd</value>
         <object_component_ref idref="oc-20"/>
      </symbol>
      <symbol id="sm-206">
         <name>C$$EXIT</name>
         <value>0xdf1</value>
         <object_component_ref idref="oc-6b"/>
      </symbol>
      <symbol id="sm-207">
         <name>abort</name>
         <value>0xdf5</value>
         <object_component_ref idref="oc-6b"/>
      </symbol>
      <symbol id="sm-208">
         <name>exit</name>
         <value>0xdfd</value>
         <object_component_ref idref="oc-6b"/>
      </symbol>
      <symbol id="sm-209">
         <name>__TI_dtors_ptr</name>
         <value>0x2000005c</value>
         <object_component_ref idref="oc-b2"/>
      </symbol>
      <symbol id="sm-20a">
         <name>__TI_cleanup_ptr</name>
         <value>0x20000058</value>
         <object_component_ref idref="oc-b2"/>
      </symbol>
      <symbol id="sm-20b">
         <name>__TI_enable_exit_profile_output</name>
         <value>0x20000060</value>
         <object_component_ref idref="oc-b2"/>
      </symbol>
      <symbol id="sm-226">
         <name>memcpy</name>
         <value>0xbad</value>
         <object_component_ref idref="oc-3b"/>
      </symbol>
      <symbol id="sm-227">
         <name>__aeabi_memcpy</name>
         <value>0xbad</value>
         <object_component_ref idref="oc-3b"/>
      </symbol>
      <symbol id="sm-228">
         <name>__aeabi_memcpy8</name>
         <value>0xbad</value>
         <object_component_ref idref="oc-3b"/>
      </symbol>
      <symbol id="sm-229">
         <name>__aeabi_memcpy4</name>
         <value>0xbad</value>
         <object_component_ref idref="oc-3b"/>
      </symbol>
      <symbol id="sm-238">
         <name>__aeabi_memset</name>
         <value>0xc4b</value>
         <object_component_ref idref="oc-47"/>
      </symbol>
      <symbol id="sm-239">
         <name>memset</name>
         <value>0xc51</value>
         <object_component_ref idref="oc-47"/>
      </symbol>
      <symbol id="sm-23a">
         <name>__aeabi_memset8</name>
         <value>0xc4b</value>
         <object_component_ref idref="oc-47"/>
      </symbol>
      <symbol id="sm-23b">
         <name>__aeabi_memset4</name>
         <value>0xc4b</value>
         <object_component_ref idref="oc-47"/>
      </symbol>
      <symbol id="sm-23c">
         <name>__aeabi_memclr8</name>
         <value>0xc49</value>
         <object_component_ref idref="oc-47"/>
      </symbol>
      <symbol id="sm-23d">
         <name>__aeabi_memclr4</name>
         <value>0xc49</value>
         <object_component_ref idref="oc-47"/>
      </symbol>
      <symbol id="sm-23e">
         <name>__aeabi_memclr</name>
         <value>0xc49</value>
         <object_component_ref idref="oc-47"/>
      </symbol>
      <symbol id="sm-248">
         <name>__mpu_init</name>
         <value>0xcc3</value>
         <object_component_ref idref="oc-53"/>
      </symbol>
      <symbol id="sm-252">
         <name>_system_pre_init</name>
         <value>0xf09</value>
         <object_component_ref idref="oc-59"/>
      </symbol>
      <symbol id="sm-25a">
         <name>main_func_sp</name>
         <value>0x2000006c</value>
         <object_component_ref idref="oc-71"/>
      </symbol>
      <symbol id="sm-273">
         <name>_nop</name>
         <value>0xedb</value>
         <object_component_ref idref="oc-110"/>
      </symbol>
      <symbol id="sm-274">
         <name>_lock</name>
         <value>0x20000064</value>
         <object_component_ref idref="oc-b5"/>
      </symbol>
      <symbol id="sm-275">
         <name>_unlock</name>
         <value>0x20000068</value>
         <object_component_ref idref="oc-b5"/>
      </symbol>
      <symbol id="sm-276">
         <name>_register_lock</name>
         <value>0xed3</value>
         <object_component_ref idref="oc-110"/>
      </symbol>
      <symbol id="sm-277">
         <name>_register_unlock</name>
         <value>0xecd</value>
         <object_component_ref idref="oc-110"/>
      </symbol>
      <symbol id="sm-28b">
         <name>_args_main</name>
         <value>0xeb5</value>
         <object_component_ref idref="oc-65"/>
      </symbol>
      <symbol id="sm-2b5">
         <name>__TI_auto_init</name>
         <value>0xcc5</value>
         <object_component_ref idref="oc-5f"/>
      </symbol>
      <symbol id="sm-2cf">
         <name>copy_in</name>
         <value>0xe45</value>
         <object_component_ref idref="oc-a2"/>
      </symbol>
      <symbol id="sm-2d9">
         <name>_system_post_cinit</name>
         <value>0xf0d</value>
         <object_component_ref idref="oc-a8"/>
      </symbol>
      <symbol id="sm-2da">
         <name>__TI_static_base__</name>
         <value>0x0</value>
      </symbol>
      <symbol id="sm-2dd">
         <name>SHT$$INIT_ARRAY$$Limit</name>
         <value>0x0</value>
      </symbol>
      <symbol id="sm-2de">
         <name>SHT$$INIT_ARRAY$$Base</name>
         <value>0x0</value>
      </symbol>
      <symbol id="sm-2df">
         <name>NMI_Handler</name>
         <value>0xefb</value>
      </symbol>
      <symbol id="sm-2e0">
         <name>HardFault_Handler</name>
         <value>0xefb</value>
      </symbol>
      <symbol id="sm-2e1">
         <name>MemManage_Handler</name>
         <value>0xefb</value>
      </symbol>
      <symbol id="sm-2e2">
         <name>BusFault_Handler</name>
         <value>0xefb</value>
      </symbol>
      <symbol id="sm-2e3">
         <name>UsageFault_Handler</name>
         <value>0xefb</value>
      </symbol>
      <symbol id="sm-2e4">
         <name>SVC_Handler</name>
         <value>0xefb</value>
      </symbol>
      <symbol id="sm-2e5">
         <name>DebugMon_Handler</name>
         <value>0xefb</value>
      </symbol>
      <symbol id="sm-2e6">
         <name>PendSV_Handler</name>
         <value>0xefb</value>
      </symbol>
      <symbol id="sm-2e7">
         <name>SysTick_Handler</name>
         <value>0xefb</value>
      </symbol>
      <symbol id="sm-2e8">
         <name>PSS_IRQHandler</name>
         <value>0xefb</value>
      </symbol>
      <symbol id="sm-2e9">
         <name>CS_IRQHandler</name>
         <value>0xefb</value>
      </symbol>
      <symbol id="sm-2ea">
         <name>PCM_IRQHandler</name>
         <value>0xefb</value>
      </symbol>
      <symbol id="sm-2eb">
         <name>WDT_A_IRQHandler</name>
         <value>0xefb</value>
      </symbol>
      <symbol id="sm-2ec">
         <name>FPU_IRQHandler</name>
         <value>0xefb</value>
      </symbol>
      <symbol id="sm-2ed">
         <name>FLCTL_IRQHandler</name>
         <value>0xefb</value>
      </symbol>
      <symbol id="sm-2ee">
         <name>COMP_E0_IRQHandler</name>
         <value>0xefb</value>
      </symbol>
      <symbol id="sm-2ef">
         <name>COMP_E1_IRQHandler</name>
         <value>0xefb</value>
      </symbol>
      <symbol id="sm-2f0">
         <name>TA0_0_IRQHandler</name>
         <value>0xefb</value>
      </symbol>
      <symbol id="sm-2f1">
         <name>TA0_N_IRQHandler</name>
         <value>0xefb</value>
      </symbol>
      <symbol id="sm-2f2">
         <name>TA1_0_IRQHandler</name>
         <value>0xefb</value>
      </symbol>
      <symbol id="sm-2f3">
         <name>TA1_N_IRQHandler</name>
         <value>0xefb</value>
      </symbol>
      <symbol id="sm-2f4">
         <name>TA2_0_IRQHandler</name>
         <value>0xefb</value>
      </symbol>
      <symbol id="sm-2f5">
         <name>TA2_N_IRQHandler</name>
         <value>0xefb</value>
      </symbol>
      <symbol id="sm-2f6">
         <name>TA3_0_IRQHandler</name>
         <value>0xefb</value>
      </symbol>
      <symbol id="sm-2f7">
         <name>TA3_N_IRQHandler</name>
         <value>0xefb</value>
      </symbol>
      <symbol id="sm-2f8">
         <name>EUSCIA0_IRQHandler</name>
         <value>0x7a3</value>
      </symbol>
      <symbol id="sm-2f9">
         <name>EUSCIA1_IRQHandler</name>
         <value>0xefb</value>
      </symbol>
      <symbol id="sm-2fa">
         <name>EUSCIA2_IRQHandler</name>
         <value>0xefb</value>
      </symbol>
      <symbol id="sm-2fb">
         <name>EUSCIA3_IRQHandler</name>
         <value>0xefb</value>
      </symbol>
      <symbol id="sm-2fc">
         <name>EUSCIB0_IRQHandler</name>
         <value>0xefb</value>
      </symbol>
      <symbol id="sm-2fd">
         <name>EUSCIB1_IRQHandler</name>
         <value>0xefb</value>
      </symbol>
      <symbol id="sm-2fe">
         <name>EUSCIB2_IRQHandler</name>
         <value>0xefb</value>
      </symbol>
      <symbol id="sm-2ff">
         <name>EUSCIB3_IRQHandler</name>
         <value>0xefb</value>
      </symbol>
      <symbol id="sm-300">
         <name>ADC14_IRQHandler</name>
         <value>0xb55</value>
      </symbol>
      <symbol id="sm-301">
         <name>T32_INT1_IRQHandler</name>
         <value>0xefb</value>
      </symbol>
      <symbol id="sm-302">
         <name>T32_INT2_IRQHandler</name>
         <value>0xefb</value>
      </symbol>
      <symbol id="sm-303">
         <name>T32_INTC_IRQHandler</name>
         <value>0xefb</value>
      </symbol>
      <symbol id="sm-304">
         <name>AES256_IRQHandler</name>
         <value>0xefb</value>
      </symbol>
      <symbol id="sm-305">
         <name>RTC_C_IRQHandler</name>
         <value>0xefb</value>
      </symbol>
      <symbol id="sm-306">
         <name>DMA_ERR_IRQHandler</name>
         <value>0xefb</value>
      </symbol>
      <symbol id="sm-307">
         <name>DMA_INT3_IRQHandler</name>
         <value>0xefb</value>
      </symbol>
      <symbol id="sm-308">
         <name>DMA_INT2_IRQHandler</name>
         <value>0xefb</value>
      </symbol>
      <symbol id="sm-309">
         <name>DMA_INT1_IRQHandler</name>
         <value>0xefb</value>
      </symbol>
      <symbol id="sm-30a">
         <name>DMA_INT0_IRQHandler</name>
         <value>0xefb</value>
      </symbol>
      <symbol id="sm-30b">
         <name>PORT1_IRQHandler</name>
         <value>0xefb</value>
      </symbol>
      <symbol id="sm-30c">
         <name>PORT2_IRQHandler</name>
         <value>0xefb</value>
      </symbol>
      <symbol id="sm-30d">
         <name>PORT3_IRQHandler</name>
         <value>0xefb</value>
      </symbol>
      <symbol id="sm-30e">
         <name>PORT4_IRQHandler</name>
         <value>0xefb</value>
      </symbol>
      <symbol id="sm-30f">
         <name>PORT5_IRQHandler</name>
         <value>0xefb</value>
      </symbol>
      <symbol id="sm-310">
         <name>PORT6_IRQHandler</name>
         <value>0xefb</value>
      </symbol>
   </symbol_table>
   <title>Link successful</title>
</link_info>
