******************************************************************************
                  TI ARM Linker PC v16.9.7                     
******************************************************************************
>> Linked Fri May 18 21:37:20 2018

OUTPUT FILE NAME:   <CPE329-A9.out>
ENTRY POINT SYMBOL: "_c_int00"  address: 00000ddd


MEMORY CONFIGURATION

         name            origin    length      used     unused   attr    fill
----------------------  --------  ---------  --------  --------  ----  --------
  MAIN                  00000000   00040000  00000fc2  0003f03e  R  X
  INFO                  00200000   00004000  00000000  00004000  R  X
  SRAM_CODE             01000000   00010000  0000027d  0000fd83  RW X
  SRAM_DATA             20000000   00010000  0000027d  0000fd83  RW  


SEGMENT ALLOCATION MAP

run origin  load origin   length   init length attrs members
----------  ----------- ---------- ----------- ----- -------
00000000    00000000    00000fc8   00000fc8    r-x
  00000000    00000000    000000e4   000000e4    r-- .intvecs
  000000e4    000000e4    00000e7e   00000e7e    r-x .text
  00000f68    00000f68    00000060   00000060    r-- .cinit
20000000    20000000    0000007f   00000000    rw-
  20000000    20000000    00000076   00000000    rw- .data
  20000078    20000078    00000007   00000000    rw- .bss
2000fe00    2000fe00    00000200   00000000    rw-
  2000fe00    2000fe00    00000200   00000000    rw- .stack


SECTION ALLOCATION MAP

 output                                  attributes/
section   page    origin      length       input sections
--------  ----  ----------  ----------   ----------------
.intvecs   0    00000000    000000e4     
                  00000000    000000e4     startup_msp432p401r_ccs.obj (.intvecs:retain)

.binit     0    00000000    00000000     

.text      0    000000e4    00000e7e     
                  000000e4    00000334     system_msp432p401r.obj (.text)
                  00000418    0000024c     gpio.obj (.text)
                  00000664    00000204     uart.obj (.text)
                  00000868    00000164     delay.obj (.text)
                  000009cc    0000014c     interrupt.obj (.text)
                  00000b18    000000d4     main.obj (.text)
                  00000bec    0000009c     rtsv7M4_T_le_v4SPD16_eabi.lib : memcpy_t2.obj (.text)
                  00000c88    0000007a                                   : memset_t2.obj (.text)
                  00000d02    00000002                                   : mpu_init.obj (.text)
                  00000d04    00000070                                   : autoinit.obj (.text)
                  00000d74    00000068                                   : copy_decompress_lzss.obj (.text:decompress:lzss)
                  00000ddc    00000054                                   : boot.obj (.text)
                  00000e30    00000054                                   : exit.obj (.text)
                  00000e84    0000004c                                   : cpy_tbl.obj (.text)
                  00000ed0    00000024     delay.obj (.text:delay_ms)
                  00000ef4    00000018     rtsv7M4_T_le_v4SPD16_eabi.lib : args_main.obj (.text)
                  00000f0c    00000014                                   : _lock.obj (.text)
                  00000f20    00000014                                   : strlen.obj (.text)
                  00000f34    0000000e                                   : copy_decompress_none.obj (.text:decompress:none)
                  00000f42    0000000e     startup_msp432p401r_ccs.obj (.text)
                  00000f50    0000000c     rtsv7M4_T_le_v4SPD16_eabi.lib : copy_zero_init.obj (.text:decompress:ZI)
                  00000f5c    00000004                                   : pre_init.obj (.text)
                  00000f60    00000002                                   : startup.obj (.text)

.cinit     0    00000f68    00000060     
                  00000f68    0000003c     (.cinit..data.load) [load image, compression = lzss]
                  00000fa4    0000000c     (__TI_handler_table)
                  00000fb0    00000008     (.cinit..bss.load) [load image, compression = zero_init]
                  00000fb8    00000010     (__TI_cinit_table)

.init_array 
*          0    00000000    00000000     UNINITIALIZED

.data      0    20000000    00000076     UNINITIALIZED
                  20000000    0000002c     gpio.obj (.data:GPIO_PORT_TO_BASE)
                  2000002c    0000002c     interrupt.obj (.data:GPIO_PORT_TO_BASE)
                  20000058    0000000c     rtsv7M4_T_le_v4SPD16_eabi.lib : exit.obj (.data:$O1$$)
                  20000064    00000008                                   : _lock.obj (.data:$O1$$)
                  2000006c    00000004                                   : stkdepth_vars.obj (.data)
                  20000070    00000004     system_msp432p401r.obj (.data)
                  20000074    00000002     uart.obj (.data)

.bss       0    20000078    00000007     UNINITIALIZED
                  20000078    00000004     (.common:voltage)
                  2000007c    00000002     main.obj (.bss)
                  2000007e    00000001     (.common:flago)

.stack     0    2000fe00    00000200     UNINITIALIZED
                  2000fe00    00000200     --HOLE--

MODULE SUMMARY

       Module                        code   ro data   rw data
       ------                        ----   -------   -------
    .\
       system_msp432p401r.obj        820    0         8      
       gpio.obj                      588    0         88     
       uart.obj                      516    0         4      
       interrupt.obj                 332    0         88     
       delay.obj                     392    0         0      
       startup_msp432p401r_ccs.obj   14     228       0      
       main.obj                      212    0         14     
    +--+-----------------------------+------+---------+---------+
       Total:                        2874   228       202    
                                                             
    C:\ti\ccsv7\tools\compiler\ti-cgt-arm_16.9.7.LTS\lib\rtsv7M4_T_le_v4SPD16_eabi.lib
       memcpy_t2.obj                 156    0         0      
       memset_t2.obj                 122    0         0      
       autoinit.obj                  112    0         0      
       exit.obj                      84     0         24     
       copy_decompress_lzss.obj      104    0         0      
       boot.obj                      84     0         0      
       cpy_tbl.obj                   76     0         0      
       _lock.obj                     20     0         16     
       args_main.obj                 24     0         0      
       strlen.obj                    20     0         0      
       copy_decompress_none.obj      14     0         0      
       copy_zero_init.obj            12     0         0      
       stkdepth_vars.obj             0      0         8      
       pre_init.obj                  4      0         0      
       mpu_init.obj                  2      0         0      
       startup.obj                   2      0         0      
    +--+-----------------------------+------+---------+---------+
       Total:                        836    0         48     
                                                             
       Stack:                        0      0         1024   
       Linker Generated:             0      96        0      
    +--+-----------------------------+------+---------+---------+
       Grand Total:                  3710   324       1274   


LINKER GENERATED COPY TABLES

__TI_cinit_table @ 00000fb8 records: 2, size/record: 8, table size: 16
	.data: load addr=00000f68, load size=0000003c bytes, run addr=20000000, run size=00000076 bytes, compression=lzss
	.bss: load addr=00000fb0, load size=00000008 bytes, run addr=20000078, run size=00000007 bytes, compression=zero_init


LINKER GENERATED HANDLER TABLE

__TI_handler_table @ 00000fa4 records: 3, size/record: 4, table size: 12
	index: 0, handler: __TI_decompress_lzss
	index: 1, handler: __TI_decompress_none
	index: 2, handler: __TI_zero_init


GLOBAL SYMBOLS: SORTED ALPHABETICALLY BY Name 

address   name                           
-------   ----                           
00000b8d  ADC14_IRQHandler               
00000b8d  ADC14_IRQHandler               
00000f4f  AES256_IRQHandler              
00000f4f  BusFault_Handler               
00000e31  C$$EXIT                        
00000f4f  COMP_E0_IRQHandler             
00000f4f  COMP_E1_IRQHandler             
00000f4f  CS_IRQHandler                  
00000f4f  DMA_ERR_IRQHandler             
00000f4f  DMA_INT0_IRQHandler            
00000f4f  DMA_INT1_IRQHandler            
00000f4f  DMA_INT2_IRQHandler            
00000f4f  DMA_INT3_IRQHandler            
00000f4f  DebugMon_Handler               
00000f4f  Default_Handler                
000007a7  EUSCIA0_IRQHandler             
000007a7  EUSCIA0_IRQHandler             
00000f4f  EUSCIA1_IRQHandler             
00000f4f  EUSCIA2_IRQHandler             
00000f4f  EUSCIA3_IRQHandler             
00000f4f  EUSCIB0_IRQHandler             
00000f4f  EUSCIB1_IRQHandler             
00000f4f  EUSCIB2_IRQHandler             
00000f4f  EUSCIB3_IRQHandler             
00000f4f  FLCTL_IRQHandler               
00000f4f  FPU_IRQHandler                 
00000f4f  HardFault_Handler              
00000f4f  MemManage_Handler              
00000f4f  NMI_Handler                    
00000f4f  PCM_IRQHandler                 
00000f4f  PORT1_IRQHandler               
00000f4f  PORT2_IRQHandler               
00000f4f  PORT3_IRQHandler               
00000f4f  PORT4_IRQHandler               
00000f4f  PORT5_IRQHandler               
00000f4f  PORT6_IRQHandler               
00000f4f  PSS_IRQHandler                 
00000f4f  PendSV_Handler                 
00000f4f  RTC_C_IRQHandler               
00000f43  Reset_Handler                  
UNDEFED   SHT$$INIT_ARRAY$$Base          
UNDEFED   SHT$$INIT_ARRAY$$Limit         
00000f4f  SVC_Handler                    
00000f4f  SysTick_Handler                
20000070  SystemCoreClock                
000000e5  SystemCoreClockUpdate          
0000035d  SystemInit                     
00000f4f  T32_INT1_IRQHandler            
00000f4f  T32_INT2_IRQHandler            
00000f4f  T32_INTC_IRQHandler            
00000f4f  TA0_0_IRQHandler               
00000f4f  TA0_N_IRQHandler               
00000f4f  TA1_0_IRQHandler               
00000f4f  TA1_N_IRQHandler               
00000f4f  TA2_0_IRQHandler               
00000f4f  TA2_N_IRQHandler               
00000f4f  TA3_0_IRQHandler               
00000f4f  TA3_N_IRQHandler               
00000f4f  UsageFault_Handler             
4000480c  WDTCTL_SYM                     
00000f4f  WDT_A_IRQHandler               
20010000  __STACK_END                    
00000200  __STACK_SIZE                   
00000fb8  __TI_CINIT_Base                
00000fc8  __TI_CINIT_Limit               
00000fa4  __TI_Handler_Table_Base        
00000fb0  __TI_Handler_Table_Limit       
00000d05  __TI_auto_init                 
20000058  __TI_cleanup_ptr               
00000d75  __TI_decompress_lzss           
00000f35  __TI_decompress_none           
2000005c  __TI_dtors_ptr                 
20000060  __TI_enable_exit_profile_output
ffffffff  __TI_pprof_out_hndl            
ffffffff  __TI_prof_data_size            
ffffffff  __TI_prof_data_start           
00000000  __TI_static_base__             
00000f51  __TI_zero_init                 
00000c89  __aeabi_memclr                 
00000c89  __aeabi_memclr4                
00000c89  __aeabi_memclr8                
00000bed  __aeabi_memcpy                 
00000bed  __aeabi_memcpy4                
00000bed  __aeabi_memcpy8                
00000c8b  __aeabi_memset                 
00000c8b  __aeabi_memset4                
00000c8b  __aeabi_memset8                
ffffffff  __binit__                      
ffffffff  __c_args__                     
00000d03  __mpu_init                     
2000fe00  __stack                        
00000ef5  _args_main                     
00000ddd  _c_int00                       
20000064  _lock                          
00000f1b  _nop                           
00000f13  _register_lock                 
00000f0d  _register_unlock               
00000f61  _system_post_cinit             
00000f5d  _system_pre_init               
20000068  _unlock                        
00000e35  abort                          
ffffffff  binit                          
000006c5  checkCR                        
00000e85  copy_in                        
00000ed1  delay_ms                       
00000a37  disableExtInt                  
00000ad7  disableNVIC                    
00000a0b  enableExtInt                   
00000e3d  exit                           
2000007e  flago                          
000007ff  fputc                          
00000811  fputs                          
0000043b  gpioClear                      
0000047f  gpioRead                       
00000419  gpioSet                        
0000045d  gpioToggle                     
0000049f  gpio_init                      
00000869  initClock                      
000009cd  initExtInt                     
00000aa9  initNVIC                       
00000000  interruptVectors               
00000b19  main                           
2000006c  main_func_sp                   
00000bed  memcpy                         
00000c91  memset                         
00000a83  readIFG                        
000008e7  set_DCO                        
00000f21  strlen                         
00000665  uartInit                       
000006d9  uartWrite                      
0000078b  uartWriteByte                  
20000074  uartflag                       
20000078  voltage                        
00000a5d  writeIFG                       


GLOBAL SYMBOLS: SORTED BY Symbol Address 

address   name                           
-------   ----                           
00000000  __TI_static_base__             
00000000  interruptVectors               
000000e5  SystemCoreClockUpdate          
00000200  __STACK_SIZE                   
0000035d  SystemInit                     
00000419  gpioSet                        
0000043b  gpioClear                      
0000045d  gpioToggle                     
0000047f  gpioRead                       
0000049f  gpio_init                      
00000665  uartInit                       
000006c5  checkCR                        
000006d9  uartWrite                      
0000078b  uartWriteByte                  
000007a7  EUSCIA0_IRQHandler             
000007a7  EUSCIA0_IRQHandler             
000007ff  fputc                          
00000811  fputs                          
00000869  initClock                      
000008e7  set_DCO                        
000009cd  initExtInt                     
00000a0b  enableExtInt                   
00000a37  disableExtInt                  
00000a5d  writeIFG                       
00000a83  readIFG                        
00000aa9  initNVIC                       
00000ad7  disableNVIC                    
00000b19  main                           
00000b8d  ADC14_IRQHandler               
00000b8d  ADC14_IRQHandler               
00000bed  __aeabi_memcpy                 
00000bed  __aeabi_memcpy4                
00000bed  __aeabi_memcpy8                
00000bed  memcpy                         
00000c89  __aeabi_memclr                 
00000c89  __aeabi_memclr4                
00000c89  __aeabi_memclr8                
00000c8b  __aeabi_memset                 
00000c8b  __aeabi_memset4                
00000c8b  __aeabi_memset8                
00000c91  memset                         
00000d03  __mpu_init                     
00000d05  __TI_auto_init                 
00000d75  __TI_decompress_lzss           
00000ddd  _c_int00                       
00000e31  C$$EXIT                        
00000e35  abort                          
00000e3d  exit                           
00000e85  copy_in                        
00000ed1  delay_ms                       
00000ef5  _args_main                     
00000f0d  _register_unlock               
00000f13  _register_lock                 
00000f1b  _nop                           
00000f21  strlen                         
00000f35  __TI_decompress_none           
00000f43  Reset_Handler                  
00000f4f  AES256_IRQHandler              
00000f4f  BusFault_Handler               
00000f4f  COMP_E0_IRQHandler             
00000f4f  COMP_E1_IRQHandler             
00000f4f  CS_IRQHandler                  
00000f4f  DMA_ERR_IRQHandler             
00000f4f  DMA_INT0_IRQHandler            
00000f4f  DMA_INT1_IRQHandler            
00000f4f  DMA_INT2_IRQHandler            
00000f4f  DMA_INT3_IRQHandler            
00000f4f  DebugMon_Handler               
00000f4f  Default_Handler                
00000f4f  EUSCIA1_IRQHandler             
00000f4f  EUSCIA2_IRQHandler             
00000f4f  EUSCIA3_IRQHandler             
00000f4f  EUSCIB0_IRQHandler             
00000f4f  EUSCIB1_IRQHandler             
00000f4f  EUSCIB2_IRQHandler             
00000f4f  EUSCIB3_IRQHandler             
00000f4f  FLCTL_IRQHandler               
00000f4f  FPU_IRQHandler                 
00000f4f  HardFault_Handler              
00000f4f  MemManage_Handler              
00000f4f  NMI_Handler                    
00000f4f  PCM_IRQHandler                 
00000f4f  PORT1_IRQHandler               
00000f4f  PORT2_IRQHandler               
00000f4f  PORT3_IRQHandler               
00000f4f  PORT4_IRQHandler               
00000f4f  PORT5_IRQHandler               
00000f4f  PORT6_IRQHandler               
00000f4f  PSS_IRQHandler                 
00000f4f  PendSV_Handler                 
00000f4f  RTC_C_IRQHandler               
00000f4f  SVC_Handler                    
00000f4f  SysTick_Handler                
00000f4f  T32_INT1_IRQHandler            
00000f4f  T32_INT2_IRQHandler            
00000f4f  T32_INTC_IRQHandler            
00000f4f  TA0_0_IRQHandler               
00000f4f  TA0_N_IRQHandler               
00000f4f  TA1_0_IRQHandler               
00000f4f  TA1_N_IRQHandler               
00000f4f  TA2_0_IRQHandler               
00000f4f  TA2_N_IRQHandler               
00000f4f  TA3_0_IRQHandler               
00000f4f  TA3_N_IRQHandler               
00000f4f  UsageFault_Handler             
00000f4f  WDT_A_IRQHandler               
00000f51  __TI_zero_init                 
00000f5d  _system_pre_init               
00000f61  _system_post_cinit             
00000fa4  __TI_Handler_Table_Base        
00000fb0  __TI_Handler_Table_Limit       
00000fb8  __TI_CINIT_Base                
00000fc8  __TI_CINIT_Limit               
20000058  __TI_cleanup_ptr               
2000005c  __TI_dtors_ptr                 
20000060  __TI_enable_exit_profile_output
20000064  _lock                          
20000068  _unlock                        
2000006c  main_func_sp                   
20000070  SystemCoreClock                
20000074  uartflag                       
20000078  voltage                        
2000007e  flago                          
2000fe00  __stack                        
20010000  __STACK_END                    
4000480c  WDTCTL_SYM                     
ffffffff  __TI_pprof_out_hndl            
ffffffff  __TI_prof_data_size            
ffffffff  __TI_prof_data_start           
ffffffff  __binit__                      
ffffffff  __c_args__                     
ffffffff  binit                          
UNDEFED   SHT$$INIT_ARRAY$$Base          
UNDEFED   SHT$$INIT_ARRAY$$Limit         

[134 symbols]
